Archive member included to satisfy reference by file (symbol)

C:/devkitPro/libctru/lib\libsfil.a(sfil_png.o)
                              graphics.o (sfil_load_PNG_file)
C:/devkitPro/libctru/lib\libsf2d.a(sf2d.o)
                              graphics.o (sf2d_init)
C:/devkitPro/libctru/lib\libsf2d.a(sf2d_draw.o)
                              graphics.o (sf2d_draw_rectangle)
C:/devkitPro/libctru/lib\libsf2d.a(sf2d_texture.o)
                              C:/devkitPro/libctru/lib\libsfil.a(sfil_png.o) (sf2d_create_texture)
C:/devkitPro/libctru/lib\libsf2d.a(shader.shbin.o)
                              C:/devkitPro/libctru/lib\libsf2d.a(sf2d.o) (shader_shbin)
C:/devkitPro/portlibs/3ds/lib\libpng.a(png.o)
                              C:/devkitPro/libctru/lib\libsfil.a(sfil_png.o) (png_set_sig_bytes)
C:/devkitPro/portlibs/3ds/lib\libpng.a(pngerror.o)
                              C:/devkitPro/portlibs/3ds/lib\libpng.a(png.o) (png_safecat)
C:/devkitPro/portlibs/3ds/lib\libpng.a(pngget.o)
                              C:/devkitPro/libctru/lib\libsfil.a(sfil_png.o) (png_get_valid)
C:/devkitPro/portlibs/3ds/lib\libpng.a(pngmem.o)
                              C:/devkitPro/portlibs/3ds/lib\libpng.a(png.o) (png_calloc)
C:/devkitPro/portlibs/3ds/lib\libpng.a(pngread.o)
                              C:/devkitPro/libctru/lib\libsfil.a(sfil_png.o) (png_create_read_struct)
C:/devkitPro/portlibs/3ds/lib\libpng.a(pngrio.o)
                              C:/devkitPro/libctru/lib\libsfil.a(sfil_png.o) (png_set_read_fn)
C:/devkitPro/portlibs/3ds/lib\libpng.a(pngrtran.o)
                              C:/devkitPro/portlibs/3ds/lib\libpng.a(pngread.o) (png_set_background_fixed)
C:/devkitPro/portlibs/3ds/lib\libpng.a(pngrutil.o)
                              C:/devkitPro/portlibs/3ds/lib\libpng.a(pngread.o) (png_read_sig)
C:/devkitPro/portlibs/3ds/lib\libpng.a(pngset.o)
                              C:/devkitPro/portlibs/3ds/lib\libpng.a(pngrutil.o) (png_set_bKGD)
C:/devkitPro/portlibs/3ds/lib\libpng.a(pngtrans.o)
                              C:/devkitPro/portlibs/3ds/lib\libpng.a(pngread.o) (png_set_bgr)
C:/devkitPro/portlibs/3ds/lib\libpng.a(pngwrite.o)
                              C:/devkitPro/portlibs/3ds/lib\libpng.a(png.o) (png_destroy_write_struct)
C:/devkitPro/portlibs/3ds/lib\libpng.a(pngwtran.o)
                              C:/devkitPro/portlibs/3ds/lib\libpng.a(pngwrite.o) (png_do_write_transformations)
C:/devkitPro/portlibs/3ds/lib\libpng.a(pngwutil.o)
                              C:/devkitPro/portlibs/3ds/lib\libpng.a(png.o) (png_save_uint_32)
C:/devkitPro/portlibs/3ds/lib\libpng.a(pngwio.o)
                              C:/devkitPro/portlibs/3ds/lib\libpng.a(pngwutil.o) (png_write_data)
C:/devkitPro/portlibs/3ds/lib\libz.a(adler32.o)
                              C:/devkitPro/portlibs/3ds/lib\libpng.a(png.o) (adler32)
C:/devkitPro/portlibs/3ds/lib\libz.a(crc32.o)
                              C:/devkitPro/portlibs/3ds/lib\libpng.a(png.o) (crc32)
C:/devkitPro/portlibs/3ds/lib\libz.a(deflate.o)
                              C:/devkitPro/portlibs/3ds/lib\libpng.a(pngwutil.o) (deflateReset)
C:/devkitPro/portlibs/3ds/lib\libz.a(inflate.o)
                              C:/devkitPro/portlibs/3ds/lib\libpng.a(png.o) (inflateReset)
C:/devkitPro/portlibs/3ds/lib\libz.a(inftrees.o)
                              C:/devkitPro/portlibs/3ds/lib\libz.a(inflate.o) (inflate_table)
C:/devkitPro/portlibs/3ds/lib\libz.a(trees.o)
                              C:/devkitPro/portlibs/3ds/lib\libz.a(deflate.o) (_length_code)
C:/devkitPro/portlibs/3ds/lib\libz.a(zutil.o)
                              C:/devkitPro/portlibs/3ds/lib\libz.a(deflate.o) (z_errmsg)
C:/devkitPro/portlibs/3ds/lib\libz.a(inffast.o)
                              C:/devkitPro/portlibs/3ds/lib\libz.a(inflate.o) (inflate_fast)
C:/devkitPro/libctru/lib\libcitro3d.a(attribs.o)
                              C:/devkitPro/libctru/lib\libsf2d.a(sf2d_draw.o) (AttrInfo_Init)
C:/devkitPro/libctru/lib\libcitro3d.a(base.o)
                              C:/devkitPro/libctru/lib\libcitro3d.a(attribs.o) (__C3D_Context)
C:/devkitPro/libctru/lib\libcitro3d.a(buffers.o)
                              C:/devkitPro/libctru/lib\libsf2d.a(sf2d_draw.o) (BufInfo_Init)
C:/devkitPro/libctru/lib\libcitro3d.a(drawArrays.o)
                              C:/devkitPro/libctru/lib\libsf2d.a(sf2d_draw.o) (C3D_DrawArrays)
C:/devkitPro/libctru/lib\libcitro3d.a(effect.o)
                              C:/devkitPro/libctru/lib\libcitro3d.a(base.o) (C3D_DepthMap)
C:/devkitPro/libctru/lib\libcitro3d.a(framebuffer.o)
                              C:/devkitPro/libctru/lib\libcitro3d.a(base.o) (C3Di_FrameBufBind)
C:/devkitPro/libctru/lib\libcitro3d.a(immediate.o)
                              C:/devkitPro/libctru/lib\libcitro3d.a(base.o) (C3D_ImmSendAttrib)
C:/devkitPro/libctru/lib\libcitro3d.a(renderqueue.o)
[...]
Memory Configuration

Name             Origin             Length             Attributes
*default*        0x00000000         0xffffffff

Linker script and memory map

                0x00100000                        PROVIDE (__start__ = 0x100000)
                0x00100000                        . = __start__

.text           0x00100000    0x3c5dc
 *(.crt0)
 .crt0          0x00100000       0x94 C:/devkitPro/devkitARM/bin/../lib/gcc/arm-none-eabi/13.2.0/../../../../arm-none-eabi/lib/armv6k/fpu/3dsx_crt0.o
                0x00100000                _start
                0x00100008                __service_ptr
                0x0010000c                __apt_appid
                0x00100010                __heap_size
                0x00100014                __linear_heap_size
                0x00100018                __system_arglist
                0x0010001c                __system_runflags
 *(.init)
 .init          0x00100094        0xc C:/devkitPro/devkitARM/bin/../lib/gcc/arm-none-eabi/13.2.0/armv6k/fpu/crti.o
                0x00100094                _init
 .init          0x001000a0        0xc C:/devkitPro/devkitARM/bin/../lib/gcc/arm-none-eabi/13.2.0/armv6k/fpu/crtn.o
                0x001000ac                        . = ALIGN (0x4)
 *(.text)
 .text          0x001000ac     0x19c4 graphics.o
                0x001000ac                render_grid_blocks
                0x001009f8                render_frames
                0x00100a84                render_frame
                0x00100a9c                load_textures
                0x00101120                graphics_init
                0x0010113c                graphics_parse_config
                0x00101974                render_block
                0x00101988                graphics_fini
 .text          0x00101a70      0x3f4 main.o
                0x00101a70                tetris_control
 .text          0x00101e64      0x20c C:/devkitPro/devkitARM/bin/../lib/gcc/arm-none-eabi/13.2.0/armv6k/fpu\libgcc.a(_udivsi3.o)
                0x00101e64                __aeabi_uidiv
                0x00101e64                __udivsi3
                0x00102050                __aeabi_uidivmod
 .text          0x00102070      0x240 C:/devkitPro/devkitARM/bin/../lib/gcc/arm-none-eabi/13.2.0/armv6k/fpu\libgcc.a(_divsi3.o)
                0x00102070                __divsi3
                0x00102070                __aeabi_idiv
                0x00102290                __aeabi_idivmod
 .text          0x001022b0        0x4 C:/devkitPro/devkitARM/bin/../lib/gcc/arm-none-eabi/13.2.0/armv6k/fpu\libgcc.a(_dvmd_tls.o)
                0x001022b0                __aeabi_idiv0
                0x001022b0                __aeabi_ldiv0
 .text          0x001022b4      0x3c0 C:/devkitPro/devkitARM/bin/../lib/gcc/arm-none-eabi/13.2.0/armv6k/fpu\libgcc.a(_arm_addsubdf3.o)
                0x001022b4                __aeabi_drsub
                0x001022bc                __aeabi_dsub
                0x001022bc                __subdf3
                0x001022c0                __aeabi_dadd
                0x001022c0                __adddf3
                0x0010256c                __floatunsidf
                0x0010256c                __aeabi_ui2d
                0x00102590                __floatsidf
                0x00102590                __aeabi_i2d
                0x001025b8                __aeabi_f2d
                0x001025b8                __extendsfdf2
                0x00102600                __floatundidf
                0x00102600                __aeabi_ul2d
                0x00102614                __floatdidf
                0x00102614                __aeabi_l2d
 .text          0x00102674      0x250 C:/devkitPro/devkitARM/bin/../lib/gcc/arm-none-eabi/13.2.0/armv6k/fpu\libgcc.a(_arm_addsubsf3.o)
                0x00102674                __aeabi_frsub
                0x0010267c                __subsf3
                0x0010267c                __aeabi_fsub
                0x00102680                __aeabi_fadd
                0x00102680                __addsf3
                0x00102810                __aeabi_ui2f
                0x00102810                __floatunsisf
                0x00102818                __aeabi_i2f
                0x00102818                __floatsisf
                0x00102838                __aeabi_ul2f
                0x00102838                __floatundisf
                0x00102848                __aeabi_l2f
                0x00102848                __floatdisf
 .text          0x001028c4       0xd4 C:/devkitPro/devkitARM/bin/../lib/gcc/arm-none-eabi/13.2.0/armv6k/fpu\libgcc.a(_aeabi_ldivmod.o)
                0x001028c4                __aeabi_ldivmod
 .text          0x00102998       0x3c C:/devkitPro/devkitARM/bin/../lib/gcc/arm-none-eabi/13.2.0/armv6k/fpu\libgcc.a(_aeabi_uldivmod.o)
                0x00102998                __aeabi_uldivmod
 .text          0x001029d4       0x34 C:/devkitPro/devkitARM/bin/../lib/gcc/arm-none-eabi/13.2.0/../../../../arm-none-eabi/lib/armv6k/fpu\libg.a(libc_a-setjmp.o)
                0x001029d4                setjmp
                0x001029ec                longjmp
 *fill*         0x00102a08       0x18 
 .text          0x00102a20      0x390 C:/devkitPro/devkitARM/bin/../lib/gcc/arm-none-eabi/13.2.0/../../../../arm-none-eabi/lib/armv6k/fpu\libg.a(libc_a-strcmp.o)
                0x00102a28                strcmp
 .text          0x00102db0      0x1a8 C:/devkitPro/devkitARM/bin/../lib/gcc/arm-none-eabi/13.2.0/armv6k/fpu\libgcc.a(libunwind.o)
                0x00102db0                __restore_core_regs
                0x00102db0                restore_core_regs
                0x00102dc4                __gnu_Unwind_Restore_VFP
                0x00102dcc                __gnu_Unwind_Save_VFP
                0x00102dd4                __gnu_Unwind_Restore_VFP_D
                0x00102ddc                __gnu_Unwind_Save_VFP_D
                0x00102de4                __gnu_Unwind_Restore_VFP_D_16_to_31
                0x00102dec                __gnu_Unwind_Save_VFP_D_16_to_31
                0x00102df4                __gnu_Unwind_Restore_WMMXD
                0x00102e38                __gnu_Unwind_Save_WMMXD
                0x00102e7c                __gnu_Unwind_Restore_WMMXC
                0x00102e90                __gnu_Unwind_Save_WMMXC
                0x00102ea4                ___Unwind_RaiseException
                0x00102ea4                _Unwind_RaiseException
                0x00102ec8                _Unwind_Resume
                0x00102ec8                ___Unwind_Resume
                0x00102eec                _Unwind_Resume_or_Rethrow
                0x00102eec                ___Unwind_Resume_or_Rethrow
                0x00102f10                _Unwind_ForcedUnwind
                0x00102f10                ___Unwind_ForcedUnwind
                0x00102f34                ___Unwind_Backtrace
                0x00102f34                _Unwind_Backtrace
 *(.text.*)
 .text.__do_global_dtors_aux
                0x00102f58       0x40 C:/devkitPro/devkitARM/bin/../lib/gcc/arm-none-eabi/13.2.0/armv6k/fpu/crtbegin.o
 .text.frame_dummy
                0x00102f98       0x2c C:/devkitPro/devkitARM/bin/../lib/gcc/arm-none-eabi/13.2.0/armv6k/fpu/crtbegin.o
 .text.startup  0x00102fc4      0x1a0 main.o
                0x00102fc4                main
 .text._sfil_read_png_file_fn
                0x00103164       0x28 C:/devkitPro/libctru/lib\libsfil.a(sfil_png.o)
 .text._sfil_load_PNG_generic
                0x0010318c      0x2e4 C:/devkitPro/libctru/lib\libsfil.a(sfil_png.o)
 .text.sfil_load_PNG_file
                0x00103470       0x9c C:/devkitPro/libctru/lib\libsfil.a(sfil_png.o)
                0x00103470                sfil_load_PNG_file
 .text.sf2d_init_advanced.part.0
                0x0010350c      0x1e0 C:/devkitPro/libctru/lib\libsf2d.a(sf2d.o)
 .text.sf2d_init
                0x001036ec       0x28 C:/devkitPro/libctru/lib\libsf2d.a(sf2d.o)
                0x001036ec                sf2d_init
 .text.sf2d_fini
                0x00103714       0x48 C:/devkitPro/libctru/lib\libsf2d.a(sf2d.o)
                0x00103714                sf2d_fini
 .text.sf2d_start_frame_target
                0x0010375c       0x94 C:/devkitPro/libctru/lib\libsf2d.a(sf2d.o)
                0x0010375c                sf2d_start_frame_target
 .text.sf2d_start_frame
                0x001037f0       0x38 C:/devkitPro/libctru/lib\libsf2d.a(sf2d.o)
                0x001037f0                sf2d_start_frame
 .text.sf2d_end_frame
                0x00103828        0x4 C:/devkitPro/libctru/lib\libsf2d.a(sf2d.o)
                0x00103828                sf2d_end_frame
 .text.sf2d_swapbuffers
                0x0010382c       0x98 C:/devkitPro/libctru/lib\libsf2d.a(sf2d.o)
                0x0010382c                sf2d_swapbuffers
 .text.sf2d_pool_memalign
                0x001038c4       0x3c C:/devkitPro/libctru/lib\libsf2d.a(sf2d.o)
                0x001038c4                sf2d_pool_memalign
 .text.sf2d_set_clear_color
                0x00103900       0x38 C:/devkitPro/libctru/lib\libsf2d.a(sf2d.o)
                0x00103900                sf2d_set_clear_color
 .text.sf2d_setup_env_internal
                0x00103938       0xa8 C:/devkitPro/libctru/lib\libsf2d.a(sf2d_draw.o)
                0x00103938                sf2d_setup_env_internal
 .text.sf2d_draw_rectangle
                0x001039e0       0xc4 C:/devkitPro/libctru/lib\libsf2d.a(sf2d_draw.o)
                0x001039e0                sf2d_draw_rectangle
 .text.sf2d_create_texture
                0x00103aa4      0x13c C:/devkitPro/libctru/lib\libsf2d.a(sf2d_texture.o)
                0x00103aa4                sf2d_create_texture
 .text.sf2d_create_rendertarget
                0x00103be0       0x8c C:/devkitPro/libctru/lib\libsf2d.a(sf2d_texture.o)
                0x00103be0                sf2d_create_rendertarget
 .text.sf2d_free_texture
                0x00103c6c       0x1c C:/devkitPro/libctru/lib\libsf2d.a(sf2d_texture.o)
                0x00103c6c                sf2d_free_texture
 .text.sf2d_clear_target
                0x00103c88       0x18 C:/devkitPro/libctru/lib\libsf2d.a(sf2d_texture.o)
                0x00103c88                sf2d_clear_target
 .text.sf2d_draw_texture
                0x00103ca0      0x19c C:/devkitPro/libctru/lib\libsf2d.a(sf2d_texture.o)
                0x00103ca0                sf2d_draw_texture
 .text.sf2d_texture_tile32
                0x00103e3c      0x108 C:/devkitPro/libctru/lib\libsf2d.a(sf2d_texture.o)
                0x00103e3c                sf2d_texture_tile32
 .text.png_colorspace_endpoints_match
                0x00103f44      0x114 C:/devkitPro/portlibs/3ds/lib\libpng.a(png.o)
 .text.png_zalloc
                0x00104058       0x4c C:/devkitPro/portlibs/3ds/lib\libpng.a(png.o)
                0x00104058                png_zalloc
 .text.png_zfree
                0x001040a4        0x4 C:/devkitPro/portlibs/3ds/lib\libpng.a(png.o)
                0x001040a4                png_zfree
 .text.png_colorspace_set_xy_and_XYZ
                0x001040a8      0x100 C:/devkitPro/portlibs/3ds/lib\libpng.a(png.o)
 .text.png_compare_ICC_profile_with_sRGB
                0x001041a8      0x198 C:/devkitPro/portlibs/3ds/lib\libpng.a(png.o)
 .text.png_build_16bit_table
                0x00104340      0x18c C:/devkitPro/portlibs/3ds/lib\libpng.a(png.o)
 .text.png_free_data.part.0
                0x001044cc      0x4e0 C:/devkitPro/portlibs/3ds/lib\libpng.a(png.o)
 *fill*         0x001049ac        0x4 
 .text.png_muldiv.part.0
                0x001049b0       0xb8 C:/devkitPro/portlibs/3ds/lib\libpng.a(png.o)
 .text.png_gamma_8bit_correct.part.0
                0x00104a68       0x70 C:/devkitPro/portlibs/3ds/lib\libpng.a(png.o)
 .text.png_build_8bit_table
                0x00104ad8       0x88 C:/devkitPro/portlibs/3ds/lib\libpng.a(png.o)
 .text.png_gamma_16bit_correct.part.0
                0x00104b60       0x68 C:/devkitPro/portlibs/3ds/lib\libpng.a(png.o)
 .text.png_icc_profile_error
                0x00104bc8      0x1c4 C:/devkitPro/portlibs/3ds/lib\libpng.a(png.o)
 *fill*         0x00104d8c        0x4 
 .text.png_colorspace_check_gamma
                0x00104d90      0x10c C:/devkitPro/portlibs/3ds/lib\libpng.a(png.o)
 *fill*         0x00104e9c        0x4 
 .text.png_xy_from_XYZ
                0x00104ea0      0x3b8 C:/devkitPro/portlibs/3ds/lib\libpng.a(png.o)
 .text.png_set_sig_bytes
                0x00105258       0x40 C:/devkitPro/portlibs/3ds/lib\libpng.a(png.o)
                0x00105258                png_set_sig_bytes
 .text.png_sig_cmp
                0x00105298       0x6c C:/devkitPro/portlibs/3ds/lib\libpng.a(png.o)
                0x00105298                png_sig_cmp
 .text.png_reset_crc
                0x00105304       0x20 C:/devkitPro/portlibs/3ds/lib\libpng.a(png.o)
                0x00105304                png_reset_crc
 .text.png_calculate_crc
                0x00105324       0x50 C:/devkitPro/portlibs/3ds/lib\libpng.a(png.o)
                0x00105324                png_calculate_crc
 .text.png_user_version_check
                0x00105374       0xf8 C:/devkitPro/portlibs/3ds/lib\libpng.a(png.o)
                0x00105374                png_user_version_check
 .text.png_create_png_struct
                0x0010546c      0x114 C:/devkitPro/portlibs/3ds/lib\libpng.a(png.o)
                0x0010546c                png_create_png_struct
 .text.png_create_info_struct
                0x00105580       0x30 C:/devkitPro/portlibs/3ds/lib\libpng.a(png.o)
                0x00105580                png_create_info_struct
 .text.png_destroy_info_struct
                0x001055b0       0x60 C:/devkitPro/portlibs/3ds/lib\libpng.a(png.o)
                0x001055b0                png_destroy_info_struct
 .text.png_free_data
                0x00105610       0x10 C:/devkitPro/portlibs/3ds/lib\libpng.a(png.o)
                0x00105610                png_free_data
 .text.png_get_io_ptr
                0x00105620        0xc C:/devkitPro/portlibs/3ds/lib\libpng.a(png.o)
                0x00105620                png_get_io_ptr
 .text.png_handle_as_unknown
                0x0010562c       0xac C:/devkitPro/portlibs/3ds/lib\libpng.a(png.o)
                0x0010562c                png_handle_as_unknown
 .text.png_chunk_unknown_handling
                0x001056d8       0x2c C:/devkitPro/portlibs/3ds/lib\libpng.a(png.o)
                0x001056d8                png_chunk_unknown_handling
 .text.png_zstream_error
                0x00105704       0xe4 C:/devkitPro/portlibs/3ds/lib\libpng.a(png.o)
                0x00105704                png_zstream_error
 .text.png_colorspace_set_gamma
                0x001057e8       0x90 C:/devkitPro/portlibs/3ds/lib\libpng.a(png.o)
                0x001057e8                png_colorspace_set_gamma
 .text.png_colorspace_sync_info
                0x00105878       0x68 C:/devkitPro/portlibs/3ds/lib\libpng.a(png.o)
                0x00105878                png_colorspace_sync_info
 .text.png_colorspace_sync
                0x001058e0       0x30 C:/devkitPro/portlibs/3ds/lib\libpng.a(png.o)
                0x001058e0                png_colorspace_sync
 .text.png_colorspace_set_sRGB
                0x00105910      0x144 C:/devkitPro/portlibs/3ds/lib\libpng.a(png.o)
                0x00105910                png_colorspace_set_sRGB
 .text.png_icc_check_length
                0x00105a54       0x7c C:/devkitPro/portlibs/3ds/lib\libpng.a(png.o)
                0x00105a54                png_icc_check_length
 .text.png_icc_check_header
                0x00105ad0      0x38c C:/devkitPro/portlibs/3ds/lib\libpng.a(png.o)
                0x00105ad0                png_icc_check_header
 .text.png_icc_check_tag_table
                0x00105e5c       0xd8 C:/devkitPro/portlibs/3ds/lib\libpng.a(png.o)
                0x00105e5c                png_icc_check_tag_table
 .text.png_icc_set_sRGB
                0x00105f34       0x3c C:/devkitPro/portlibs/3ds/lib\libpng.a(png.o)
                0x00105f34                png_icc_set_sRGB
 .text.png_colorspace_set_rgb_coefficients
                0x00105f70      0x22c C:/devkitPro/portlibs/3ds/lib\libpng.a(png.o)
                0x00105f70                png_colorspace_set_rgb_coefficients
 .text.png_check_IHDR
                0x0010619c      0x32c C:/devkitPro/portlibs/3ds/lib\libpng.a(png.o)
                0x0010619c                png_check_IHDR
 .text.png_check_fp_number
                0x001064c8      0x290 C:/devkitPro/portlibs/3ds/lib\libpng.a(png.o)
                0x001064c8                png_check_fp_number
 .text.png_check_fp_string
                0x00106758       0x5c C:/devkitPro/portlibs/3ds/lib\libpng.a(png.o)
                0x00106758                png_check_fp_string
 *fill*         0x001067b4        0x4 
 .text.png_muldiv
                0x001067b8       0xc0 C:/devkitPro/portlibs/3ds/lib\libpng.a(png.o)
                0x001067b8                png_muldiv
 .text.png_reciprocal
                0x00106878       0x78 C:/devkitPro/portlibs/3ds/lib\libpng.a(png.o)
                0x00106878                png_reciprocal
 .text.png_XYZ_from_xy
                0x001068f0      0x368 C:/devkitPro/portlibs/3ds/lib\libpng.a(png.o)
 .text.png_colorspace_set_chromaticities
                0x00106c58       0xcc C:/devkitPro/portlibs/3ds/lib\libpng.a(png.o)
                0x00106c58                png_colorspace_set_chromaticities
 .text.png_gamma_significant
                0x00106d24       0x20 C:/devkitPro/portlibs/3ds/lib\libpng.a(png.o)
                0x00106d24                png_gamma_significant
 *fill*         0x00106d44        0x4 
 .text.png_reciprocal2
                0x00106d48       0xa8 C:/devkitPro/portlibs/3ds/lib\libpng.a(png.o)
                0x00106d48                png_reciprocal2
 .text.png_gamma_8bit_correct
                0x00106df0       0x18 C:/devkitPro/portlibs/3ds/lib\libpng.a(png.o)
                0x00106df0                png_gamma_8bit_correct
 .text.png_gamma_correct
                0x00106e08       0x5c C:/devkitPro/portlibs/3ds/lib\libpng.a(png.o)
                0x00106e08                png_gamma_correct
 .text.png_destroy_gamma_table
                0x00106e64      0x134 C:/devkitPro/portlibs/3ds/lib\libpng.a(png.o)
                0x00106e64                png_destroy_gamma_table
 .text.png_build_gamma_table
                0x00106f98      0x5b8 C:/devkitPro/portlibs/3ds/lib\libpng.a(png.o)
                0x00106f98                png_build_gamma_table
 .text.png_format_buffer.isra.0
                0x00107550       0xec C:/devkitPro/portlibs/3ds/lib\libpng.a(pngerror.o)
 .text.png_safecat
                0x0010763c       0x88 C:/devkitPro/portlibs/3ds/lib\libpng.a(pngerror.o)
                0x0010763c                png_safecat
 .text.png_format_number
                0x001076c4      0x288 C:/devkitPro/portlibs/3ds/lib\libpng.a(pngerror.o)
                0x001076c4                png_format_number
 .text.png_warning
                0x0010794c       0x94 C:/devkitPro/portlibs/3ds/lib\libpng.a(pngerror.o)
                0x0010794c                png_warning
 .text.png_chunk_warning
                0x001079e0       0x68 C:/devkitPro/portlibs/3ds/lib\libpng.a(pngerror.o)
                0x001079e0                png_chunk_warning
 .text.png_free_jmpbuf
                0x00107a48       0x94 C:/devkitPro/portlibs/3ds/lib\libpng.a(pngerror.o)
                0x00107a48                png_free_jmpbuf
 .text.png_longjmp
                0x00107adc       0x2c C:/devkitPro/portlibs/3ds/lib\libpng.a(pngerror.o)
                0x00107adc                png_longjmp
 .text.png_default_error
                0x00107b08       0x50 C:/devkitPro/portlibs/3ds/lib\libpng.a(pngerror.o)
 .text.png_error
                0x00107b58       0x2c C:/devkitPro/portlibs/3ds/lib\libpng.a(pngerror.o)
                0x00107b58                png_error
 .text.png_app_warning
                0x00107b84       0x18 C:/devkitPro/portlibs/3ds/lib\libpng.a(pngerror.o)
                0x00107b84                png_app_warning
 .text.png_app_error
                0x00107b9c       0x18 C:/devkitPro/portlibs/3ds/lib\libpng.a(pngerror.o)
                0x00107b9c                png_app_error
 .text.png_set_longjmp_fn
                0x00107bb4       0xa8 C:/devkitPro/portlibs/3ds/lib\libpng.a(pngerror.o)
                0x00107bb4                png_set_longjmp_fn
 .text.png_chunk_error
                0x00107c5c       0x2c C:/devkitPro/portlibs/3ds/lib\libpng.a(pngerror.o)
                0x00107c5c                png_chunk_error
 .text.png_chunk_benign_error
                0x00107c88       0x18 C:/devkitPro/portlibs/3ds/lib\libpng.a(pngerror.o)
                0x00107c88                png_chunk_benign_error
 .text.png_benign_error
                0x00107ca0       0x70 C:/devkitPro/portlibs/3ds/lib\libpng.a(pngerror.o)
                0x00107ca0                png_benign_error
 .text.png_chunk_report
                0x00107d10       0x78 C:/devkitPro/portlibs/3ds/lib\libpng.a(pngerror.o)
                0x00107d10                png_chunk_report
 .text.png_set_error_fn
                0x00107d88       0x10 C:/devkitPro/portlibs/3ds/lib\libpng.a(pngerror.o)
                0x00107d88                png_set_error_fn
 .text.png_get_valid
                0x00107d98       0x1c C:/devkitPro/portlibs/3ds/lib\libpng.a(pngget.o)
                0x00107d98                png_get_valid
 .text.png_get_IHDR
                0x00107db4       0xa0 C:/devkitPro/portlibs/3ds/lib\libpng.a(pngget.o)
                0x00107db4                png_get_IHDR
 .text.png_destroy_png_struct
                0x00107e54       0x64 C:/devkitPro/portlibs/3ds/lib\libpng.a(pngmem.o)
                0x00107e54                png_destroy_png_struct
 .text.png_calloc
                0x00107eb8       0x7c C:/devkitPro/portlibs/3ds/lib\libpng.a(pngmem.o)
                0x00107eb8                png_calloc
 .text.png_malloc_base
                0x00107f34       0x30 C:/devkitPro/portlibs/3ds/lib\libpng.a(pngmem.o)
                0x00107f34                png_malloc_base
 .text.png_malloc_array
                0x00107f64       0x64 C:/devkitPro/portlibs/3ds/lib\libpng.a(pngmem.o)
                0x00107f64                png_malloc_array
 .text.png_realloc_array
                0x00107fc8       0xfc C:/devkitPro/portlibs/3ds/lib\libpng.a(pngmem.o)
                0x00107fc8                png_realloc_array
 .text.png_malloc
                0x001080c4       0x58 C:/devkitPro/portlibs/3ds/lib\libpng.a(pngmem.o)
                0x001080c4                png_malloc
 .text.png_malloc_warn
                0x0010811c       0x58 C:/devkitPro/portlibs/3ds/lib\libpng.a(pngmem.o)
                0x0010811c                png_malloc_warn
 .text.png_free
                0x00108174       0x24 C:/devkitPro/portlibs/3ds/lib\libpng.a(pngmem.o)
                0x00108174                png_free
 .text.png_set_mem_fn
                0x00108198       0x14 C:/devkitPro/portlibs/3ds/lib\libpng.a(pngmem.o)
                0x00108198                png_set_mem_fn
 .text.png_read_info.part.0
                0x001081ac      0x3ec C:/devkitPro/portlibs/3ds/lib\libpng.a(pngread.o)
 .text.png_create_read_struct
                0x00108598       0x58 C:/devkitPro/portlibs/3ds/lib\libpng.a(pngread.o)
                0x00108598                png_create_read_struct
 .text.png_read_info
                0x001085f0       0x10 C:/devkitPro/portlibs/3ds/lib\libpng.a(pngread.o)
                0x001085f0                png_read_info
 .text.png_read_update_info
                0x00108600       0x40 C:/devkitPro/portlibs/3ds/lib\libpng.a(pngread.o)
                0x00108600                png_read_update_info
 .text.png_read_row
                0x00108640      0x45c C:/devkitPro/portlibs/3ds/lib\libpng.a(pngread.o)
                0x00108640                png_read_row
 .text.png_read_image
                0x00108a9c       0xd4 C:/devkitPro/portlibs/3ds/lib\libpng.a(pngread.o)
                0x00108a9c                png_read_image
 .text.png_destroy_read_struct
                0x00108b70      0x154 C:/devkitPro/portlibs/3ds/lib\libpng.a(pngread.o)
                0x00108b70                png_destroy_read_struct
 .text.png_default_read_data
                0x00108cc4       0x38 C:/devkitPro/portlibs/3ds/lib\libpng.a(pngrio.o)
                0x00108cc4                png_default_read_data
 .text.png_read_data
                0x00108cfc       0x20 C:/devkitPro/portlibs/3ds/lib\libpng.a(pngrio.o)
                0x00108cfc                png_read_data
 .text.png_set_read_fn
                0x00108d1c       0x50 C:/devkitPro/portlibs/3ds/lib\libpng.a(pngrio.o)
                0x00108d1c                png_set_read_fn
 .text.png_do_gray_to_rgb
                0x00108d6c      0x210 C:/devkitPro/portlibs/3ds/lib\libpng.a(pngrtran.o)
 .text.png_do_expand
                0x00108f7c      0x600 C:/devkitPro/portlibs/3ds/lib\libpng.a(pngrtran.o)
 .text.png_set_scale_16
                0x0010957c       0x38 C:/devkitPro/portlibs/3ds/lib\libpng.a(pngrtran.o)
                0x0010957c                png_set_scale_16
 .text.png_set_expand
                0x001095b4       0x3c C:/devkitPro/portlibs/3ds/lib\libpng.a(pngrtran.o)
                0x001095b4                png_set_expand
 .text.png_set_palette_to_rgb
                0x001095f0       0x3c C:/devkitPro/portlibs/3ds/lib\libpng.a(pngrtran.o)
                0x001095f0                png_set_palette_to_rgb
 .text.png_set_tRNS_to_alpha
                0x0010962c       0x3c C:/devkitPro/portlibs/3ds/lib\libpng.a(pngrtran.o)
                0x0010962c                png_set_tRNS_to_alpha
 .text.png_set_gray_to_rgb
                0x00109668       0x38 C:/devkitPro/portlibs/3ds/lib\libpng.a(pngrtran.o)
                0x00109668                png_set_gray_to_rgb
 .text.png_init_read_transformations
                0x001096a0      0xce8 C:/devkitPro/portlibs/3ds/lib\libpng.a(pngrtran.o)
                0x001096a0                png_init_read_transformations
 .text.png_read_transform_info
                0x0010a388      0x2b8 C:/devkitPro/portlibs/3ds/lib\libpng.a(pngrtran.o)
                0x0010a388                png_read_transform_info
 .text.png_do_read_transformations
                0x0010a640     0x2cd4 C:/devkitPro/portlibs/3ds/lib\libpng.a(pngrtran.o)
                0x0010a640                png_do_read_transformations
 .text.png_read_filter_row_sub
                0x0010d314       0x44 C:/devkitPro/portlibs/3ds/lib\libpng.a(pngrutil.o)
 .text.png_read_filter_row_up
                0x0010d358       0x30 C:/devkitPro/portlibs/3ds/lib\libpng.a(pngrutil.o)
 .text.png_read_filter_row_avg
                0x0010d388       0x8c C:/devkitPro/portlibs/3ds/lib\libpng.a(pngrutil.o)
 .text.png_read_filter_row_paeth_1byte_pixel
                0x0010d414       0x88 C:/devkitPro/portlibs/3ds/lib\libpng.a(pngrutil.o)
 .text.png_read_filter_row_paeth_multibyte_pixel
                0x0010d49c       0xc8 C:/devkitPro/portlibs/3ds/lib\libpng.a(pngrutil.o)
 .text.png_inflate_claim
                0x0010d564      0x144 C:/devkitPro/portlibs/3ds/lib\libpng.a(pngrutil.o)
 .text.png_read_buffer
                0x0010d6a8       0x9c C:/devkitPro/portlibs/3ds/lib\libpng.a(pngrutil.o)
 .text.png_inflate.constprop.0
                0x0010d744      0x188 C:/devkitPro/portlibs/3ds/lib\libpng.a(pngrutil.o)
 .text.png_decompress_chunk.constprop.0
                0x0010d8cc      0x1f8 C:/devkitPro/portlibs/3ds/lib\libpng.a(pngrutil.o)
 .text.png_inflate_read.constprop.0.isra.0
                0x0010dac4      0x168 C:/devkitPro/portlibs/3ds/lib\libpng.a(pngrutil.o)
 .text.png_read_sig
                0x0010dc2c       0xac C:/devkitPro/portlibs/3ds/lib\libpng.a(pngrutil.o)
                0x0010dc2c                png_read_sig
 .text.png_crc_error
                0x0010dcd8       0x88 C:/devkitPro/portlibs/3ds/lib\libpng.a(pngrutil.o)
                0x0010dcd8                png_crc_error
 .text.png_crc_finish
                0x0010dd60       0xc8 C:/devkitPro/portlibs/3ds/lib\libpng.a(pngrutil.o)
                0x0010dd60                png_crc_finish
 .text.png_cache_unknown_chunk
                0x0010de28       0xe8 C:/devkitPro/portlibs/3ds/lib\libpng.a(pngrutil.o)
 .text.png_handle_IHDR
                0x0010df10      0x158 C:/devkitPro/portlibs/3ds/lib\libpng.a(pngrutil.o)
                0x0010df10                png_handle_IHDR
 .text.png_handle_PLTE
                0x0010e068      0x258 C:/devkitPro/portlibs/3ds/lib\libpng.a(pngrutil.o)
                0x0010e068                png_handle_PLTE
 .text.png_handle_IEND
                0x0010e2c0       0x54 C:/devkitPro/portlibs/3ds/lib\libpng.a(pngrutil.o)
                0x0010e2c0                png_handle_IEND
 .text.png_handle_gAMA
                0x0010e314       0xd4 C:/devkitPro/portlibs/3ds/lib\libpng.a(pngrutil.o)
                0x0010e314                png_handle_gAMA
 .text.png_handle_sBIT
                0x0010e3e8      0x1b8 C:/devkitPro/portlibs/3ds/lib\libpng.a(pngrutil.o)
                0x0010e3e8                png_handle_sBIT
 .text.png_handle_cHRM
                0x0010e5a0      0x1fc C:/devkitPro/portlibs/3ds/lib\libpng.a(pngrutil.o)
                0x0010e5a0                png_handle_cHRM
 .text.png_handle_sRGB
                0x0010e79c      0x110 C:/devkitPro/portlibs/3ds/lib\libpng.a(pngrutil.o)
                0x0010e79c                png_handle_sRGB
 .text.png_handle_iCCP
                0x0010e8ac      0x534 C:/devkitPro/portlibs/3ds/lib\libpng.a(pngrutil.o)
                0x0010e8ac                png_handle_iCCP
 .text.png_handle_sPLT
                0x0010ede0      0x324 C:/devkitPro/portlibs/3ds/lib\libpng.a(pngrutil.o)
                0x0010ede0                png_handle_sPLT
 .text.png_handle_tRNS
                0x0010f104      0x228 C:/devkitPro/portlibs/3ds/lib\libpng.a(pngrutil.o)
                0x0010f104                png_handle_tRNS
 .text.png_handle_bKGD
                0x0010f32c      0x26c C:/devkitPro/portlibs/3ds/lib\libpng.a(pngrutil.o)
                0x0010f32c                png_handle_bKGD
 .text.png_handle_eXIf
                0x0010f598      0x188 C:/devkitPro/portlibs/3ds/lib\libpng.a(pngrutil.o)
                0x0010f598                png_handle_eXIf
 .text.png_handle_hIST
                0x0010f720      0x130 C:/devkitPro/portlibs/3ds/lib\libpng.a(pngrutil.o)
                0x0010f720                png_handle_hIST
 .text.png_handle_pHYs
                0x0010f850      0x118 C:/devkitPro/portlibs/3ds/lib\libpng.a(pngrutil.o)
                0x0010f850                png_handle_pHYs
 .text.png_handle_oFFs
                0x0010f968      0x13c C:/devkitPro/portlibs/3ds/lib\libpng.a(pngrutil.o)
                0x0010f968                png_handle_oFFs
 .text.png_handle_pCAL
                0x0010faa4      0x2f0 C:/devkitPro/portlibs/3ds/lib\libpng.a(pngrutil.o)
                0x0010faa4                png_handle_pCAL
 .text.png_handle_sCAL
                0x0010fd94      0x258 C:/devkitPro/portlibs/3ds/lib\libpng.a(pngrutil.o)
                0x0010fd94                png_handle_sCAL
 .text.png_handle_tIME
                0x0010ffec      0x100 C:/devkitPro/portlibs/3ds/lib\libpng.a(pngrutil.o)
                0x0010ffec                png_handle_tIME
 .text.png_handle_tEXt
                0x001100ec      0x184 C:/devkitPro/portlibs/3ds/lib\libpng.a(pngrutil.o)
                0x001100ec                png_handle_tEXt
 .text.png_handle_zTXt
                0x00110270      0x24c C:/devkitPro/portlibs/3ds/lib\libpng.a(pngrutil.o)
                0x00110270                png_handle_zTXt
 .text.png_handle_iTXt
                0x001104bc      0x334 C:/devkitPro/portlibs/3ds/lib\libpng.a(pngrutil.o)
                0x001104bc                png_handle_iTXt
 .text.png_handle_unknown
                0x001107f0      0x1bc C:/devkitPro/portlibs/3ds/lib\libpng.a(pngrutil.o)
                0x001107f0                png_handle_unknown
 .text.png_check_chunk_length
                0x001109ac       0xd4 C:/devkitPro/portlibs/3ds/lib\libpng.a(pngrutil.o)
                0x001109ac                png_check_chunk_length
 .text.png_read_chunk_header
                0x00110a80       0xf8 C:/devkitPro/portlibs/3ds/lib\libpng.a(pngrutil.o)
                0x00110a80                png_read_chunk_header
 .text.png_combine_row
                0x00110b78      0x4cc C:/devkitPro/portlibs/3ds/lib\libpng.a(pngrutil.o)
                0x00110b78                png_combine_row
 .text.png_do_read_interlace
                0x00111044      0x3f0 C:/devkitPro/portlibs/3ds/lib\libpng.a(pngrutil.o)
                0x00111044                png_do_read_interlace
 .text.png_read_filter_row
                0x00111434       0x8c C:/devkitPro/portlibs/3ds/lib\libpng.a(pngrutil.o)
                0x00111434                png_read_filter_row
 .text.png_read_IDAT_data
                0x001114c0      0x298 C:/devkitPro/portlibs/3ds/lib\libpng.a(pngrutil.o)
                0x001114c0                png_read_IDAT_data
 .text.png_read_finish_IDAT
                0x00111758       0x74 C:/devkitPro/portlibs/3ds/lib\libpng.a(pngrutil.o)
                0x00111758                png_read_finish_IDAT
 .text.png_read_finish_row
                0x001117cc      0x130 C:/devkitPro/portlibs/3ds/lib\libpng.a(pngrutil.o)
                0x001117cc                png_read_finish_row
 .text.png_read_start_row
                0x001118fc      0x48c C:/devkitPro/portlibs/3ds/lib\libpng.a(pngrutil.o)
                0x001118fc                png_read_start_row
 .text.check_location
                0x00111d88       0x64 C:/devkitPro/portlibs/3ds/lib\libpng.a(pngset.o)
 .text.png_set_bKGD
                0x00111dec       0x48 C:/devkitPro/portlibs/3ds/lib\libpng.a(pngset.o)
                0x00111dec                png_set_bKGD
 .text.png_set_eXIf_1
                0x00111e34       0x9c C:/devkitPro/portlibs/3ds/lib\libpng.a(pngset.o)
                0x00111e34                png_set_eXIf_1
 .text.png_set_hIST
                0x00111ed0       0xac C:/devkitPro/portlibs/3ds/lib\libpng.a(pngset.o)
                0x00111ed0                png_set_hIST
 .text.png_set_IHDR
                0x00111f7c      0x104 C:/devkitPro/portlibs/3ds/lib\libpng.a(pngset.o)
                0x00111f7c                png_set_IHDR
 .text.png_set_oFFs
                0x00112080       0x2c C:/devkitPro/portlibs/3ds/lib\libpng.a(pngset.o)
                0x00112080                png_set_oFFs
 .text.png_set_pCAL
                0x001120ac      0x288 C:/devkitPro/portlibs/3ds/lib\libpng.a(pngset.o)
                0x001120ac                png_set_pCAL
 .text.png_set_sCAL_s
                0x00112334      0x174 C:/devkitPro/portlibs/3ds/lib\libpng.a(pngset.o)
                0x00112334                png_set_sCAL_s
 .text.png_set_pHYs
                0x001124a8       0x2c C:/devkitPro/portlibs/3ds/lib\libpng.a(pngset.o)
                0x001124a8                png_set_pHYs
 .text.png_set_PLTE
                0x001124d4      0x134 C:/devkitPro/portlibs/3ds/lib\libpng.a(pngset.o)
                0x001124d4                png_set_PLTE
 .text.png_set_sBIT
                0x00112608       0x40 C:/devkitPro/portlibs/3ds/lib\libpng.a(pngset.o)
                0x00112608                png_set_sBIT
 .text.png_set_text_2
                0x00112648      0x34c C:/devkitPro/portlibs/3ds/lib\libpng.a(pngset.o)
                0x00112648                png_set_text_2
 .text.png_set_tIME
                0x00112994       0xa4 C:/devkitPro/portlibs/3ds/lib\libpng.a(pngset.o)
                0x00112994                png_set_tIME
 .text.png_set_tRNS
                0x00112a38      0x1b0 C:/devkitPro/portlibs/3ds/lib\libpng.a(pngset.o)
                0x00112a38                png_set_tRNS
 .text.png_set_sPLT
                0x00112be8      0x188 C:/devkitPro/portlibs/3ds/lib\libpng.a(pngset.o)
                0x00112be8                png_set_sPLT
 .text.png_set_unknown_chunks
                0x00112d70      0x134 C:/devkitPro/portlibs/3ds/lib\libpng.a(pngset.o)
                0x00112d70                png_set_unknown_chunks
 .text.png_set_packing
                0x00112ea4       0x28 C:/devkitPro/portlibs/3ds/lib\libpng.a(pngtrans.o)
                0x00112ea4                png_set_packing
 .text.png_set_interlace_handling
                0x00112ecc       0x30 C:/devkitPro/portlibs/3ds/lib\libpng.a(pngtrans.o)
                0x00112ecc                png_set_interlace_handling
 .text.png_set_filler
                0x00112efc       0x88 C:/devkitPro/portlibs/3ds/lib\libpng.a(pngtrans.o)
                0x00112efc                png_set_filler
 .text.png_do_invert
                0x00112f84       0xc8 C:/devkitPro/portlibs/3ds/lib\libpng.a(pngtrans.o)
                0x00112f84                png_do_invert
 .text.png_do_swap
                0x0011304c       0x4c C:/devkitPro/portlibs/3ds/lib\libpng.a(pngtrans.o)
                0x0011304c                png_do_swap
 .text.png_do_packswap
                0x00113098       0x7c C:/devkitPro/portlibs/3ds/lib\libpng.a(pngtrans.o)
                0x00113098                png_do_packswap
 .text.png_do_strip_channel
                0x00113114      0x248 C:/devkitPro/portlibs/3ds/lib\libpng.a(pngtrans.o)
                0x00113114                png_do_strip_channel
 .text.png_do_bgr
                0x0011335c      0x110 C:/devkitPro/portlibs/3ds/lib\libpng.a(pngtrans.o)
                0x0011335c                png_do_bgr
 .text.png_do_check_palette_indexes
                0x0011346c      0x194 C:/devkitPro/portlibs/3ds/lib\libpng.a(pngtrans.o)
                0x0011346c                png_do_check_palette_indexes
 .text.adler32_z
                0x00113600      0x364 C:/devkitPro/portlibs/3ds/lib\libz.a(adler32.o)
                0x00113600                adler32_z
 .text.adler32  0x00113964        0x4 C:/devkitPro/portlibs/3ds/lib\libz.a(adler32.o)
                0x00113964                adler32
 .text.crc32_z  0x00113968      0x3ac C:/devkitPro/portlibs/3ds/lib\libz.a(crc32.o)
                0x00113968                crc32_z
 .text.crc32    0x00113d14        0x4 C:/devkitPro/portlibs/3ds/lib\libz.a(crc32.o)
                0x00113d14                crc32
 .text.updatewindow
                0x00113d18      0x11c C:/devkitPro/portlibs/3ds/lib\libz.a(inflate.o)
 .text.inflateStateCheck
                0x00113e34       0x5c C:/devkitPro/portlibs/3ds/lib\libz.a(inflate.o)
 .text.inflateResetKeep
                0x00113e90       0x9c C:/devkitPro/portlibs/3ds/lib\libz.a(inflate.o)
                0x00113e90                inflateResetKeep
 .text.inflateReset
                0x00113f2c       0x68 C:/devkitPro/portlibs/3ds/lib\libz.a(inflate.o)
                0x00113f2c                inflateReset
 .text.inflateReset2
                0x00113f94       0xbc C:/devkitPro/portlibs/3ds/lib\libz.a(inflate.o)
                0x00113f94                inflateReset2
 .text.inflateInit2_
                0x00114050       0xec C:/devkitPro/portlibs/3ds/lib\libz.a(inflate.o)
                0x00114050                inflateInit2_
 .text.inflate  0x0011413c     0x18ec C:/devkitPro/portlibs/3ds/lib\libz.a(inflate.o)
                0x0011413c                inflate
 .text.inflateEnd
                0x00115a28       0x5c C:/devkitPro/portlibs/3ds/lib\libz.a(inflate.o)
                0x00115a28                inflateEnd
 .text.inflateValidate
                0x00115a84       0x88 C:/devkitPro/portlibs/3ds/lib\libz.a(inflate.o)
                0x00115a84                inflateValidate
 .text.inflate_table
                0x00115b0c      0x554 C:/devkitPro/portlibs/3ds/lib\libz.a(inftrees.o)
                0x00115b0c                inflate_table
 .text.zcalloc  0x00116060        0x8 C:/devkitPro/portlibs/3ds/lib\libz.a(zutil.o)
                0x00116060                zcalloc
 .text.zcfree   0x00116068        0x8 C:/devkitPro/portlibs/3ds/lib\libz.a(zutil.o)
                0x00116068                zcfree
 .text.inflate_fast
                0x00116070      0x5d8 C:/devkitPro/portlibs/3ds/lib\libz.a(inffast.o)
                0x00116070                inflate_fast
 .text.AttrInfo_Init
                0x00116648       0x28 C:/devkitPro/libctru/lib\libcitro3d.a(attribs.o)
                0x00116648                AttrInfo_Init
 .text.AttrInfo_AddLoader
                0x00116670       0x94 C:/devkitPro/libctru/lib\libcitro3d.a(attribs.o)
                0x00116670                AttrInfo_AddLoader
 .text.C3D_GetAttrInfo
                0x00116704       0x20 C:/devkitPro/libctru/lib\libcitro3d.a(attribs.o)
                0x00116704                C3D_GetAttrInfo
 .text.C3Di_AttrInfoBind
                0x00116724       0x80 C:/devkitPro/libctru/lib\libcitro3d.a(attribs.o)
                0x00116724                C3Di_AttrInfoBind
 .text.C3Di_LightEnvUpdate
                0x001167a4        0x4 C:/devkitPro/libctru/lib\libcitro3d.a(base.o)
                0x001167a4                C3Di_LightEnvUpdate
 .text.C3Di_LightEnvDirty
                0x001167a8        0x4 C:/devkitPro/libctru/lib\libcitro3d.a(base.o)
                0x001167a8                C3Di_LightEnvDirty
 .text.C3Di_ProcTexUpdate
                0x001167ac        0x4 C:/devkitPro/libctru/lib\libcitro3d.a(base.o)
                0x001167ac                C3Di_ProcTexUpdate
 .text.C3Di_ProcTexDirty
                0x001167b0        0x4 C:/devkitPro/libctru/lib\libcitro3d.a(base.o)
                0x001167b0                C3Di_ProcTexDirty
 .text.C3Di_AptEventHook
                0x001167b4       0xb4 C:/devkitPro/libctru/lib\libcitro3d.a(base.o)
 .text.C3Di_GasUpdate
                0x00116868        0x4 C:/devkitPro/libctru/lib\libcitro3d.a(base.o)
                0x00116868                C3Di_GasUpdate
 .text.C3D_Init
                0x0011686c      0x1d0 C:/devkitPro/libctru/lib\libcitro3d.a(base.o)
                0x0011686c                C3D_Init
 .text.C3D_SetViewport
                0x00116a3c       0x98 C:/devkitPro/libctru/lib\libcitro3d.a(base.o)
                0x00116a3c                C3D_SetViewport
 .text.C3Di_UpdateContext
                0x00116ad4      0x4e8 C:/devkitPro/libctru/lib\libcitro3d.a(base.o)
                0x00116ad4                C3Di_UpdateContext
 .text.C3Di_SplitFrame
                0x00116fbc       0xe0 C:/devkitPro/libctru/lib\libcitro3d.a(base.o)
                0x00116fbc                C3Di_SplitFrame
 .text.C3D_Fini
                0x0011709c       0x44 C:/devkitPro/libctru/lib\libcitro3d.a(base.o)
                0x0011709c                C3D_Fini
 .text.C3D_BindProgram
                0x001170e0      0x194 C:/devkitPro/libctru/lib\libcitro3d.a(base.o)
                0x001170e0                C3D_BindProgram
 .text.BufInfo_Init
                0x00117274       0x24 C:/devkitPro/libctru/lib\libcitro3d.a(buffers.o)
                0x00117274                BufInfo_Init
 .text.BufInfo_Add
                0x00117298       0x80 C:/devkitPro/libctru/lib\libcitro3d.a(buffers.o)
                0x00117298                BufInfo_Add
 .text.C3D_GetBufInfo
                0x00117318       0x20 C:/devkitPro/libctru/lib\libcitro3d.a(buffers.o)
                0x00117318                C3D_GetBufInfo
 .text.C3Di_BufInfoBind
                0x00117338       0x48 C:/devkitPro/libctru/lib\libcitro3d.a(buffers.o)
                0x00117338                C3Di_BufInfoBind
 .text.C3D_DrawArrays
                0x00117380      0x148 C:/devkitPro/libctru/lib\libcitro3d.a(drawArrays.o)
                0x00117380                C3D_DrawArrays
 .text.C3D_DepthMap
                0x001174c8       0x40 C:/devkitPro/libctru/lib\libcitro3d.a(effect.o)
                0x001174c8                C3D_DepthMap
 .text.C3D_CullFace
                0x00117508       0x1c C:/devkitPro/libctru/lib\libcitro3d.a(effect.o)
                0x00117508                C3D_CullFace
 .text.C3D_StencilTest
                0x00117524       0x40 C:/devkitPro/libctru/lib\libcitro3d.a(effect.o)
                0x00117524                C3D_StencilTest
 .text.C3D_StencilOp
                0x00117564       0x24 C:/devkitPro/libctru/lib\libcitro3d.a(effect.o)
                0x00117564                C3D_StencilOp
 .text.C3D_BlendingColor
                0x00117588       0x1c C:/devkitPro/libctru/lib\libcitro3d.a(effect.o)
                0x00117588                C3D_BlendingColor
 .text.C3D_EarlyDepthTest
                0x001175a4       0x24 C:/devkitPro/libctru/lib\libcitro3d.a(effect.o)
                0x001175a4                C3D_EarlyDepthTest
 .text.C3D_DepthTest
                0x001175c8       0x2c C:/devkitPro/libctru/lib\libcitro3d.a(effect.o)
                0x001175c8                C3D_DepthTest
 .text.C3D_AlphaTest
                0x001175f4       0x2c C:/devkitPro/libctru/lib\libcitro3d.a(effect.o)
                0x001175f4                C3D_AlphaTest
 .text.C3D_AlphaBlend
                0x00117620       0x50 C:/devkitPro/libctru/lib\libcitro3d.a(effect.o)
                0x00117620                C3D_AlphaBlend
 .text.C3D_FragOpMode
                0x00117670       0x30 C:/devkitPro/libctru/lib\libcitro3d.a(effect.o)
                0x00117670                C3D_FragOpMode
 .text.C3D_FragOpShadow
                0x001176a0       0x44 C:/devkitPro/libctru/lib\libcitro3d.a(effect.o)
                0x001176a0                C3D_FragOpShadow
 .text.C3Di_EffectBind
                0x001176e4      0x1ac C:/devkitPro/libctru/lib\libcitro3d.a(effect.o)
                0x001176e4                C3Di_EffectBind
 .text.C3D_CalcColorBufSize
                0x00117890       0x1c C:/devkitPro/libctru/lib\libcitro3d.a(framebuffer.o)
                0x00117890                C3D_CalcColorBufSize
 .text.C3D_CalcDepthBufSize
                0x001178ac       0x1c C:/devkitPro/libctru/lib\libcitro3d.a(framebuffer.o)
                0x001178ac                C3D_CalcDepthBufSize
 .text.C3D_SetFrameBuf
                0x001178c8       0x44 C:/devkitPro/libctru/lib\libcitro3d.a(framebuffer.o)
                0x001178c8                C3D_SetFrameBuf
 .text.C3Di_FrameBufBind
                0x0011790c      0x16c C:/devkitPro/libctru/lib\libcitro3d.a(framebuffer.o)
                0x0011790c                C3Di_FrameBufBind
 .text.C3D_FrameBufTransfer
                0x00117a78       0x44 C:/devkitPro/libctru/lib\libcitro3d.a(framebuffer.o)
                0x00117a78                C3D_FrameBufTransfer
 .text.C3D_ImmSendAttrib
                0x00117abc       0xa8 C:/devkitPro/libctru/lib\libcitro3d.a(immediate.o)
                0x00117abc                C3D_ImmSendAttrib
 .text.onVBlank0
                0x00117b64       0x4c C:/devkitPro/libctru/lib\libcitro3d.a(renderqueue.o)
 .text.onVBlank1
                0x00117bb0       0x4c C:/devkitPro/libctru/lib\libcitro3d.a(renderqueue.o)
 .text.C3Di_RenderTargetDestroy
                0x00117bfc       0x80 C:/devkitPro/libctru/lib\libcitro3d.a(renderqueue.o)
 .text.onQueueFinish
                0x00117c7c       0xf4 C:/devkitPro/libctru/lib\libcitro3d.a(renderqueue.o)
 .text.C3Di_RenderQueueEnableVBlank
                0x00117d70       0x38 C:/devkitPro/libctru/lib\libcitro3d.a(renderqueue.o)
                0x00117d70                C3Di_RenderQueueEnableVBlank
 .text.C3Di_RenderQueueDisableVBlank
                0x00117da8       0x30 C:/devkitPro/libctru/lib\libcitro3d.a(renderqueue.o)
                0x00117da8                C3Di_RenderQueueDisableVBlank
 .text.C3Di_RenderQueueInit
                0x00117dd8       0x60 C:/devkitPro/libctru/lib\libcitro3d.a(renderqueue.o)
                0x00117dd8                C3Di_RenderQueueInit
 .text.C3Di_RenderQueueExit
                0x00117e38       0xb4 C:/devkitPro/libctru/lib\libcitro3d.a(renderqueue.o)
                0x00117e38                C3Di_RenderQueueExit
 .text.C3Di_RenderQueueWaitDone
                0x00117eec       0x34 C:/devkitPro/libctru/lib\libcitro3d.a(renderqueue.o)
                0x00117eec                C3Di_RenderQueueWaitDone
 .text.C3D_FrameBegin
                0x00117f20       0xe8 C:/devkitPro/libctru/lib\libcitro3d.a(renderqueue.o)
                0x00117f20                C3D_FrameBegin
 .text.C3D_FrameDrawOn
                0x00118008       0x48 C:/devkitPro/libctru/lib\libcitro3d.a(renderqueue.o)
                0x00118008                C3D_FrameDrawOn
 .text.C3D_FrameEnd
                0x00118050      0x1d0 C:/devkitPro/libctru/lib\libcitro3d.a(renderqueue.o)
                0x00118050                C3D_FrameEnd
 .text.C3D_RenderTargetCreate
                0x00118220      0x170 C:/devkitPro/libctru/lib\libcitro3d.a(renderqueue.o)
                0x00118220                C3D_RenderTargetCreate
 .text.C3D_RenderTargetSetOutput
                0x00118390       0xa8 C:/devkitPro/libctru/lib\libcitro3d.a(renderqueue.o)
                0x00118390                C3D_RenderTargetSetOutput
 .text.C3D_GetTexEnv
                0x00118438       0x34 C:/devkitPro/libctru/lib\libcitro3d.a(texenv.o)
                0x00118438                C3D_GetTexEnv
 .text.C3Di_TexEnvBind
                0x0011846c       0x24 C:/devkitPro/libctru/lib\libcitro3d.a(texenv.o)
                0x0011846c                C3Di_TexEnvBind
 .text.C3D_TexInitWithParams
                0x00118490      0x290 C:/devkitPro/libctru/lib\libcitro3d.a(texture.o)
                0x00118490                C3D_TexInitWithParams
 .text.C3D_TexBind
                0x00118720       0x44 C:/devkitPro/libctru/lib\libcitro3d.a(texture.o)
                0x00118720                C3D_TexBind
 .text.C3D_TexDelete
                0x00118764       0x74 C:/devkitPro/libctru/lib\libcitro3d.a(texture.o)
                0x00118764                C3D_TexDelete
 .text.C3Di_SetTex
                0x001187d8      0x14c C:/devkitPro/libctru/lib\libcitro3d.a(texture.o)
                0x001187d8                C3Di_SetTex
 .text.C3D_UpdateUniforms
                0x00118924      0x290 C:/devkitPro/libctru/lib\libcitro3d.a(uniforms.o)
                0x00118924                C3D_UpdateUniforms
 .text.C3Di_DirtyUniforms
                0x00118bb4       0xc0 C:/devkitPro/libctru/lib\libcitro3d.a(uniforms.o)
                0x00118bb4                C3Di_DirtyUniforms
 .text.C3Di_LoadShaderUniforms
                0x00118c74       0xd8 C:/devkitPro/libctru/lib\libcitro3d.a(uniforms.o)
                0x00118c74                C3Di_LoadShaderUniforms
 .text.C3Di_ClearShaderUniforms
                0x00118d4c       0x28 C:/devkitPro/libctru/lib\libcitro3d.a(uniforms.o)
                0x00118d4c                C3Di_ClearShaderUniforms
 .text.Mtx_OrthoTilt
                0x00118d74       0xcc C:/devkitPro/libctru/lib\libcitro3d.a(mtx_orthotilt.o)
                0x00118d74                Mtx_OrthoTilt
 .text._ZL21addrMapNodeComparatorPK11rbtree_nodeS1_
                0x00118e40       0x24 C:/devkitPro/libctru/lib\libctru.a(linear.o)
 .text._ZL21addrMapNodeDestructorP11rbtree_node
                0x00118e64        0x4 C:/devkitPro/libctru/lib\libctru.a(linear.o)
 .text.linearMemAlign
                0x00118e68      0x120 C:/devkitPro/libctru/lib\libctru.a(linear.o)
                0x00118e68                linearMemAlign
 .text.linearAlloc
                0x00118f88        0x8 C:/devkitPro/libctru/lib\libctru.a(linear.o)
                0x00118f88                linearAlloc
 .text.linearFree
                0x00118f90       0x5c C:/devkitPro/libctru/lib\libctru.a(linear.o)
                0x00118f90                linearFree
 .text._ZN7MemPool13CoalesceRightEP8MemBlock
                0x00118fec       0x80 C:/devkitPro/libctru/lib\libctru.a(mem_pool.o)
                0x00118fec                MemPool::CoalesceRight(MemBlock*)
 .text._ZN7MemPool8AllocateER8MemChunkmi
                0x0011906c      0x16c C:/devkitPro/libctru/lib\libctru.a(mem_pool.o)
                0x0011906c                MemPool::Allocate(MemChunk&, unsigned long, int)
 .text._ZN7MemPool10DeallocateERK8MemChunk
                0x001191d8       0xfc C:/devkitPro/libctru/lib\libctru.a(mem_pool.o)
                0x001191d8                MemPool::Deallocate(MemChunk const&)
 .text._ZN7MemPool12GetFreeSpaceEv
                0x001192d4       0x30 C:/devkitPro/libctru/lib\libctru.a(mem_pool.o)
                0x001192d4                MemPool::GetFreeSpace()
 .text._ZL21addrMapNodeComparatorPK11rbtree_nodeS1_
                0x00119304       0x24 C:/devkitPro/libctru/lib\libctru.a(vram.o)
 .text._ZL21addrMapNodeDestructorP11rbtree_node
                0x00119328        0x4 C:/devkitPro/libctru/lib\libctru.a(vram.o)
 .text.vramMemAlignAt
                0x0011932c      0x24c C:/devkitPro/libctru/lib\libctru.a(vram.o)
                0x0011932c                vramMemAlignAt
 .text.vramAlloc
                0x00119578        0xc C:/devkitPro/libctru/lib\libctru.a(vram.o)
                0x00119578                vramAlloc
 .text.vramAllocAt
                0x00119584        0xc C:/devkitPro/libctru/lib\libctru.a(vram.o)
                0x00119584                vramAllocAt
 .text.vramFree
                0x00119590       0x90 C:/devkitPro/libctru/lib\libctru.a(vram.o)
                0x00119590                vramFree
 .text.gfxPresentFramebuffer
                0x00119620       0xd0 C:/devkitPro/libctru/lib\libctru.a(gfx.o)
 .text.gfxSet3D
                0x001196f0       0x10 C:/devkitPro/libctru/lib\libctru.a(gfx.o)
                0x001196f0                gfxSet3D
 .text.gfxSetScreenFormat
                0x00119700       0xec C:/devkitPro/libctru/lib\libctru.a(gfx.o)
                0x00119700                gfxSetScreenFormat
 .text.gfxInit  0x001197ec       0xe0 C:/devkitPro/libctru/lib\libctru.a(gfx.o)
                0x001197ec                gfxInit
 .text.gfxInitDefault
                0x001198cc       0x10 C:/devkitPro/libctru/lib\libctru.a(gfx.o)
                0x001198cc                gfxInitDefault
 .text.gfxExit  0x001198dc       0xb4 C:/devkitPro/libctru/lib\libctru.a(gfx.o)
                0x001198dc                gfxExit
 .text.gfxGetFramebuffer
                0x00119990       0xa0 C:/devkitPro/libctru/lib\libctru.a(gfx.o)
                0x00119990                gfxGetFramebuffer
 .text.gfxScreenSwapBuffers
                0x00119a30       0x30 C:/devkitPro/libctru/lib\libctru.a(gfx.o)
                0x00119a30                gfxScreenSwapBuffers
 .text.osConvertVirtToPhys
                0x00119a60       0x74 C:/devkitPro/libctru/lib\libctru.a(os.o)
                0x00119a60                osConvertVirtToPhys
 .text.osGetTimeRef
                0x00119ad4       0x54 C:/devkitPro/libctru/lib\libctru.a(os.o)
                0x00119ad4                osGetTimeRef
 .text.osGetTime
                0x00119b28       0xec C:/devkitPro/libctru/lib\libctru.a(os.o)
                0x00119b28                osGetTime
 .text.__ctru_speedup_config
                0x00119c14       0x34 C:/devkitPro/libctru/lib\libctru.a(os.o)
                0x00119c14                __ctru_speedup_config
 .text.GPUCMD_Add
                0x00119c48      0x13c C:/devkitPro/libctru/lib\libctru.a(gpu.o)
                0x00119c48                GPUCMD_Add
 .text.GPUCMD_Split
                0x00119d84       0xb0 C:/devkitPro/libctru/lib\libctru.a(gpu.o)
                0x00119d84                GPUCMD_Split
 .text.f32tof16
                0x00119e34       0x34 C:/devkitPro/libctru/lib\libctru.a(gpu.o)
                0x00119e34                f32tof16
 .text.f32tof24
                0x00119e68       0x34 C:/devkitPro/libctru/lib\libctru.a(gpu.o)
                0x00119e68                f32tof24
 .text.f32tof31
                0x00119e9c       0x38 C:/devkitPro/libctru/lib\libctru.a(gpu.o)
                0x00119e9c                f32tof31
 .text.GX_BindQueue
                0x00119ed4       0x10 C:/devkitPro/libctru/lib\libctru.a(gx.o)
                0x00119ed4                GX_BindQueue
 .text.GX_ProcessCommandList
                0x00119ee4       0x78 C:/devkitPro/libctru/lib\libctru.a(gx.o)
                0x00119ee4                GX_ProcessCommandList
 .text.GX_DisplayTransfer
                0x00119f5c       0x70 C:/devkitPro/libctru/lib\libctru.a(gx.o)
                0x00119f5c                GX_DisplayTransfer
 .text.gxCmdQueueDoCommands.part.0
                0x00119fcc       0x68 C:/devkitPro/libctru/lib\libctru.a(gxqueue.o)
 .text.gxCmdQueueInterrupt
                0x0011a034       0xc8 C:/devkitPro/libctru/lib\libctru.a(gxqueue.o)
                0x0011a034                gxCmdQueueInterrupt
 .text.gxCmdQueueClear
                0x0011a0fc       0x4c C:/devkitPro/libctru/lib\libctru.a(gxqueue.o)
                0x0011a0fc                gxCmdQueueClear
 .text.gxCmdQueueAdd
                0x0011a148       0xf8 C:/devkitPro/libctru/lib\libctru.a(gxqueue.o)
                0x0011a148                gxCmdQueueAdd
 .text.gxCmdQueueRun
                0x0011a240       0x80 C:/devkitPro/libctru/lib\libctru.a(gxqueue.o)
                0x0011a240                gxCmdQueueRun
 .text.gxCmdQueueStop
                0x0011a2c0       0x60 C:/devkitPro/libctru/lib\libctru.a(gxqueue.o)
                0x0011a2c0                gxCmdQueueStop
 .text.gxCmdQueueWait
                0x0011a320       0x8c C:/devkitPro/libctru/lib\libctru.a(gxqueue.o)
                0x0011a320                gxCmdQueueWait
 .text.shaderInstanceInit
                0x0011a3ac      0x1d0 C:/devkitPro/libctru/lib\libctru.a(shaderProgram.o)
                0x0011a3ac                shaderInstanceInit
 .text.shaderInstanceGetUniformLocation
                0x0011a57c       0x18 C:/devkitPro/libctru/lib\libctru.a(shaderProgram.o)
                0x0011a57c                shaderInstanceGetUniformLocation
 .text.shaderProgramInit
                0x0011a594       0x1c C:/devkitPro/libctru/lib\libctru.a(shaderProgram.o)
                0x0011a594                shaderProgramInit
 .text.shaderProgramFree
                0x0011a5b0       0x64 C:/devkitPro/libctru/lib\libctru.a(shaderProgram.o)
                0x0011a5b0                shaderProgramFree
 .text.shaderProgramSetVsh
                0x0011a614       0x80 C:/devkitPro/libctru/lib\libctru.a(shaderProgram.o)
                0x0011a614                shaderProgramSetVsh
 .text.shaderProgramConfigure
                0x0011a694      0x8e0 C:/devkitPro/libctru/lib\libctru.a(shaderProgram.o)
                0x0011a694                shaderProgramConfigure
 .text.DVLE_GenerateOutmap.part.0
                0x0011af74      0x1cc C:/devkitPro/libctru/lib\libctru.a(shbin.o)
 .text.DVLB_ParseFile
                0x0011b140      0x1b4 C:/devkitPro/libctru/lib\libctru.a(shbin.o)
                0x0011b140                DVLB_ParseFile
 .text.DVLB_Free
                0x0011b2f4       0x38 C:/devkitPro/libctru/lib\libctru.a(shbin.o)
                0x0011b2f4                DVLB_Free
 .text.DVLE_GetUniformRegister
                0x0011b32c       0x74 C:/devkitPro/libctru/lib\libctru.a(shbin.o)
                0x0011b32c                DVLE_GetUniformRegister
 .text.aptConvertScreenForCapture
                0x0011b3a0      0x1ac C:/devkitPro/libctru/lib\libctru.a(apt.o)
 .text.aptDspSleep
                0x0011b54c        0x8 C:/devkitPro/libctru/lib\libctru.a(apt.o)
                0x0011b54c                aptDspSleep
 .text.aptDspWakeup
                0x0011b554        0x4 C:/devkitPro/libctru/lib\libctru.a(apt.o)
                0x0011b554                aptDspWakeup
 .text.aptDspCancel
                0x0011b558        0x4 C:/devkitPro/libctru/lib\libctru.a(apt.o)
                0x0011b558                aptDspCancel
 .text.aptSendCommand
                0x0011b55c      0x158 C:/devkitPro/libctru/lib\libctru.a(apt.o)
                0x0011b55c                aptSendCommand
 *fill*         0x0011b6b4        0x4 
 .text.aptExitProcess
                0x0011b6b8       0x44 C:/devkitPro/libctru/lib\libctru.a(apt.o)
 .text.aptExit  0x0011b6fc      0x38c C:/devkitPro/libctru/lib\libctru.a(apt.o)
                0x0011b6fc                aptExit
 .text.aptHandleSleep
                0x0011ba88       0xe0 C:/devkitPro/libctru/lib\libctru.a(apt.o)
                0x0011ba88                aptHandleSleep
 .text.aptHook  0x0011bb68       0x30 C:/devkitPro/libctru/lib\libctru.a(apt.o)
                0x0011bb68                aptHook
 .text.aptUnhook
                0x0011bb98       0x30 C:/devkitPro/libctru/lib\libctru.a(apt.o)
                0x0011bb98                aptUnhook
 .text.APT_SleepIfShellClosed
                0x0011bbc8       0x84 C:/devkitPro/libctru/lib\libctru.a(apt.o)
                0x0011bbc8                APT_SleepIfShellClosed
 .text.aptSetSleepAllowed
                0x0011bc4c       0x84 C:/devkitPro/libctru/lib\libctru.a(apt.o)
                0x0011bc4c                aptSetSleepAllowed
 .text.APT_UnlockTransition
                0x0011bcd0       0x84 C:/devkitPro/libctru/lib\libctru.a(apt.o)
                0x0011bcd0                APT_UnlockTransition
 *fill*         0x0011bd54        0x4 
 .text.aptEventHandler
                0x0011bd58      0x4a4 C:/devkitPro/libctru/lib\libctru.a(apt.o)
 .text.APT_ReceiveParameter
                0x0011c1fc       0xb0 C:/devkitPro/libctru/lib\libctru.a(apt.o)
                0x0011c1fc                APT_ReceiveParameter
 .text.aptReceiveParameter.constprop.0
                0x0011c2ac       0xac C:/devkitPro/libctru/lib\libctru.a(apt.o)
 .text.aptScreenTransfer
                0x0011c358      0x2ac C:/devkitPro/libctru/lib\libctru.a(apt.o)
 .text.aptWaitForWakeUp.isra.0
                0x0011c604      0x320 C:/devkitPro/libctru/lib\libctru.a(apt.o)
 .text.aptJumpToHomeMenu
                0x0011c924       0xf8 C:/devkitPro/libctru/lib\libctru.a(apt.o)
                0x0011c924                aptJumpToHomeMenu
 .text.aptMainLoop
                0x0011ca1c       0x48 C:/devkitPro/libctru/lib\libctru.a(apt.o)
                0x0011ca1c                aptMainLoop
 .text.aptInit  0x0011ca64      0x22c C:/devkitPro/libctru/lib\libctru.a(apt.o)
                0x0011ca64                aptInit
 .text.APT_CheckNew3DS
                0x0011cc90       0x7c C:/devkitPro/libctru/lib\libctru.a(apt.o)
                0x0011cc90                APT_CheckNew3DS
 .text.gspHardwareInit
                0x0011cd0c      0xc64 C:/devkitPro/libctru/lib\libctru.a(gspgpu.o)
 .text.gspInit  0x0011d970      0x248 C:/devkitPro/libctru/lib\libctru.a(gspgpu.o)
                0x0011d970                gspInit
 .text.gspExit  0x0011dbb8       0xf0 C:/devkitPro/libctru/lib\libctru.a(gspgpu.o)
                0x0011dbb8                gspExit
 .text.gspHasGpuRight
                0x0011dca8       0x10 C:/devkitPro/libctru/lib\libctru.a(gspgpu.o)
                0x0011dca8                gspHasGpuRight
 .text.gspPresentBuffer
                0x0011dcb8       0xa0 C:/devkitPro/libctru/lib\libctru.a(gspgpu.o)
                0x0011dcb8                gspPresentBuffer
 .text.gspSetEventCallback
                0x0011dd58       0x30 C:/devkitPro/libctru/lib\libctru.a(gspgpu.o)
                0x0011dd58                gspSetEventCallback
 .text.gspWaitForEvent
                0x0011dd88       0x44 C:/devkitPro/libctru/lib\libctru.a(gspgpu.o)
                0x0011dd88                gspWaitForEvent
 .text.gspWaitForAnyEvent
                0x0011ddcc       0x4c C:/devkitPro/libctru/lib\libctru.a(gspgpu.o)
                0x0011ddcc                gspWaitForAnyEvent
 .text.gspEventThreadMain
                0x0011de18      0x158 C:/devkitPro/libctru/lib\libctru.a(gspgpu.o)
 .text.gspSubmitGxCommand
                0x0011df70      0x130 C:/devkitPro/libctru/lib\libctru.a(gspgpu.o)
                0x0011df70                gspSubmitGxCommand
 .text.GSPGPU_FlushDataCache
                0x0011e0a0       0x50 C:/devkitPro/libctru/lib\libctru.a(gspgpu.o)
                0x0011e0a0                GSPGPU_FlushDataCache
 .text.GSPGPU_SetLcdForceBlack
                0x0011e0f0       0x34 C:/devkitPro/libctru/lib\libctru.a(gspgpu.o)
                0x0011e0f0                GSPGPU_SetLcdForceBlack
 .text.GSPGPU_AcquireRight
                0x0011e124       0x68 C:/devkitPro/libctru/lib\libctru.a(gspgpu.o)
                0x0011e124                GSPGPU_AcquireRight
 .text.GSPGPU_ReleaseRight
                0x0011e18c       0x48 C:/devkitPro/libctru/lib\libctru.a(gspgpu.o)
                0x0011e18c                GSPGPU_ReleaseRight
 .text.GSPGPU_ImportDisplayCaptureInfo
                0x0011e1d4       0x7c C:/devkitPro/libctru/lib\libctru.a(gspgpu.o)
                0x0011e1d4                GSPGPU_ImportDisplayCaptureInfo
 .text.GSPGPU_SaveVramSysArea
                0x0011e250       0x2c C:/devkitPro/libctru/lib\libctru.a(gspgpu.o)
                0x0011e250                GSPGPU_SaveVramSysArea
 .text.GSPGPU_RestoreVramSysArea
                0x0011e27c       0x2c C:/devkitPro/libctru/lib\libctru.a(gspgpu.o)
                0x0011e27c                GSPGPU_RestoreVramSysArea
 .text.hidShouldUseIrrst
                0x0011e2a8       0x24 C:/devkitPro/libctru/lib\libctru.a(hid.o)
                0x0011e2a8                hidShouldUseIrrst
 .text.hidInit  0x0011e2cc      0x18c C:/devkitPro/libctru/lib\libctru.a(hid.o)
                0x0011e2cc                hidInit
 .text.hidExit  0x0011e458       0xe8 C:/devkitPro/libctru/lib\libctru.a(hid.o)
                0x0011e458                hidExit
 .text.hidScanInput
                0x0011e540      0x2a4 C:/devkitPro/libctru/lib\libctru.a(hid.o)
                0x0011e540                hidScanInput
 .text.hidKeysHeld
                0x0011e7e4       0x10 C:/devkitPro/libctru/lib\libctru.a(hid.o)
                0x0011e7e4                hidKeysHeld
 .text.hidKeysDown
                0x0011e7f4       0x10 C:/devkitPro/libctru/lib\libctru.a(hid.o)
                0x0011e7f4                hidKeysDown
 .text.irrstInit
                0x0011e804      0x160 C:/devkitPro/libctru/lib\libctru.a(irrst.o)
                0x0011e804                irrstInit
 .text.irrstExit
                0x0011e964       0xcc C:/devkitPro/libctru/lib\libctru.a(irrst.o)
                0x0011e964                irrstExit
 .text.irrstScanInput
                0x0011ea30       0xb4 C:/devkitPro/libctru/lib\libctru.a(irrst.o)
                0x0011ea30                irrstScanInput
 .text.irrstKeysHeld
                0x0011eae4       0x24 C:/devkitPro/libctru/lib\libctru.a(irrst.o)
                0x0011eae4                irrstKeysHeld
 .text.ptmSysmInit
                0x0011eb08       0x74 C:/devkitPro/libctru/lib\libctru.a(ptmsysm.o)
                0x0011eb08                ptmSysmInit
 .text.ptmSysmExit
                0x0011eb7c       0x3c C:/devkitPro/libctru/lib\libctru.a(ptmsysm.o)
                0x0011eb7c                ptmSysmExit
 .text.PTMSYSM_ConfigureNew3DSCPU
                0x0011ebb8       0x34 C:/devkitPro/libctru/lib\libctru.a(ptmsysm.o)
                0x0011ebb8                PTMSYSM_ConfigureNew3DSCPU
 .text.rbtree_find
                0x0011ebec       0x74 C:/devkitPro/libctru/lib\libctru.a(rbtree_find.o)
                0x0011ebec                rbtree_find
 .text.rbtree_init
                0x0011ec60       0x10 C:/devkitPro/libctru/lib\libctru.a(rbtree_init.o)
                0x0011ec60                rbtree_init
 .text.do_insert
                0x0011ec70      0x1b0 C:/devkitPro/libctru/lib\libctru.a(rbtree_insert.o)
 .text.rbtree_insert
                0x0011ee20        0x8 C:/devkitPro/libctru/lib\libctru.a(rbtree_insert.o)
                0x0011ee20                rbtree_insert
 .text.rbtree_remove
                0x0011ee28      0x318 C:/devkitPro/libctru/lib\libctru.a(rbtree_remove.o)
                0x0011ee28                rbtree_remove
 .text.rbtree_rotate
                0x0011f140       0x90 C:/devkitPro/libctru/lib\libctru.a(rbtree_rotate.o)
                0x0011f140                rbtree_rotate
 .text.__system_allocateHeaps
                0x0011f1d0      0x1e0 C:/devkitPro/libctru/lib\libctru.a(allocateHeaps.o)
                0x0011f1d0                __system_allocateHeaps
 .text.__libctru_init
                0x0011f3b0       0x38 C:/devkitPro/libctru/lib\libctru.a(ctru_init.o)
                0x0011f3b0                __libctru_init
 .text.__system_initArgv
                0x0011f3e8      0x170 C:/devkitPro/libctru/lib\libctru.a(initArgv.o)
                0x0011f3e8                __system_initArgv
 .text.__syscall_getreent
                0x0011f558       0x30 C:/devkitPro/libctru/lib\libctru.a(syscalls.o)
                0x0011f558                __syscall_getreent
 .text.__syscall_lock_acquire
                0x0011f588        0x4 C:/devkitPro/libctru/lib\libctru.a(syscalls.o)
                0x0011f588                __syscall_lock_acquire
 .text.__syscall_lock_release
                0x0011f58c        0x4 C:/devkitPro/libctru/lib\libctru.a(syscalls.o)
                0x0011f58c                __syscall_lock_release
 .text.__syscall_lock_acquire_recursive
                0x0011f590        0x4 C:/devkitPro/libctru/lib\libctru.a(syscalls.o)
                0x0011f590                __syscall_lock_acquire_recursive
 .text.__syscall_lock_release_recursive
                0x0011f594        0x4 C:/devkitPro/libctru/lib\libctru.a(syscalls.o)
                0x0011f594                __syscall_lock_release_recursive
 .text.__syscall_exit
                0x0011f598        0x4 C:/devkitPro/libctru/lib\libctru.a(syscalls.o)
                0x0011f598                __syscall_exit
 .text.initThreadVars
                0x0011f59c       0x50 C:/devkitPro/libctru/lib\libctru.a(syscalls.o)
                0x0011f59c                initThreadVars
 .text.__system_initSyscalls
                0x0011f5ec       0x80 C:/devkitPro/libctru/lib\libctru.a(syscalls.o)
                0x0011f5ec                __system_initSyscalls
 .text.svcControlMemory
                0x0011f66c       0x20 C:/devkitPro/libctru/lib\libctru.a(svc.o)
                0x0011f66c                svcControlMemory
 .text.svcQueryMemory
                0x0011f68c       0x30 C:/devkitPro/libctru/lib\libctru.a(svc.o)
                0x0011f68c                svcQueryMemory
 .text.svcExitProcess
                0x0011f6bc        0x8 C:/devkitPro/libctru/lib\libctru.a(svc.o)
                0x0011f6bc                svcExitProcess
 .text.svcCreateThread
                0x0011f6c4       0x20 C:/devkitPro/libctru/lib\libctru.a(svc.o)
                0x0011f6c4                svcCreateThread
 .text.svcExitThread
                0x0011f6e4        0x8 C:/devkitPro/libctru/lib\libctru.a(svc.o)
                0x0011f6e4                svcExitThread
 .text.svcSleepThread
                0x0011f6ec        0x8 C:/devkitPro/libctru/lib\libctru.a(svc.o)
                0x0011f6ec                svcSleepThread
 .text.svcReleaseMutex
                0x0011f6f4        0x8 C:/devkitPro/libctru/lib\libctru.a(svc.o)
                0x0011f6f4                svcReleaseMutex
 .text.svcCreateEvent
                0x0011f6fc       0x14 C:/devkitPro/libctru/lib\libctru.a(svc.o)
                0x0011f6fc                svcCreateEvent
 .text.svcSignalEvent
                0x0011f710        0x8 C:/devkitPro/libctru/lib\libctru.a(svc.o)
                0x0011f710                svcSignalEvent
 .text.svcClearEvent
                0x0011f718        0x8 C:/devkitPro/libctru/lib\libctru.a(svc.o)
                0x0011f718                svcClearEvent
 .text.svcMapMemoryBlock
                0x0011f720        0x8 C:/devkitPro/libctru/lib\libctru.a(svc.o)
                0x0011f720                svcMapMemoryBlock
 .text.svcUnmapMemoryBlock
                0x0011f728        0x8 C:/devkitPro/libctru/lib\libctru.a(svc.o)
                0x0011f728                svcUnmapMemoryBlock
 .text.svcCreateAddressArbiter
                0x0011f730       0x14 C:/devkitPro/libctru/lib\libctru.a(svc.o)
                0x0011f730                svcCreateAddressArbiter
 .text.svcArbitrateAddressNoTimeout
                0x0011f744        0x8 C:/devkitPro/libctru/lib\libctru.a(svc.o)
                0x0011f744                svcArbitrateAddressNoTimeout
 .text.svcCloseHandle
                0x0011f74c        0x8 C:/devkitPro/libctru/lib\libctru.a(svc.o)
                0x0011f74c                svcCloseHandle
 .text.svcWaitSynchronization
                0x0011f754        0x8 C:/devkitPro/libctru/lib\libctru.a(svc.o)
                0x0011f754                svcWaitSynchronization
 .text.svcWaitSynchronizationN
                0x0011f75c       0x28 C:/devkitPro/libctru/lib\libctru.a(svc.o)
                0x0011f75c                svcWaitSynchronizationN
 .text.svcDuplicateHandle
                0x0011f784       0x14 C:/devkitPro/libctru/lib\libctru.a(svc.o)
                0x0011f784                svcDuplicateHandle
 .text.svcGetSystemTick
                0x0011f798        0x8 C:/devkitPro/libctru/lib\libctru.a(svc.o)
                0x0011f798                svcGetSystemTick
 .text.svcConnectToPort
                0x0011f7a0       0x14 C:/devkitPro/libctru/lib\libctru.a(svc.o)
                0x0011f7a0                svcConnectToPort
 .text.svcSendSyncRequest
                0x0011f7b4        0x8 C:/devkitPro/libctru/lib\libctru.a(svc.o)
                0x0011f7b4                svcSendSyncRequest
 .text.svcGetResourceLimit
                0x0011f7bc       0x14 C:/devkitPro/libctru/lib\libctru.a(svc.o)
                0x0011f7bc                svcGetResourceLimit
 .text.svcGetResourceLimitLimitValues
                0x0011f7d0        0x8 C:/devkitPro/libctru/lib\libctru.a(svc.o)
                0x0011f7d0                svcGetResourceLimitLimitValues
 .text.svcGetResourceLimitCurrentValues
                0x0011f7d8        0x8 C:/devkitPro/libctru/lib\libctru.a(svc.o)
                0x0011f7d8                svcGetResourceLimitCurrentValues
 .text.svcBreak
                0x0011f7e0        0x8 C:/devkitPro/libctru/lib\libctru.a(svc.o)
                0x0011f7e0                svcBreak
 .text.initSystem
                0x0011f7e8       0x50 C:/devkitPro/libctru/lib\libctru.a(stack_adjust.o)
                0x0011f7e8                initSystem
 .text.__ctru_exit
                0x0011f838       0x14 C:/devkitPro/libctru/lib\libctru.a(stack_adjust.o)
                0x0011f838                __ctru_exit
 .text.envGetHandle
                0x0011f84c       0x84 C:/devkitPro/libctru/lib\libctru.a(env.o)
                0x0011f84c                envGetHandle
 .text.envDestroyHandles
                0x0011f8d0       0x50 C:/devkitPro/libctru/lib\libctru.a(env.o)
                0x0011f8d0                envDestroyHandles
 .text.srvInit  0x0011f920      0x12c C:/devkitPro/libctru/lib\libctru.a(srv.o)
                0x0011f920                srvInit
 .text.srvExit  0x0011fa4c       0x58 C:/devkitPro/libctru/lib\libctru.a(srv.o)
                0x0011fa4c                srvExit
 .text.srvEnableNotification
                0x0011faa4       0x60 C:/devkitPro/libctru/lib\libctru.a(srv.o)
                0x0011faa4                srvEnableNotification
 .text.srvGetServiceHandleDirect
                0x0011fb04       0xa0 C:/devkitPro/libctru/lib\libctru.a(srv.o)
                0x0011fb04                srvGetServiceHandleDirect
 .text.srvGetServiceHandle
                0x0011fba4       0x38 C:/devkitPro/libctru/lib\libctru.a(srv.o)
                0x0011fba4                srvGetServiceHandle
 .text.srvSubscribe
                0x0011fbdc       0x34 C:/devkitPro/libctru/lib\libctru.a(srv.o)
                0x0011fbdc                srvSubscribe
 .text.srvReceiveNotification
                0x0011fc10       0x60 C:/devkitPro/libctru/lib\libctru.a(srv.o)
                0x0011fc10                srvReceiveNotification
 .text.srvPublishToSubscriber
                0x0011fc70       0x38 C:/devkitPro/libctru/lib\libctru.a(srv.o)
                0x0011fc70                srvPublishToSubscriber
 .text.__sync_init
                0x0011fca8        0xc C:/devkitPro/libctru/lib\libctru.a(synchronization.o)
                0x0011fca8                __sync_init
 .text.__sync_fini
                0x0011fcb4       0x18 C:/devkitPro/libctru/lib\libctru.a(synchronization.o)
                0x0011fcb4                __sync_fini
 .text.syncArbitrateAddress
                0x0011fccc       0x2c C:/devkitPro/libctru/lib\libctru.a(synchronization.o)
                0x0011fccc                syncArbitrateAddress
 .text.LightLock_Lock
                0x0011fcf8       0xac C:/devkitPro/libctru/lib\libctru.a(synchronization.o)
                0x0011fcf8                LightLock_Lock
 .text.LightLock_Unlock
                0x0011fda4       0x40 C:/devkitPro/libctru/lib\libctru.a(synchronization.o)
                0x0011fda4                LightLock_Unlock
 .text.RecursiveLock_Lock
                0x0011fde4       0x30 C:/devkitPro/libctru/lib\libctru.a(synchronization.o)
                0x0011fde4                RecursiveLock_Lock
 .text.RecursiveLock_Unlock
                0x0011fe14       0x54 C:/devkitPro/libctru/lib\libctru.a(synchronization.o)
                0x0011fe14                RecursiveLock_Unlock
 .text.LightEvent_Init
                0x0011fe68       0x40 C:/devkitPro/libctru/lib\libctru.a(synchronization.o)
                0x0011fe68                LightEvent_Init
 .text.LightEvent_Clear
                0x0011fea8       0xa4 C:/devkitPro/libctru/lib\libctru.a(synchronization.o)
                0x0011fea8                LightEvent_Clear
 .text.LightEvent_Signal
                0x0011ff4c       0xc8 C:/devkitPro/libctru/lib\libctru.a(synchronization.o)
                0x0011ff4c                LightEvent_Signal
 .text.LightEvent_TryWait
                0x00120014       0x50 C:/devkitPro/libctru/lib\libctru.a(synchronization.o)
                0x00120014                LightEvent_TryWait
 .text.LightEvent_Wait
                0x00120064       0xa0 C:/devkitPro/libctru/lib\libctru.a(synchronization.o)
                0x00120064                LightEvent_Wait
 .text.threadCreate
                0x00120104      0x1d8 C:/devkitPro/libctru/lib\libctru.a(thread.o)
                0x00120104                threadCreate
 .text.threadFree
                0x001202dc       0x2c C:/devkitPro/libctru/lib\libctru.a(thread.o)
                0x001202dc                threadFree
 .text.threadJoin
                0x00120308       0x24 C:/devkitPro/libctru/lib\libctru.a(thread.o)
                0x00120308                threadJoin
 .text.threadGetCurrent
                0x0012032c       0x30 C:/devkitPro/libctru/lib\libctru.a(thread.o)
                0x0012032c                threadGetCurrent
 .text.threadExit
                0x0012035c       0x40 C:/devkitPro/libctru/lib\libctru.a(thread.o)
                0x0012035c                threadExit
 .text._thread_begin
                0x0012039c       0x20 C:/devkitPro/libctru/lib\libctru.a(thread.o)
 .text.mappableFindAddressWithin
                0x001203bc       0xb4 C:/devkitPro/libctru/lib\libctru.a(mappable.o)
 .text.mappableInit
                0x00120470       0x28 C:/devkitPro/libctru/lib\libctru.a(mappable.o)
                0x00120470                mappableInit
 .text.mappableAlloc
                0x00120498       0x80 C:/devkitPro/libctru/lib\libctru.a(mappable.o)
                0x00120498                mappableAlloc
 .text.mappableFree
                0x00120518        0x4 C:/devkitPro/libctru/lib\libctru.a(mappable.o)
                0x00120518                mappableFree
 .text.srvPmGetSessionHandle
                0x0012051c        0xc C:/devkitPro/libctru/lib\libctru.a(srvpm.o)
                0x0012051c                srvPmGetSessionHandle
 .text.rbtree_node_next
                0x00120528       0x5c C:/devkitPro/libctru/lib\libctru.a(rbtree_iterator.o)
                0x00120528                rbtree_node_next
 .text.__appExit
                0x00120584       0x30 C:/devkitPro/libctru/lib\libctru.a(appExit.o)
                0x00120584                __appExit
 .text.__appInit
                0x001205b4       0x30 C:/devkitPro/libctru/lib\libctru.a(appInit.o)
                0x001205b4                __appInit
 .text.__libctru_exit
                0x001205e4       0x90 C:/devkitPro/libctru/lib\libctru.a(ctru_exit.o)
                0x001205e4                __libctru_exit
 .text.archive_link
                0x00120674       0x14 C:/devkitPro/libctru/lib\libctru.a(archive_dev.o)
 .text.archive_dirreset
                0x00120688       0x14 C:/devkitPro/libctru/lib\libctru.a(archive_dev.o)
 .text.archive_chmod
                0x0012069c       0x14 C:/devkitPro/libctru/lib\libctru.a(archive_dev.o)
 .text.error_cmp
                0x001206b0       0x24 C:/devkitPro/libctru/lib\libctru.a(archive_dev.o)
 .text.archive_translate_error
                0x001206d4       0x50 C:/devkitPro/libctru/lib\libctru.a(archive_dev.o)
 .text.archive_seek
                0x00120724       0xc8 C:/devkitPro/libctru/lib\libctru.a(archive_dev.o)
 .text._archiveInit.part.0
                0x001207ec       0x7c C:/devkitPro/libctru/lib\libctru.a(archive_dev.o)
 .text.archiveFindDevice.part.0
                0x00120868       0xc4 C:/devkitPro/libctru/lib\libctru.a(archive_dev.o)
 .text.archive_utf16path
                0x0012092c      0x280 C:/devkitPro/libctru/lib\libctru.a(archive_dev.o)
 .text._archiveUnmountDeviceStruct.part.0
                0x00120bac       0x9c C:/devkitPro/libctru/lib\libctru.a(archive_dev.o)
 .text.archive_fchmod
                0x00120c48       0x14 C:/devkitPro/libctru/lib\libctru.a(archive_dev.o)
 .text.archive_statvfs
                0x00120c5c       0x14 C:/devkitPro/libctru/lib\libctru.a(archive_dev.o)
 .text._archiveMountDevice
                0x00120c70      0x164 C:/devkitPro/libctru/lib\libctru.a(archive_dev.o)
 .text.archive_diropen
                0x00120dd4       0xe8 C:/devkitPro/libctru/lib\libctru.a(archive_dev.o)
 .text.archive_fstat
                0x00120ebc       0xa4 C:/devkitPro/libctru/lib\libctru.a(archive_dev.o)
 .text.archive_fsync
                0x00120f60       0x6c C:/devkitPro/libctru/lib\libctru.a(archive_dev.o)
 .text.archive_close
                0x00120fcc       0x6c C:/devkitPro/libctru/lib\libctru.a(archive_dev.o)
 .text.archive_dirclose
                0x00121038       0x70 C:/devkitPro/libctru/lib\libctru.a(archive_dev.o)
 .text.sdmc_statvfs
                0x001210a8       0xe8 C:/devkitPro/libctru/lib\libctru.a(archive_dev.o)
 .text.archive_chdir
                0x00121190       0xec C:/devkitPro/libctru/lib\libctru.a(archive_dev.o)
 .text.archive_ftruncate
                0x0012127c       0x7c C:/devkitPro/libctru/lib\libctru.a(archive_dev.o)
 .text.archive_read
                0x001212f8       0xac C:/devkitPro/libctru/lib\libctru.a(archive_dev.o)
 .text.archive_unlink
                0x001213a4       0xa4 C:/devkitPro/libctru/lib\libctru.a(archive_dev.o)
 .text.archive_rmdir
                0x00121448       0xbc C:/devkitPro/libctru/lib\libctru.a(archive_dev.o)
 .text.archive_mkdir
                0x00121504       0xdc C:/devkitPro/libctru/lib\libctru.a(archive_dev.o)
 .text.archive_stat
                0x001215e0      0x194 C:/devkitPro/libctru/lib\libctru.a(archive_dev.o)
 .text.archive_dirnext
                0x00121774      0x160 C:/devkitPro/libctru/lib\libctru.a(archive_dev.o)
 .text.archive_write
                0x001218d4      0x124 C:/devkitPro/libctru/lib\libctru.a(archive_dev.o)
 .text.archive_open
                0x001219f8      0x20c C:/devkitPro/libctru/lib\libctru.a(archive_dev.o)
 .text.archive_rename
                0x00121c04      0x278 C:/devkitPro/libctru/lib\libctru.a(archive_dev.o)
 .text.archiveMountSdmc
                0x00121e7c      0x19c C:/devkitPro/libctru/lib\libctru.a(archive_dev.o)
                0x00121e7c                archiveMountSdmc
 .text.archiveUnmountAll
                0x00122018       0x54 C:/devkitPro/libctru/lib\libctru.a(archive_dev.o)
                0x00122018                archiveUnmountAll
 .text.fsInit   0x0012206c       0xcc C:/devkitPro/libctru/lib\libctru.a(fs.o)
                0x0012206c                fsInit
 .text.fsExit   0x00122138       0x3c C:/devkitPro/libctru/lib\libctru.a(fs.o)
                0x00122138                fsExit
 .text.fsExemptFromSession
                0x00122174       0x60 C:/devkitPro/libctru/lib\libctru.a(fs.o)
                0x00122174                fsExemptFromSession
 .text.fsUnexemptFromSession
                0x001221d4       0x50 C:/devkitPro/libctru/lib\libctru.a(fs.o)
                0x001221d4                fsUnexemptFromSession
 .text.FSUSER_OpenFile
                0x00122224       0xcc C:/devkitPro/libctru/lib\libctru.a(fs.o)
                0x00122224                FSUSER_OpenFile
 .text.FSUSER_DeleteFile
                0x001222f0       0xbc C:/devkitPro/libctru/lib\libctru.a(fs.o)
                0x001222f0                FSUSER_DeleteFile
 .text.FSUSER_RenameFile
                0x001223ac       0xf8 C:/devkitPro/libctru/lib\libctru.a(fs.o)
                0x001223ac                FSUSER_RenameFile
 .text.FSUSER_DeleteDirectory
                0x001224a4       0xbc C:/devkitPro/libctru/lib\libctru.a(fs.o)
                0x001224a4                FSUSER_DeleteDirectory
 .text.FSUSER_CreateFile
                0x00122560       0xd4 C:/devkitPro/libctru/lib\libctru.a(fs.o)
                0x00122560                FSUSER_CreateFile
 .text.FSUSER_CreateDirectory
                0x00122634       0xc4 C:/devkitPro/libctru/lib\libctru.a(fs.o)
                0x00122634                FSUSER_CreateDirectory
 .text.FSUSER_RenameDirectory
                0x001226f8       0xf8 C:/devkitPro/libctru/lib\libctru.a(fs.o)
                0x001226f8                FSUSER_RenameDirectory
 .text.FSUSER_OpenDirectory
                0x001227f0       0xb4 C:/devkitPro/libctru/lib\libctru.a(fs.o)
                0x001227f0                FSUSER_OpenDirectory
 .text.FSUSER_OpenArchive
                0x001228a4       0x94 C:/devkitPro/libctru/lib\libctru.a(fs.o)
                0x001228a4                FSUSER_OpenArchive
 .text.FSUSER_CloseArchive
                0x00122938       0x8c C:/devkitPro/libctru/lib\libctru.a(fs.o)
                0x00122938                FSUSER_CloseArchive
 .text.FSUSER_GetSdmcArchiveResource
                0x001229c4       0x74 C:/devkitPro/libctru/lib\libctru.a(fs.o)
                0x001229c4                FSUSER_GetSdmcArchiveResource
 .text.FSUSER_IsSdmcWritable
                0x00122a38       0x64 C:/devkitPro/libctru/lib\libctru.a(fs.o)
                0x00122a38                FSUSER_IsSdmcWritable
 .text.FSFILE_Read
                0x00122a9c       0x58 C:/devkitPro/libctru/lib\libctru.a(fs.o)
                0x00122a9c                FSFILE_Read
 .text.FSFILE_Write
                0x00122af4       0x60 C:/devkitPro/libctru/lib\libctru.a(fs.o)
                0x00122af4                FSFILE_Write
 .text.FSFILE_GetSize
                0x00122b54       0x38 C:/devkitPro/libctru/lib\libctru.a(fs.o)
                0x00122b54                FSFILE_GetSize
 .text.FSFILE_SetSize
                0x00122b8c       0x28 C:/devkitPro/libctru/lib\libctru.a(fs.o)
                0x00122b8c                FSFILE_SetSize
 .text.FSFILE_Close
                0x00122bb4       0x3c C:/devkitPro/libctru/lib\libctru.a(fs.o)
                0x00122bb4                FSFILE_Close
 .text.FSFILE_Flush
                0x00122bf0       0x24 C:/devkitPro/libctru/lib\libctru.a(fs.o)
                0x00122bf0                FSFILE_Flush
 .text.FSDIR_Read
                0x00122c14       0x50 C:/devkitPro/libctru/lib\libctru.a(fs.o)
                0x00122c14                FSDIR_Read
 .text.FSDIR_Close
                0x00122c64       0x3c C:/devkitPro/libctru/lib\libctru.a(fs.o)
                0x00122c64                FSDIR_Close
 .text.decode_utf8
                0x00122ca0      0x13c C:/devkitPro/libctru/lib\libctru.a(decode_utf8.o)
                0x00122ca0                decode_utf8
 .text.utf16_to_utf8
                0x00122ddc       0xe8 C:/devkitPro/libctru/lib\libctru.a(utf16_to_utf8.o)
                0x00122ddc                utf16_to_utf8
 .text.utf8_to_utf16
                0x00122ec4       0xc0 C:/devkitPro/libctru/lib\libctru.a(utf8_to_utf16.o)
                0x00122ec4                utf8_to_utf16
 .text.__aeabi_read_tp
                0x00122f84        0xc C:/devkitPro/libctru/lib\libctru.a(readtp.o)
                0x00122f84                __aeabi_read_tp
 .text.decode_utf16
                0x00122f90       0x64 C:/devkitPro/libctru/lib\libctru.a(decode_utf16.o)
                0x00122f90                decode_utf16
 .text.encode_utf16
                0x00122ff4       0x54 C:/devkitPro/libctru/lib\libctru.a(encode_utf16.o)
                0x00122ff4                encode_utf16
 .text.encode_utf8
                0x00123048       0xe0 C:/devkitPro/libctru/lib\libctru.a(encode_utf8.o)
                0x00123048                encode_utf8
 .text.frexp    0x00123128       0x88 C:/devkitPro/devkitARM/bin/../lib/gcc/arm-none-eabi/13.2.0/../../../../arm-none-eabi/lib/armv6k/fpu\libm.a(libm_a-s_frexp.o)
                0x00123128                frexp
 .text.pow      0x001231b0      0x738 C:/devkitPro/devkitARM/bin/../lib/gcc/arm-none-eabi/13.2.0/../../../../arm-none-eabi/lib/armv6k/fpu\libm.a(libm_a-pow.o)
                0x001231b0                pow
 .text.floor    0x001238e8      0x144 C:/devkitPro/devkitARM/bin/../lib/gcc/arm-none-eabi/13.2.0/../../../../arm-none-eabi/lib/armv6k/fpu\libm.a(libm_a-s_floor.o)
                0x001238e8                floor
 .text.with_errno
                0x00123a2c       0x24 C:/devkitPro/devkitARM/bin/../lib/gcc/arm-none-eabi/13.2.0/../../../../arm-none-eabi/lib/armv6k/fpu\libm.a(libm_a-math_err.o)
 .text.xflow    0x00123a50       0x28 C:/devkitPro/devkitARM/bin/../lib/gcc/arm-none-eabi/13.2.0/../../../../arm-none-eabi/lib/armv6k/fpu\libm.a(libm_a-math_err.o)
 .text.__math_uflow
                0x00123a78       0x10 C:/devkitPro/devkitARM/bin/../lib/gcc/arm-none-eabi/13.2.0/../../../../arm-none-eabi/lib/armv6k/fpu\libm.a(libm_a-math_err.o)
                0x00123a78                __math_uflow
 .text.__math_oflow
                0x00123a88       0x10 C:/devkitPro/devkitARM/bin/../lib/gcc/arm-none-eabi/13.2.0/../../../../arm-none-eabi/lib/armv6k/fpu\libm.a(libm_a-math_err.o)
                0x00123a88                __math_oflow
 .text.__math_divzero
                0x00123a98       0x50 C:/devkitPro/devkitARM/bin/../lib/gcc/arm-none-eabi/13.2.0/../../../../arm-none-eabi/lib/armv6k/fpu\libm.a(libm_a-math_err.o)
                0x00123a98                __math_divzero
 .text.__math_invalid
                0x00123ae8       0x1c C:/devkitPro/devkitARM/bin/../lib/gcc/arm-none-eabi/13.2.0/../../../../arm-none-eabi/lib/armv6k/fpu\libm.a(libm_a-math_err.o)
                0x00123ae8                __math_invalid
 .text.__math_check_uflow
                0x00123b04       0x14 C:/devkitPro/devkitARM/bin/../lib/gcc/arm-none-eabi/13.2.0/../../../../arm-none-eabi/lib/armv6k/fpu\libm.a(libm_a-math_err.o)
                0x00123b04                __math_check_uflow
 .text.__math_check_oflow
                0x00123b18       0x28 C:/devkitPro/devkitARM/bin/../lib/gcc/arm-none-eabi/13.2.0/../../../../arm-none-eabi/lib/armv6k/fpu\libm.a(libm_a-math_err.o)
                0x00123b18                __math_check_oflow
 .text.__udivmoddi4
                0x00123b40      0x120 C:/devkitPro/devkitARM/bin/../lib/gcc/arm-none-eabi/13.2.0/armv6k/fpu\libgcc.a(_udivmoddi4.o)
                0x00123b40                __udivmoddi4
 .text.printf   0x00123c60       0x34 C:/devkitPro/devkitARM/bin/../lib/gcc/arm-none-eabi/13.2.0/../../../../arm-none-eabi/lib/armv6k/fpu\libg.a(libc_a-printf.o)
                0x00123c60                printf
 .text.memalign
                0x00123c94       0x20 C:/devkitPro/devkitARM/bin/../lib/gcc/arm-none-eabi/13.2.0/../../../../arm-none-eabi/lib/armv6k/fpu\libg.a(libc_a-malign.o)
                0x00123c94                memalign
 .text._memalign_r
                0x00123cb4      0x14c C:/devkitPro/devkitARM/bin/../lib/gcc/arm-none-eabi/13.2.0/../../../../arm-none-eabi/lib/armv6k/fpu\libg.a(libc_a-malignr.o)
                0x00123cb4                _memalign_r
 .text.sprintf  0x00123e00       0x64 C:/devkitPro/devkitARM/bin/../lib/gcc/arm-none-eabi/13.2.0/../../../../arm-none-eabi/lib/armv6k/fpu\libg.a(libc_a-sprintf.o)
                0x00123e00                sprintf
 .text._puts_r  0x00123e64       0xe0 C:/devkitPro/devkitARM/bin/../lib/gcc/arm-none-eabi/13.2.0/../../../../arm-none-eabi/lib/armv6k/fpu\libg.a(libc_a-puts.o)
                0x00123e64                _puts_r
 .text.puts     0x00123f44       0x18 C:/devkitPro/devkitARM/bin/../lib/gcc/arm-none-eabi/13.2.0/../../../../arm-none-eabi/lib/armv6k/fpu\libg.a(libc_a-puts.o)
                0x00123f44                puts
 .text.bsearch  0x00123f5c       0x78 C:/devkitPro/devkitARM/bin/../lib/gcc/arm-none-eabi/13.2.0/../../../../arm-none-eabi/lib/armv6k/fpu\libg.a(libc_a-bsearch.o)
                0x00123f5c                bsearch
 .text.abort    0x00123fd4       0x14 C:/devkitPro/devkitARM/bin/../lib/gcc/arm-none-eabi/13.2.0/../../../../arm-none-eabi/lib/armv6k/fpu\libg.a(libc_a-abort.o)
                0x00123fd4                abort
 .text.sscanf   0x00123fe8       0x74 C:/devkitPro/devkitARM/bin/../lib/gcc/arm-none-eabi/13.2.0/../../../../arm-none-eabi/lib/armv6k/fpu\libg.a(libc_a-sscanf.o)
                0x00123fe8                sscanf
 .text.__sread  0x0012405c       0x44 C:/devkitPro/devkitARM/bin/../lib/gcc/arm-none-eabi/13.2.0/../../../../arm-none-eabi/lib/armv6k/fpu\libg.a(libc_a-stdio.o)
                0x0012405c                __sread
 .text.__seofread
                0x001240a0        0x8 C:/devkitPro/devkitARM/bin/../lib/gcc/arm-none-eabi/13.2.0/../../../../arm-none-eabi/lib/armv6k/fpu\libg.a(libc_a-stdio.o)
                0x001240a0                __seofread
 .text.__swrite
                0x001240a8       0x68 C:/devkitPro/devkitARM/bin/../lib/gcc/arm-none-eabi/13.2.0/../../../../arm-none-eabi/lib/armv6k/fpu\libg.a(libc_a-stdio.o)
                0x001240a8                __swrite
 .text.__sseek  0x00124110       0x44 C:/devkitPro/devkitARM/bin/../lib/gcc/arm-none-eabi/13.2.0/../../../../arm-none-eabi/lib/armv6k/fpu\libg.a(libc_a-stdio.o)
                0x00124110                __sseek
 .text.__sclose
                0x00124154        0x8 C:/devkitPro/devkitARM/bin/../lib/gcc/arm-none-eabi/13.2.0/../../../../arm-none-eabi/lib/armv6k/fpu\libg.a(libc_a-stdio.o)