Archive member included to satisfy reference by file (symbol)

C:/devkitPro/libctru/lib\libctru.a(console.o)
                              main.o (consoleInit)
C:/devkitPro/libctru/lib\libctru.a(gfx.o)
                              main.o (gfxSet3D)
C:/devkitPro/libctru/lib\libctru.a(cfgu.o)
                              main.o (CFGU_GetConfigInfoBlk2)
C:/devkitPro/libctru/lib\libctru.a(gspgpu.o)
                              C:/devkitPro/libctru/lib\libctru.a(gfx.o) (gspInit)
C:/devkitPro/libctru/lib\libctru.a(hid.o)
                              main.o (hidScanInput)
C:/devkitPro/libctru/lib\libctru.a(apt.o)
                              main.o (aptExit)
C:/devkitPro/libctru/lib\libctru.a(ctru_init.o)
                              C:/devkitPro/libctru/lib\libctru.a(apt.o) (__system_retAddr)
C:/devkitPro/libctru/lib\libctru.a(initArgv.o)
                              C:/devkitPro/libctru/lib\libctru.a(ctru_init.o) (__system_initArgv)
C:/devkitPro/libctru/lib\libctru.a(svc.o)
                              C:/devkitPro/libctru/lib\libctru.a(apt.o) (svcSleepThread)
C:/devkitPro/libctru/lib\libctru.a(stack_adjust.o)
                              C:/devkitPro/devkitARM/bin/../lib/gcc/arm-none-eabi/13.2.0/../../../../arm-none-eabi/lib/armv6k/fpu/3dsx_crt0.o (initSystem)
C:/devkitPro/libctru/lib\libctru.a(default_font.bin.o)
                              C:/devkitPro/libctru/lib\libctru.a(console.o) (default_font_bin)
C:/devkitPro/libctru/lib\libctru.a(vram.o)
                              C:/devkitPro/libctru/lib\libctru.a(gfx.o) (vramAlloc)
C:/devkitPro/libctru/lib\libctru.a(linear.o)
                              C:/devkitPro/libctru/lib\libctru.a(gfx.o) (linearAlloc)
C:/devkitPro/libctru/lib\libctru.a(mem_pool.o)
                              C:/devkitPro/libctru/lib\libctru.a(vram.o) (MemPool::Allocate(MemChunk&, unsigned long, int))
C:/devkitPro/libctru/lib\libctru.a(synchronization.o)
                              C:/devkitPro/libctru/lib\libctru.a(ctru_init.o) (__sync_init)
C:/devkitPro/libctru/lib\libctru.a(os.o)
                              C:/devkitPro/libctru/lib\libctru.a(apt.o) (__ctru_speedup_config)
C:/devkitPro/libctru/lib\libctru.a(3dslink.o)
                              C:/devkitPro/libctru/lib\libctru.a(initArgv.o) (__3dslink_host)
C:/devkitPro/libctru/lib\libctru.a(srv.o)
                              C:/devkitPro/libctru/lib\libctru.a(apt.o) (srvInit)
C:/devkitPro/libctru/lib\libctru.a(thread.o)
                              C:/devkitPro/libctru/lib\libctru.a(gspgpu.o) (threadCreate)
C:/devkitPro/libctru/lib\libctru.a(mappable.o)
                              C:/devkitPro/libctru/lib\libctru.a(gspgpu.o) (mappableAlloc)
C:/devkitPro/libctru/lib\libctru.a(irrst.o)
                              C:/devkitPro/libctru/lib\libctru.a(hid.o) (irrstInit)
C:/devkitPro/libctru/lib\libctru.a(srvpm.o)
                              C:/devkitPro/libctru/lib\libctru.a(srv.o) (srvPmGetSessionHandle)
C:/devkitPro/libctru/lib\libctru.a(ptmsysm.o)
                              C:/devkitPro/libctru/lib\libctru.a(os.o) (ptmSysmInit)
C:/devkitPro/libctru/lib\libctru.a(soc_connect.o)
                              C:/devkitPro/libctru/lib\libctru.a(3dslink.o) (connect)
C:/devkitPro/libctru/lib\libctru.a(soc_socket.o)
                              C:/devkitPro/libctru/lib\libctru.a(3dslink.o) (socket)
C:/devkitPro/libctru/lib\libctru.a(soc_common.o)
                              C:/devkitPro/libctru/lib\libctru.a(soc_connect.o) (_net_convert_error)
C:/devkitPro/libctru/lib\libctru.a(rbtree_init.o)
                              C:/devkitPro/libctru/lib\libctru.a(vram.o) (rbtree_init)
C:/devkitPro/libctru/lib\libctru.a(rbtree_insert.o)
                              C:/devkitPro/libctru/lib\libctru.a(vram.o) (rbtree_insert)
C:/devkitPro/libctru/lib\libctru.a(rbtree_rotate.o)
                              C:/devkitPro/libctru/lib\libctru.a(rbtree_insert.o) (rbtree_rotate)
C:/devkitPro/libctru/lib\libctru.a(rbtree_remove.o)
                              C:/devkitPro/libctru/lib\libctru.a(vram.o) (rbtree_remove)
C:/devkitPro/libctru/lib\libctru.a(rbtree_find.o)
                              C:/devkitPro/libctru/lib\libctru.a(vram.o) (rbtree_find)
C:/devkitPro/libctru/lib\libctru.a(appInit.o)
                              C:/devkitPro/libctru/lib\libctru.a(stack_adjust.o) (__appInit)
C:/devkitPro/libctru/lib\libctru.a(syscalls.o)
                              C:/devkitPro/libctru/lib\libctru.a(thread.o) (initThreadVars)
C:/devkitPro/libctru/lib\libctru.a(allocateHeaps.o)
                              C:/devkitPro/libctru/lib\libctru.a(ctru_init.o) (__system_allocateHeaps)
C:/devkitPro/libctru/lib\libctru.a(appExit.o)
                              C:/devkitPro/libctru/lib\libctru.a(stack_adjust.o) (__appExit)
C:/devkitPro/libctru/lib\libctru.a(ctru_exit.o)
                              C:/devkitPro/libctru/lib\libctru.a(stack_adjust.o) (__libctru_exit)
C:/devkitPro/libctru/lib\libctru.a(env.o)
[...]
Memory Configuration

Name             Origin             Length             Attributes
*default*        0x00000000         0xffffffff

Linker script and memory map

                0x00100000                        PROVIDE (__start__ = 0x100000)
                0x00100000                        . = __start__

.text           0x00100000    0x23638
 *(.crt0)
 .crt0          0x00100000       0x94 C:/devkitPro/devkitARM/bin/../lib/gcc/arm-none-eabi/13.2.0/../../../../arm-none-eabi/lib/armv6k/fpu/3dsx_crt0.o
                0x00100000                _start
                0x00100008                __service_ptr
                0x0010000c                __apt_appid
                0x00100010                __heap_size
                0x00100014                __linear_heap_size
                0x00100018                __system_arglist
                0x0010001c                __system_runflags
 *(.init)
 .init          0x00100094        0xc C:/devkitPro/devkitARM/bin/../lib/gcc/arm-none-eabi/13.2.0/armv6k/fpu/crti.o
                0x00100094                _init
 .init          0x001000a0        0xc C:/devkitPro/devkitARM/bin/../lib/gcc/arm-none-eabi/13.2.0/armv6k/fpu/crtn.o
                0x001000ac                        . = ALIGN (0x4)
 *(.text)
 *fill*         0x001000ac        0x4 
 .text          0x001000b0     0x21a0 main.o
                0x001000b0                compareScore(HIGH_SCORE const&, HIGH_SCORE const&)
                0x001000c8                split(char*, char)
                0x001001f8                getProfileName()
                0x0010024c                getHighScores()
                0x001002f4                srv_get_microseconds()
                0x00100324                ClearScreenBuffer(gfxScreen_t)
                0x00100378                color_pixel(int, int, unsigned char, unsigned char, unsigned char, unsigned char*)
                0x001003bc                drawImage(gfxScreen_t, void const*, int, int, int, int)
                0x001004a4                drawBackground(gfxScreen_t, void const*, int)
                0x001004ec                srv_Flip()
                0x001005cc                memset(unsigned char*, int, unsigned int)
                0x001005dc                disableBacklight()
                0x00100624                Init()
                0x00100734                Shutdown()
                0x001007d4                HandleWinLoseInput()
                0x001008d0                CheckEntityCollisions(cSquare*, Direction)
                0x00100974                CheckEntityCollisions(cBlock*, Direction)
                0x001009a4                CheckWallCollisions(cSquare*, Direction)
                0x001009fc                CheckWallCollisions(cBlock*, Direction)
                0x00100aac                CheckRotationCollisions(cBlock*, Direction)
                0x00100bc0                HandleGameInput()
                0x0010106c                CheckCompletedLines()
                0x00101234                ChangeFocusBlock()
                0x0010131c                saveHighScores(bool)
                0x001016c8                loadHighScores()
                0x00101898                addNewHighScore(int, int)
                0x00101990                GameWon()
                0x001019fc                CheckWin()
                0x00101a14                GameLost()
                0x00101a80                CheckLoss()
                0x00101b04                HandleBottomCollision()
                0x00102224                Game()
 .text          0x00102250      0x240 C:/devkitPro/devkitARM/bin/../lib/gcc/arm-none-eabi/13.2.0/armv6k/fpu\libgcc.a(_divsi3.o)
                0x00102250                __divsi3
                0x00102250                __aeabi_idiv
                0x00102470                __aeabi_idivmod
 .text          0x00102490        0x4 C:/devkitPro/devkitARM/bin/../lib/gcc/arm-none-eabi/13.2.0/armv6k/fpu\libgcc.a(_dvmd_tls.o)
                0x00102490                __aeabi_idiv0
                0x00102490                __aeabi_ldiv0
 .text          0x00102494      0x3c0 C:/devkitPro/devkitARM/bin/../lib/gcc/arm-none-eabi/13.2.0/armv6k/fpu\libgcc.a(_arm_addsubdf3.o)
                0x00102494                __aeabi_drsub
                0x0010249c                __aeabi_dsub
                0x0010249c                __subdf3
                0x001024a0                __aeabi_dadd
                0x001024a0                __adddf3
                0x0010274c                __floatunsidf
                0x0010274c                __aeabi_ui2d
                0x00102770                __floatsidf
                0x00102770                __aeabi_i2d
                0x00102798                __aeabi_f2d
                0x00102798                __extendsfdf2
                0x001027e0                __floatundidf
                0x001027e0                __aeabi_ul2d
                0x001027f4                __floatdidf
                0x001027f4                __aeabi_l2d
 .text          0x00102854       0xd4 C:/devkitPro/devkitARM/bin/../lib/gcc/arm-none-eabi/13.2.0/armv6k/fpu\libgcc.a(_aeabi_ldivmod.o)
                0x00102854                __aeabi_ldivmod
 .text          0x00102928       0x3c C:/devkitPro/devkitARM/bin/../lib/gcc/arm-none-eabi/13.2.0/armv6k/fpu\libgcc.a(_aeabi_uldivmod.o)
                0x00102928                __aeabi_uldivmod
 .text          0x00102964      0x1a8 C:/devkitPro/devkitARM/bin/../lib/gcc/arm-none-eabi/13.2.0/armv6k/fpu\libgcc.a(libunwind.o)
                0x00102964                __restore_core_regs
                0x00102964                restore_core_regs
                0x00102978                __gnu_Unwind_Restore_VFP
                0x00102980                __gnu_Unwind_Save_VFP
                0x00102988                __gnu_Unwind_Restore_VFP_D
                0x00102990                __gnu_Unwind_Save_VFP_D
                0x00102998                __gnu_Unwind_Restore_VFP_D_16_to_31
                0x001029a0                __gnu_Unwind_Save_VFP_D_16_to_31
                0x001029a8                __gnu_Unwind_Restore_WMMXD
                0x001029ec                __gnu_Unwind_Save_WMMXD
                0x00102a30                __gnu_Unwind_Restore_WMMXC
                0x00102a44                __gnu_Unwind_Save_WMMXC
                0x00102a58                ___Unwind_RaiseException
                0x00102a58                _Unwind_RaiseException
                0x00102a7c                _Unwind_Resume
                0x00102a7c                ___Unwind_Resume
                0x00102aa0                _Unwind_Resume_or_Rethrow
                0x00102aa0                ___Unwind_Resume_or_Rethrow
                0x00102ac4                _Unwind_ForcedUnwind
                0x00102ac4                ___Unwind_ForcedUnwind
                0x00102ae8                ___Unwind_Backtrace
                0x00102ae8                _Unwind_Backtrace
 *fill*         0x00102b0c       0x14 
 .text          0x00102b20      0x390 C:/devkitPro/devkitARM/bin/../lib/gcc/arm-none-eabi/13.2.0/../../../../arm-none-eabi/lib/armv6k/fpu\libg.a(libc_a-strcmp.o)
                0x00102b28                strcmp
 .text          0x00102eb0      0x20c C:/devkitPro/devkitARM/bin/../lib/gcc/arm-none-eabi/13.2.0/armv6k/fpu\libgcc.a(_udivsi3.o)
                0x00102eb0                __aeabi_uidiv
                0x00102eb0                __udivsi3
                0x0010309c                __aeabi_uidivmod
 *(.text.*)
 .text.__do_global_dtors_aux
                0x001030bc       0x40 C:/devkitPro/devkitARM/bin/../lib/gcc/arm-none-eabi/13.2.0/armv6k/fpu/crtbegin.o
 .text.frame_dummy
                0x001030fc       0x2c C:/devkitPro/devkitARM/bin/../lib/gcc/arm-none-eabi/13.2.0/armv6k/fpu/crtbegin.o
 .text._ZN7cSquare4DrawEv
                0x00103128       0xe4 main.o
                0x00103128                cSquare::Draw()
 .text._ZN6cBlock12SetupSquaresEii
                0x0010320c      0x420 main.o
                0x0010320c                cBlock::SetupSquares(int, int)
 .text._ZNSt6vectorI10HIGH_SCORESaIS0_EE17_M_realloc_insertIJRKS0_EEEvN9__gnu_cxx17__normal_iteratorIPS0_S2_EEDpOT_
                0x0010362c      0x154 main.o
                0x0010362c                void std::vector<HIGH_SCORE, std::allocator<HIGH_SCORE> >::_M_realloc_insert<HIGH_SCORE const&>(__gnu_cxx::__normal_iterator<HIGH_SCORE*, std::vector<HIGH_SCORE, std::allocator<HIGH_SCORE> > >, HIGH_SCORE const&)
 .text._ZNSt6vectorIP7cSquareSaIS1_EE17_M_realloc_insertIJRKS1_EEEvN9__gnu_cxx17__normal_iteratorIPS1_S3_EEDpOT_
                0x00103780      0x140 main.o
                0x00103780                void std::vector<cSquare*, std::allocator<cSquare*> >::_M_realloc_insert<cSquare* const&>(__gnu_cxx::__normal_iterator<cSquare**, std::vector<cSquare*, std::allocator<cSquare*> > >, cSquare* const&)
 .text._ZSt25__unguarded_linear_insertIN9__gnu_cxx17__normal_iteratorIP10HIGH_SCORESt6vectorIS2_SaIS2_EEEENS0_5__ops14_Val_comp_iterIPFbRKS2_SB_EEEEvT_T0_
                0x001038c0       0x80 main.o
                0x001038c0                void std::__unguarded_linear_insert<__gnu_cxx::__normal_iterator<HIGH_SCORE*, std::vector<HIGH_SCORE, std::allocator<HIGH_SCORE> > >, __gnu_cxx::__ops::_Val_comp_iter<bool (*)(HIGH_SCORE const&, HIGH_SCORE const&)> >(__gnu_cxx::__normal_iterator<HIGH_SCORE*, std::vector<HIGH_SCORE, std::allocator<HIGH_SCORE> > >, __gnu_cxx::__ops::_Val_comp_iter<bool (*)(HIGH_SCORE const&, HIGH_SCORE const&)>)
 .text._ZSt16__insertion_sortIN9__gnu_cxx17__normal_iteratorIP10HIGH_SCORESt6vectorIS2_SaIS2_EEEENS0_5__ops15_Iter_comp_iterIPFbRKS2_SB_EEEEvT_SF_T0_
                0x00103940       0xd0 main.o
                0x00103940                void std::__insertion_sort<__gnu_cxx::__normal_iterator<HIGH_SCORE*, std::vector<HIGH_SCORE, std::allocator<HIGH_SCORE> > >, __gnu_cxx::__ops::_Iter_comp_iter<bool (*)(HIGH_SCORE const&, HIGH_SCORE const&)> >(__gnu_cxx::__normal_iterator<HIGH_SCORE*, std::vector<HIGH_SCORE, std::allocator<HIGH_SCORE> > >, __gnu_cxx::__normal_iterator<HIGH_SCORE*, std::vector<HIGH_SCORE, std::allocator<HIGH_SCORE> > >, __gnu_cxx::__ops::_Iter_comp_iter<bool (*)(HIGH_SCORE const&, HIGH_SCORE const&)>)
 .text._ZSt22__final_insertion_sortIN9__gnu_cxx17__normal_iteratorIP10HIGH_SCORESt6vectorIS2_SaIS2_EEEENS0_5__ops15_Iter_comp_iterIPFbRKS2_SB_EEEEvT_SF_T0_
                0x00103a10       0x50 main.o
                0x00103a10                void std::__final_insertion_sort<__gnu_cxx::__normal_iterator<HIGH_SCORE*, std::vector<HIGH_SCORE, std::allocator<HIGH_SCORE> > >, __gnu_cxx::__ops::_Iter_comp_iter<bool (*)(HIGH_SCORE const&, HIGH_SCORE const&)> >(__gnu_cxx::__normal_iterator<HIGH_SCORE*, std::vector<HIGH_SCORE, std::allocator<HIGH_SCORE> > >, __gnu_cxx::__normal_iterator<HIGH_SCORE*, std::vector<HIGH_SCORE, std::allocator<HIGH_SCORE> > >, __gnu_cxx::__ops::_Iter_comp_iter<bool (*)(HIGH_SCORE const&, HIGH_SCORE const&)>)
 .text._ZSt13__adjust_heapIN9__gnu_cxx17__normal_iteratorIP10HIGH_SCORESt6vectorIS2_SaIS2_EEEEiS2_NS0_5__ops15_Iter_comp_iterIPFbRKS2_SB_EEEEvT_T0_SG_T1_T2_
                0x00103a60      0x1d8 main.o
                0x00103a60                void std::__adjust_heap<__gnu_cxx::__normal_iterator<HIGH_SCORE*, std::vector<HIGH_SCORE, std::allocator<HIGH_SCORE> > >, int, HIGH_SCORE, __gnu_cxx::__ops::_Iter_comp_iter<bool (*)(HIGH_SCORE const&, HIGH_SCORE const&)> >(__gnu_cxx::__normal_iterator<HIGH_SCORE*, std::vector<HIGH_SCORE, std::allocator<HIGH_SCORE> > >, int, int, HIGH_SCORE, __gnu_cxx::__ops::_Iter_comp_iter<bool (*)(HIGH_SCORE const&, HIGH_SCORE const&)>)
 .text._ZSt16__introsort_loopIN9__gnu_cxx17__normal_iteratorIP10HIGH_SCORESt6vectorIS2_SaIS2_EEEEiNS0_5__ops15_Iter_comp_iterIPFbRKS2_SB_EEEEvT_SF_T0_T1_
                0x00103c38      0x36c main.o
                0x00103c38                void std::__introsort_loop<__gnu_cxx::__normal_iterator<HIGH_SCORE*, std::vector<HIGH_SCORE, std::allocator<HIGH_SCORE> > >, int, __gnu_cxx::__ops::_Iter_comp_iter<bool (*)(HIGH_SCORE const&, HIGH_SCORE const&)> >(__gnu_cxx::__normal_iterator<HIGH_SCORE*, std::vector<HIGH_SCORE, std::allocator<HIGH_SCORE> > >, __gnu_cxx::__normal_iterator<HIGH_SCORE*, std::vector<HIGH_SCORE, std::allocator<HIGH_SCORE> > >, int, __gnu_cxx::__ops::_Iter_comp_iter<bool (*)(HIGH_SCORE const&, HIGH_SCORE const&)>)
 *fill*         0x00103fa4        0x4 
 .text.startup  0x00103fa8       0xf4 main.o
                0x00103fa8                main
 .text.exit     0x0010409c       0x30 main.o
 .text.consoleHandleColorEsc
                0x001040cc      0x51c C:/devkitPro/libctru/lib\libctru.a(console.o)
 .text.consoleColorStateShift
                0x001045e8       0xb8 C:/devkitPro/libctru/lib\libctru.a(console.o)
 .text.consoleDrawChar
                0x001046a0      0x1ac C:/devkitPro/libctru/lib\libctru.a(console.o)
                0x001046a0                consoleDrawChar
 .text.consolePrintChar
                0x0010484c      0x124 C:/devkitPro/libctru/lib\libctru.a(console.o)
                0x0010484c                consolePrintChar
 .text.con_write
                0x00104970      0x6f4 C:/devkitPro/libctru/lib\libctru.a(console.o)
                0x00104970                con_write
 .text.newRow   0x00105064       0xfc C:/devkitPro/libctru/lib\libctru.a(console.o)
 .text.consoleInit
                0x00105160      0x18c C:/devkitPro/libctru/lib\libctru.a(console.o)
                0x00105160                consoleInit
 .text.consoleClear
                0x001052ec       0xb8 C:/devkitPro/libctru/lib\libctru.a(console.o)
                0x001052ec                consoleClear
 .text.gfxPresentFramebuffer
                0x001053a4       0xd0 C:/devkitPro/libctru/lib\libctru.a(gfx.o)
 .text.gfxSet3D
                0x00105474       0x10 C:/devkitPro/libctru/lib\libctru.a(gfx.o)
                0x00105474                gfxSet3D
 .text.gfxIsWide
                0x00105484       0x1c C:/devkitPro/libctru/lib\libctru.a(gfx.o)
                0x00105484                gfxIsWide
 .text.gfxSetScreenFormat
                0x001054a0       0xec C:/devkitPro/libctru/lib\libctru.a(gfx.o)
                0x001054a0                gfxSetScreenFormat
 .text.gfxSetDoubleBuffering
                0x0010558c       0x10 C:/devkitPro/libctru/lib\libctru.a(gfx.o)
                0x0010558c                gfxSetDoubleBuffering
 .text.gfxInit  0x0010559c       0xe0 C:/devkitPro/libctru/lib\libctru.a(gfx.o)
                0x0010559c                gfxInit
 .text.gfxInitDefault
                0x0010567c       0x10 C:/devkitPro/libctru/lib\libctru.a(gfx.o)
                0x0010567c                gfxInitDefault
 .text.gfxExit  0x0010568c       0xb4 C:/devkitPro/libctru/lib\libctru.a(gfx.o)
                0x0010568c                gfxExit
 .text.gfxGetFramebuffer
                0x00105740       0xa0 C:/devkitPro/libctru/lib\libctru.a(gfx.o)
                0x00105740                gfxGetFramebuffer
 .text.gfxFlushBuffers
                0x001057e0      0x104 C:/devkitPro/libctru/lib\libctru.a(gfx.o)
                0x001057e0                gfxFlushBuffers
 .text.gfxSwapBuffers
                0x001058e4       0x50 C:/devkitPro/libctru/lib\libctru.a(gfx.o)
                0x001058e4                gfxSwapBuffers
 .text.gfxSwapBuffersGpu
                0x00105934       0x50 C:/devkitPro/libctru/lib\libctru.a(gfx.o)
                0x00105934                gfxSwapBuffersGpu
 .text.CFGU_GetConfigInfoBlk2
                0x00105984       0x4c C:/devkitPro/libctru/lib\libctru.a(cfgu.o)
                0x00105984                CFGU_GetConfigInfoBlk2
 .text.gspHardwareInit
                0x001059d0      0xc64 C:/devkitPro/libctru/lib\libctru.a(gspgpu.o)
 .text.gspInit  0x00106634      0x248 C:/devkitPro/libctru/lib\libctru.a(gspgpu.o)
                0x00106634                gspInit
 .text.gspExit  0x0010687c       0xf0 C:/devkitPro/libctru/lib\libctru.a(gspgpu.o)
                0x0010687c                gspExit
 .text.gspHasGpuRight
                0x0010696c       0x10 C:/devkitPro/libctru/lib\libctru.a(gspgpu.o)
                0x0010696c                gspHasGpuRight
 .text.gspPresentBuffer
                0x0010697c       0xa0 C:/devkitPro/libctru/lib\libctru.a(gspgpu.o)
                0x0010697c                gspPresentBuffer
 .text.gspWaitForEvent
                0x00106a1c       0x44 C:/devkitPro/libctru/lib\libctru.a(gspgpu.o)
                0x00106a1c                gspWaitForEvent
 .text.gxCmdQueueInterrupt
                0x00106a60        0x4 C:/devkitPro/libctru/lib\libctru.a(gspgpu.o)
                0x00106a60                gxCmdQueueInterrupt
 .text.gspEventThreadMain
                0x00106a64      0x158 C:/devkitPro/libctru/lib\libctru.a(gspgpu.o)
 .text.GSPGPU_WriteHWRegs
                0x00106bbc       0x64 C:/devkitPro/libctru/lib\libctru.a(gspgpu.o)
                0x00106bbc                GSPGPU_WriteHWRegs
 .text.GSPGPU_ReadHWRegs
                0x00106c20       0x68 C:/devkitPro/libctru/lib\libctru.a(gspgpu.o)
                0x00106c20                GSPGPU_ReadHWRegs
 .text.GSPGPU_FlushDataCache
                0x00106c88       0x50 C:/devkitPro/libctru/lib\libctru.a(gspgpu.o)
                0x00106c88                GSPGPU_FlushDataCache
 .text.GSPGPU_SetLcdForceBlack
                0x00106cd8       0x34 C:/devkitPro/libctru/lib\libctru.a(gspgpu.o)
                0x00106cd8                GSPGPU_SetLcdForceBlack
 .text.GSPGPU_AcquireRight
                0x00106d0c       0x68 C:/devkitPro/libctru/lib\libctru.a(gspgpu.o)
                0x00106d0c                GSPGPU_AcquireRight
 .text.GSPGPU_ReleaseRight
                0x00106d74       0x48 C:/devkitPro/libctru/lib\libctru.a(gspgpu.o)
                0x00106d74                GSPGPU_ReleaseRight
 .text.GSPGPU_ImportDisplayCaptureInfo
                0x00106dbc       0x7c C:/devkitPro/libctru/lib\libctru.a(gspgpu.o)
                0x00106dbc                GSPGPU_ImportDisplayCaptureInfo
 .text.GSPGPU_SaveVramSysArea
                0x00106e38       0x2c C:/devkitPro/libctru/lib\libctru.a(gspgpu.o)
                0x00106e38                GSPGPU_SaveVramSysArea
 .text.GSPGPU_RestoreVramSysArea
                0x00106e64       0x2c C:/devkitPro/libctru/lib\libctru.a(gspgpu.o)
                0x00106e64                GSPGPU_RestoreVramSysArea
 .text.hidShouldUseIrrst
                0x00106e90       0x24 C:/devkitPro/libctru/lib\libctru.a(hid.o)
                0x00106e90                hidShouldUseIrrst
 .text.hidInit  0x00106eb4      0x18c C:/devkitPro/libctru/lib\libctru.a(hid.o)
                0x00106eb4                hidInit
 .text.hidExit  0x00107040       0xe8 C:/devkitPro/libctru/lib\libctru.a(hid.o)
                0x00107040                hidExit
 .text.hidScanInput
                0x00107128      0x2a4 C:/devkitPro/libctru/lib\libctru.a(hid.o)
                0x00107128                hidScanInput
 .text.hidKeysHeld
                0x001073cc       0x10 C:/devkitPro/libctru/lib\libctru.a(hid.o)
                0x001073cc                hidKeysHeld
 .text.hidKeysDown
                0x001073dc       0x10 C:/devkitPro/libctru/lib\libctru.a(hid.o)
                0x001073dc                hidKeysDown
 .text.hidKeysUp
                0x001073ec       0x10 C:/devkitPro/libctru/lib\libctru.a(hid.o)
                0x001073ec                hidKeysUp
 .text.aptConvertScreenForCapture
                0x001073fc      0x1ac C:/devkitPro/libctru/lib\libctru.a(apt.o)
 .text.aptDspSleep
                0x001075a8        0x8 C:/devkitPro/libctru/lib\libctru.a(apt.o)
                0x001075a8                aptDspSleep
 .text.aptDspWakeup
                0x001075b0        0x4 C:/devkitPro/libctru/lib\libctru.a(apt.o)
                0x001075b0                aptDspWakeup
 .text.aptDspCancel
                0x001075b4        0x4 C:/devkitPro/libctru/lib\libctru.a(apt.o)
                0x001075b4                aptDspCancel
 .text.aptSendCommand
                0x001075b8      0x158 C:/devkitPro/libctru/lib\libctru.a(apt.o)
                0x001075b8                aptSendCommand
 .text.aptExitProcess
                0x00107710       0x44 C:/devkitPro/libctru/lib\libctru.a(apt.o)
 .text.aptExit  0x00107754      0x38c C:/devkitPro/libctru/lib\libctru.a(apt.o)
                0x00107754                aptExit
 .text.aptHandleSleep
                0x00107ae0       0xe0 C:/devkitPro/libctru/lib\libctru.a(apt.o)
                0x00107ae0                aptHandleSleep
 .text.APT_SleepIfShellClosed
                0x00107bc0       0x84 C:/devkitPro/libctru/lib\libctru.a(apt.o)
                0x00107bc0                APT_SleepIfShellClosed
 .text.aptSetSleepAllowed
                0x00107c44       0x84 C:/devkitPro/libctru/lib\libctru.a(apt.o)
                0x00107c44                aptSetSleepAllowed
 .text.APT_UnlockTransition
                0x00107cc8       0x84 C:/devkitPro/libctru/lib\libctru.a(apt.o)
                0x00107cc8                APT_UnlockTransition
 *fill*         0x00107d4c        0x4 
 .text.aptEventHandler
                0x00107d50      0x4a4 C:/devkitPro/libctru/lib\libctru.a(apt.o)
 .text.APT_ReceiveParameter
                0x001081f4       0xb0 C:/devkitPro/libctru/lib\libctru.a(apt.o)
                0x001081f4                APT_ReceiveParameter
 .text.aptReceiveParameter.constprop.0
                0x001082a4       0xac C:/devkitPro/libctru/lib\libctru.a(apt.o)
 .text.aptScreenTransfer
                0x00108350      0x2ac C:/devkitPro/libctru/lib\libctru.a(apt.o)
 .text.aptWaitForWakeUp.isra.0
                0x001085fc      0x320 C:/devkitPro/libctru/lib\libctru.a(apt.o)
 .text.aptJumpToHomeMenu
                0x0010891c       0xf8 C:/devkitPro/libctru/lib\libctru.a(apt.o)
                0x0010891c                aptJumpToHomeMenu
 .text.aptMainLoop
                0x00108a14       0x48 C:/devkitPro/libctru/lib\libctru.a(apt.o)
                0x00108a14                aptMainLoop
 .text.aptInit  0x00108a5c      0x22c C:/devkitPro/libctru/lib\libctru.a(apt.o)
                0x00108a5c                aptInit
 .text.APT_CheckNew3DS
                0x00108c88       0x7c C:/devkitPro/libctru/lib\libctru.a(apt.o)
                0x00108c88                APT_CheckNew3DS
 .text.__libctru_init
                0x00108d04       0x38 C:/devkitPro/libctru/lib\libctru.a(ctru_init.o)
                0x00108d04                __libctru_init
 .text.__system_initArgv
                0x00108d3c      0x170 C:/devkitPro/libctru/lib\libctru.a(initArgv.o)
                0x00108d3c                __system_initArgv
 .text.svcControlMemory
                0x00108eac       0x20 C:/devkitPro/libctru/lib\libctru.a(svc.o)
                0x00108eac                svcControlMemory
 .text.svcQueryMemory
                0x00108ecc       0x30 C:/devkitPro/libctru/lib\libctru.a(svc.o)
                0x00108ecc                svcQueryMemory
 .text.svcExitProcess
                0x00108efc        0x8 C:/devkitPro/libctru/lib\libctru.a(svc.o)
                0x00108efc                svcExitProcess
 .text.svcCreateThread
                0x00108f04       0x20 C:/devkitPro/libctru/lib\libctru.a(svc.o)
                0x00108f04                svcCreateThread
 .text.svcExitThread
                0x00108f24        0x8 C:/devkitPro/libctru/lib\libctru.a(svc.o)
                0x00108f24                svcExitThread
 .text.svcSleepThread
                0x00108f2c        0x8 C:/devkitPro/libctru/lib\libctru.a(svc.o)
                0x00108f2c                svcSleepThread
 .text.svcReleaseMutex
                0x00108f34        0x8 C:/devkitPro/libctru/lib\libctru.a(svc.o)
                0x00108f34                svcReleaseMutex
 .text.svcCreateEvent
                0x00108f3c       0x14 C:/devkitPro/libctru/lib\libctru.a(svc.o)
                0x00108f3c                svcCreateEvent
 .text.svcSignalEvent
                0x00108f50        0x8 C:/devkitPro/libctru/lib\libctru.a(svc.o)
                0x00108f50                svcSignalEvent
 .text.svcClearEvent
                0x00108f58        0x8 C:/devkitPro/libctru/lib\libctru.a(svc.o)
                0x00108f58                svcClearEvent
 .text.svcMapMemoryBlock
                0x00108f60        0x8 C:/devkitPro/libctru/lib\libctru.a(svc.o)
                0x00108f60                svcMapMemoryBlock
 .text.svcUnmapMemoryBlock
                0x00108f68        0x8 C:/devkitPro/libctru/lib\libctru.a(svc.o)
                0x00108f68                svcUnmapMemoryBlock
 .text.svcCreateAddressArbiter
                0x00108f70       0x14 C:/devkitPro/libctru/lib\libctru.a(svc.o)
                0x00108f70                svcCreateAddressArbiter
 .text.svcArbitrateAddressNoTimeout
                0x00108f84        0x8 C:/devkitPro/libctru/lib\libctru.a(svc.o)
                0x00108f84                svcArbitrateAddressNoTimeout
 .text.svcCloseHandle
                0x00108f8c        0x8 C:/devkitPro/libctru/lib\libctru.a(svc.o)
                0x00108f8c                svcCloseHandle
 .text.svcWaitSynchronization
                0x00108f94        0x8 C:/devkitPro/libctru/lib\libctru.a(svc.o)
                0x00108f94                svcWaitSynchronization
 .text.svcWaitSynchronizationN
                0x00108f9c       0x28 C:/devkitPro/libctru/lib\libctru.a(svc.o)
                0x00108f9c                svcWaitSynchronizationN
 .text.svcDuplicateHandle
                0x00108fc4       0x14 C:/devkitPro/libctru/lib\libctru.a(svc.o)
                0x00108fc4                svcDuplicateHandle
 .text.svcGetSystemTick
                0x00108fd8        0x8 C:/devkitPro/libctru/lib\libctru.a(svc.o)
                0x00108fd8                svcGetSystemTick
 .text.svcConnectToPort
                0x00108fe0       0x14 C:/devkitPro/libctru/lib\libctru.a(svc.o)
                0x00108fe0                svcConnectToPort
 .text.svcSendSyncRequest
                0x00108ff4        0x8 C:/devkitPro/libctru/lib\libctru.a(svc.o)
                0x00108ff4                svcSendSyncRequest
 .text.svcGetResourceLimit
                0x00108ffc       0x14 C:/devkitPro/libctru/lib\libctru.a(svc.o)
                0x00108ffc                svcGetResourceLimit
 .text.svcGetResourceLimitLimitValues
                0x00109010        0x8 C:/devkitPro/libctru/lib\libctru.a(svc.o)
                0x00109010                svcGetResourceLimitLimitValues
 .text.svcGetResourceLimitCurrentValues
                0x00109018        0x8 C:/devkitPro/libctru/lib\libctru.a(svc.o)
                0x00109018                svcGetResourceLimitCurrentValues
 .text.svcBreak
                0x00109020        0x8 C:/devkitPro/libctru/lib\libctru.a(svc.o)
                0x00109020                svcBreak
 .text.initSystem
                0x00109028       0x50 C:/devkitPro/libctru/lib\libctru.a(stack_adjust.o)
                0x00109028                initSystem
 .text.__ctru_exit
                0x00109078       0x14 C:/devkitPro/libctru/lib\libctru.a(stack_adjust.o)
                0x00109078                __ctru_exit
 .text._ZL21addrMapNodeComparatorPK11rbtree_nodeS1_
                0x0010908c       0x24 C:/devkitPro/libctru/lib\libctru.a(vram.o)
 .text._ZL21addrMapNodeDestructorP11rbtree_node
                0x001090b0        0x4 C:/devkitPro/libctru/lib\libctru.a(vram.o)
 .text.vramMemAlignAt
                0x001090b4      0x24c C:/devkitPro/libctru/lib\libctru.a(vram.o)
                0x001090b4                vramMemAlignAt
 .text.vramAlloc
                0x00109300        0xc C:/devkitPro/libctru/lib\libctru.a(vram.o)
                0x00109300                vramAlloc
 .text.vramFree
                0x0010930c       0x90 C:/devkitPro/libctru/lib\libctru.a(vram.o)
                0x0010930c                vramFree
 .text._ZL21addrMapNodeComparatorPK11rbtree_nodeS1_
                0x0010939c       0x24 C:/devkitPro/libctru/lib\libctru.a(linear.o)
 .text._ZL21addrMapNodeDestructorP11rbtree_node
                0x001093c0        0x4 C:/devkitPro/libctru/lib\libctru.a(linear.o)
 .text.linearMemAlign
                0x001093c4      0x120 C:/devkitPro/libctru/lib\libctru.a(linear.o)
                0x001093c4                linearMemAlign
 .text.linearAlloc
                0x001094e4        0x8 C:/devkitPro/libctru/lib\libctru.a(linear.o)
                0x001094e4                linearAlloc
 .text.linearFree
                0x001094ec       0x5c C:/devkitPro/libctru/lib\libctru.a(linear.o)
                0x001094ec                linearFree
 .text._ZN7MemPool13CoalesceRightEP8MemBlock
                0x00109548       0x80 C:/devkitPro/libctru/lib\libctru.a(mem_pool.o)
                0x00109548                MemPool::CoalesceRight(MemBlock*)
 .text._ZN7MemPool8AllocateER8MemChunkmi
                0x001095c8      0x16c C:/devkitPro/libctru/lib\libctru.a(mem_pool.o)
                0x001095c8                MemPool::Allocate(MemChunk&, unsigned long, int)
 .text._ZN7MemPool10DeallocateERK8MemChunk
                0x00109734       0xfc C:/devkitPro/libctru/lib\libctru.a(mem_pool.o)
                0x00109734                MemPool::Deallocate(MemChunk const&)
 .text._ZN7MemPool12GetFreeSpaceEv
                0x00109830       0x30 C:/devkitPro/libctru/lib\libctru.a(mem_pool.o)
                0x00109830                MemPool::GetFreeSpace()
 .text.__sync_init
                0x00109860        0xc C:/devkitPro/libctru/lib\libctru.a(synchronization.o)
                0x00109860                __sync_init
 .text.__sync_fini
                0x0010986c       0x18 C:/devkitPro/libctru/lib\libctru.a(synchronization.o)
                0x0010986c                __sync_fini
 .text.syncArbitrateAddress
                0x00109884       0x2c C:/devkitPro/libctru/lib\libctru.a(synchronization.o)
                0x00109884                syncArbitrateAddress
 .text.LightLock_Lock
                0x001098b0       0xac C:/devkitPro/libctru/lib\libctru.a(synchronization.o)
                0x001098b0                LightLock_Lock
 .text.LightLock_Unlock
                0x0010995c       0x40 C:/devkitPro/libctru/lib\libctru.a(synchronization.o)
                0x0010995c                LightLock_Unlock
 .text.RecursiveLock_Lock
                0x0010999c       0x30 C:/devkitPro/libctru/lib\libctru.a(synchronization.o)
                0x0010999c                RecursiveLock_Lock
 .text.RecursiveLock_Unlock
                0x001099cc       0x54 C:/devkitPro/libctru/lib\libctru.a(synchronization.o)
                0x001099cc                RecursiveLock_Unlock
 .text.LightEvent_Init
                0x00109a20       0x40 C:/devkitPro/libctru/lib\libctru.a(synchronization.o)
                0x00109a20                LightEvent_Init
 .text.LightEvent_Clear
                0x00109a60       0xa4 C:/devkitPro/libctru/lib\libctru.a(synchronization.o)
                0x00109a60                LightEvent_Clear
 .text.LightEvent_Signal
                0x00109b04       0xc8 C:/devkitPro/libctru/lib\libctru.a(synchronization.o)
                0x00109b04                LightEvent_Signal
 .text.LightEvent_TryWait
                0x00109bcc       0x50 C:/devkitPro/libctru/lib\libctru.a(synchronization.o)
                0x00109bcc                LightEvent_TryWait
 .text.LightEvent_Wait
                0x00109c1c       0xa0 C:/devkitPro/libctru/lib\libctru.a(synchronization.o)
                0x00109c1c                LightEvent_Wait
 .text.osGetTimeRef
                0x00109cbc       0x54 C:/devkitPro/libctru/lib\libctru.a(os.o)
                0x00109cbc                osGetTimeRef
 .text.osGetTime
                0x00109d10       0xec C:/devkitPro/libctru/lib\libctru.a(os.o)
                0x00109d10                osGetTime
 .text.__ctru_speedup_config
                0x00109dfc       0x34 C:/devkitPro/libctru/lib\libctru.a(os.o)
                0x00109dfc                __ctru_speedup_config
 .text.srvInit  0x00109e30      0x12c C:/devkitPro/libctru/lib\libctru.a(srv.o)
                0x00109e30                srvInit
 .text.srvExit  0x00109f5c       0x58 C:/devkitPro/libctru/lib\libctru.a(srv.o)
                0x00109f5c                srvExit
 .text.srvEnableNotification
                0x00109fb4       0x60 C:/devkitPro/libctru/lib\libctru.a(srv.o)
                0x00109fb4                srvEnableNotification
 .text.srvGetServiceHandleDirect
                0x0010a014       0xa0 C:/devkitPro/libctru/lib\libctru.a(srv.o)
                0x0010a014                srvGetServiceHandleDirect
 .text.srvGetServiceHandle
                0x0010a0b4       0x38 C:/devkitPro/libctru/lib\libctru.a(srv.o)
                0x0010a0b4                srvGetServiceHandle
 .text.srvSubscribe
                0x0010a0ec       0x34 C:/devkitPro/libctru/lib\libctru.a(srv.o)
                0x0010a0ec                srvSubscribe
 .text.srvReceiveNotification
                0x0010a120       0x60 C:/devkitPro/libctru/lib\libctru.a(srv.o)
                0x0010a120                srvReceiveNotification
 .text.srvPublishToSubscriber
                0x0010a180       0x38 C:/devkitPro/libctru/lib\libctru.a(srv.o)
                0x0010a180                srvPublishToSubscriber
 .text.threadCreate
                0x0010a1b8      0x1d8 C:/devkitPro/libctru/lib\libctru.a(thread.o)
                0x0010a1b8                threadCreate
 .text.threadFree
                0x0010a390       0x2c C:/devkitPro/libctru/lib\libctru.a(thread.o)
                0x0010a390                threadFree
 .text.threadJoin
                0x0010a3bc       0x24 C:/devkitPro/libctru/lib\libctru.a(thread.o)
                0x0010a3bc                threadJoin
 .text.threadGetCurrent
                0x0010a3e0       0x30 C:/devkitPro/libctru/lib\libctru.a(thread.o)
                0x0010a3e0                threadGetCurrent
 .text.threadExit
                0x0010a410       0x40 C:/devkitPro/libctru/lib\libctru.a(thread.o)
                0x0010a410                threadExit
 .text._thread_begin
                0x0010a450       0x20 C:/devkitPro/libctru/lib\libctru.a(thread.o)
 .text.mappableFindAddressWithin
                0x0010a470       0xb4 C:/devkitPro/libctru/lib\libctru.a(mappable.o)
 .text.mappableInit
                0x0010a524       0x28 C:/devkitPro/libctru/lib\libctru.a(mappable.o)
                0x0010a524                mappableInit
 .text.mappableAlloc
                0x0010a54c       0x80 C:/devkitPro/libctru/lib\libctru.a(mappable.o)
                0x0010a54c                mappableAlloc
 .text.mappableFree
                0x0010a5cc        0x4 C:/devkitPro/libctru/lib\libctru.a(mappable.o)
                0x0010a5cc                mappableFree
 .text.irrstInit
                0x0010a5d0      0x160 C:/devkitPro/libctru/lib\libctru.a(irrst.o)
                0x0010a5d0                irrstInit
 .text.irrstExit
                0x0010a730       0xcc C:/devkitPro/libctru/lib\libctru.a(irrst.o)
                0x0010a730                irrstExit
 .text.irrstScanInput
                0x0010a7fc       0xb4 C:/devkitPro/libctru/lib\libctru.a(irrst.o)
                0x0010a7fc                irrstScanInput
 .text.irrstKeysHeld
                0x0010a8b0       0x24 C:/devkitPro/libctru/lib\libctru.a(irrst.o)
                0x0010a8b0                irrstKeysHeld
 .text.srvPmGetSessionHandle
                0x0010a8d4        0xc C:/devkitPro/libctru/lib\libctru.a(srvpm.o)
                0x0010a8d4                srvPmGetSessionHandle
 .text.ptmSysmInit
                0x0010a8e0       0x74 C:/devkitPro/libctru/lib\libctru.a(ptmsysm.o)
                0x0010a8e0                ptmSysmInit
 .text.ptmSysmExit
                0x0010a954       0x3c C:/devkitPro/libctru/lib\libctru.a(ptmsysm.o)
                0x0010a954                ptmSysmExit
 .text.PTMSYSM_ConfigureNew3DSCPU
                0x0010a990       0x34 C:/devkitPro/libctru/lib\libctru.a(ptmsysm.o)
                0x0010a990                PTMSYSM_ConfigureNew3DSCPU
 .text.rbtree_init
                0x0010a9c4       0x10 C:/devkitPro/libctru/lib\libctru.a(rbtree_init.o)
                0x0010a9c4                rbtree_init
 .text.do_insert
                0x0010a9d4      0x1b0 C:/devkitPro/libctru/lib\libctru.a(rbtree_insert.o)
 .text.rbtree_insert
                0x0010ab84        0x8 C:/devkitPro/libctru/lib\libctru.a(rbtree_insert.o)
                0x0010ab84                rbtree_insert
 .text.rbtree_rotate
                0x0010ab8c       0x90 C:/devkitPro/libctru/lib\libctru.a(rbtree_rotate.o)
                0x0010ab8c                rbtree_rotate
 .text.rbtree_remove
                0x0010ac1c      0x318 C:/devkitPro/libctru/lib\libctru.a(rbtree_remove.o)
                0x0010ac1c                rbtree_remove
 .text.rbtree_find
                0x0010af34       0x74 C:/devkitPro/libctru/lib\libctru.a(rbtree_find.o)
                0x0010af34                rbtree_find
 .text.__appInit
                0x0010afa8       0x30 C:/devkitPro/libctru/lib\libctru.a(appInit.o)
                0x0010afa8                __appInit
 .text.__syscall_getreent
                0x0010afd8       0x30 C:/devkitPro/libctru/lib\libctru.a(syscalls.o)
                0x0010afd8                __syscall_getreent
 .text.__syscall_gettod_r
                0x0010b008       0x64 C:/devkitPro/libctru/lib\libctru.a(syscalls.o)
                0x0010b008                __syscall_gettod_r
 .text.__syscall_lock_acquire
                0x0010b06c        0x4 C:/devkitPro/libctru/lib\libctru.a(syscalls.o)
                0x0010b06c                __syscall_lock_acquire
 .text.__syscall_lock_release
                0x0010b070        0x4 C:/devkitPro/libctru/lib\libctru.a(syscalls.o)
                0x0010b070                __syscall_lock_release
 .text.__syscall_lock_acquire_recursive
                0x0010b074        0x4 C:/devkitPro/libctru/lib\libctru.a(syscalls.o)
                0x0010b074                __syscall_lock_acquire_recursive
 .text.__syscall_lock_release_recursive
                0x0010b078        0x4 C:/devkitPro/libctru/lib\libctru.a(syscalls.o)
                0x0010b078                __syscall_lock_release_recursive
 .text.__syscall_exit
                0x0010b07c        0x4 C:/devkitPro/libctru/lib\libctru.a(syscalls.o)
                0x0010b07c                __syscall_exit
 .text.initThreadVars
                0x0010b080       0x50 C:/devkitPro/libctru/lib\libctru.a(syscalls.o)
                0x0010b080                initThreadVars
 .text.__system_initSyscalls
                0x0010b0d0       0x80 C:/devkitPro/libctru/lib\libctru.a(syscalls.o)
                0x0010b0d0                __system_initSyscalls
 .text.__system_allocateHeaps
                0x0010b150      0x1e0 C:/devkitPro/libctru/lib\libctru.a(allocateHeaps.o)
                0x0010b150                __system_allocateHeaps
 .text.__appExit
                0x0010b330       0x30 C:/devkitPro/libctru/lib\libctru.a(appExit.o)
                0x0010b330                __appExit
 .text.__libctru_exit
                0x0010b360       0x90 C:/devkitPro/libctru/lib\libctru.a(ctru_exit.o)
                0x0010b360                __libctru_exit
 .text.envGetHandle
                0x0010b3f0       0x84 C:/devkitPro/libctru/lib\libctru.a(env.o)
                0x0010b3f0                envGetHandle
 .text.envDestroyHandles
                0x0010b474       0x50 C:/devkitPro/libctru/lib\libctru.a(env.o)
                0x0010b474                envDestroyHandles
 .text.archive_link
                0x0010b4c4       0x14 C:/devkitPro/libctru/lib\libctru.a(archive_dev.o)
 .text.archive_dirreset
                0x0010b4d8       0x14 C:/devkitPro/libctru/lib\libctru.a(archive_dev.o)
 .text.archive_chmod
                0x0010b4ec       0x14 C:/devkitPro/libctru/lib\libctru.a(archive_dev.o)
 .text.error_cmp
                0x0010b500       0x24 C:/devkitPro/libctru/lib\libctru.a(archive_dev.o)
 .text.archive_translate_error
                0x0010b524       0x50 C:/devkitPro/libctru/lib\libctru.a(archive_dev.o)
 .text.archive_seek
                0x0010b574       0xc8 C:/devkitPro/libctru/lib\libctru.a(archive_dev.o)
 .text._archiveInit.part.0
                0x0010b63c       0x7c C:/devkitPro/libctru/lib\libctru.a(archive_dev.o)
 .text.archiveFindDevice.part.0
                0x0010b6b8       0xc4 C:/devkitPro/libctru/lib\libctru.a(archive_dev.o)
 .text.archive_utf16path
                0x0010b77c      0x280 C:/devkitPro/libctru/lib\libctru.a(archive_dev.o)
 .text._archiveUnmountDeviceStruct.part.0
                0x0010b9fc       0x9c C:/devkitPro/libctru/lib\libctru.a(archive_dev.o)
 .text.archive_fchmod
                0x0010ba98       0x14 C:/devkitPro/libctru/lib\libctru.a(archive_dev.o)
 .text.archive_statvfs
                0x0010baac       0x14 C:/devkitPro/libctru/lib\libctru.a(archive_dev.o)
 .text._archiveMountDevice
                0x0010bac0      0x164 C:/devkitPro/libctru/lib\libctru.a(archive_dev.o)
 .text.archive_diropen
                0x0010bc24       0xe8 C:/devkitPro/libctru/lib\libctru.a(archive_dev.o)
 .text.archive_fstat
                0x0010bd0c       0xa4 C:/devkitPro/libctru/lib\libctru.a(archive_dev.o)
 .text.archive_fsync
                0x0010bdb0       0x6c C:/devkitPro/libctru/lib\libctru.a(archive_dev.o)
 .text.archive_close
                0x0010be1c       0x6c C:/devkitPro/libctru/lib\libctru.a(archive_dev.o)
 .text.archive_dirclose
                0x0010be88       0x70 C:/devkitPro/libctru/lib\libctru.a(archive_dev.o)
 .text.sdmc_statvfs
                0x0010bef8       0xe8 C:/devkitPro/libctru/lib\libctru.a(archive_dev.o)
 .text.archive_chdir
                0x0010bfe0       0xec C:/devkitPro/libctru/lib\libctru.a(archive_dev.o)
 .text.archive_ftruncate
                0x0010c0cc       0x7c C:/devkitPro/libctru/lib\libctru.a(archive_dev.o)
 .text.archive_read
                0x0010c148       0xac C:/devkitPro/libctru/lib\libctru.a(archive_dev.o)
 .text.archive_unlink
                0x0010c1f4       0xa4 C:/devkitPro/libctru/lib\libctru.a(archive_dev.o)
 .text.archive_rmdir
                0x0010c298       0xbc C:/devkitPro/libctru/lib\libctru.a(archive_dev.o)
 .text.archive_mkdir
                0x0010c354       0xdc C:/devkitPro/libctru/lib\libctru.a(archive_dev.o)
 .text.archive_stat
                0x0010c430      0x194 C:/devkitPro/libctru/lib\libctru.a(archive_dev.o)
 .text.archive_dirnext
                0x0010c5c4      0x160 C:/devkitPro/libctru/lib\libctru.a(archive_dev.o)
 .text.archive_write
                0x0010c724      0x124 C:/devkitPro/libctru/lib\libctru.a(archive_dev.o)
 .text.archive_open
                0x0010c848      0x20c C:/devkitPro/libctru/lib\libctru.a(archive_dev.o)
 .text.archive_rename
                0x0010ca54      0x278 C:/devkitPro/libctru/lib\libctru.a(archive_dev.o)
 .text.archiveMountSdmc
                0x0010cccc      0x19c C:/devkitPro/libctru/lib\libctru.a(archive_dev.o)
                0x0010cccc                archiveMountSdmc
 .text.archiveUnmountAll
                0x0010ce68       0x54 C:/devkitPro/libctru/lib\libctru.a(archive_dev.o)
                0x0010ce68                archiveUnmountAll
 .text.fsInit   0x0010cebc       0xcc C:/devkitPro/libctru/lib\libctru.a(fs.o)
                0x0010cebc                fsInit
 .text.fsExit   0x0010cf88       0x3c C:/devkitPro/libctru/lib\libctru.a(fs.o)
                0x0010cf88                fsExit
 .text.fsExemptFromSession
                0x0010cfc4       0x60 C:/devkitPro/libctru/lib\libctru.a(fs.o)
                0x0010cfc4                fsExemptFromSession
 .text.fsUnexemptFromSession
                0x0010d024       0x50 C:/devkitPro/libctru/lib\libctru.a(fs.o)
                0x0010d024                fsUnexemptFromSession
 .text.FSUSER_OpenFile
                0x0010d074       0xcc C:/devkitPro/libctru/lib\libctru.a(fs.o)
                0x0010d074                FSUSER_OpenFile
 .text.FSUSER_DeleteFile
                0x0010d140       0xbc C:/devkitPro/libctru/lib\libctru.a(fs.o)
                0x0010d140                FSUSER_DeleteFile
 .text.FSUSER_RenameFile
                0x0010d1fc       0xf8 C:/devkitPro/libctru/lib\libctru.a(fs.o)
                0x0010d1fc                FSUSER_RenameFile
 .text.FSUSER_DeleteDirectory
                0x0010d2f4       0xbc C:/devkitPro/libctru/lib\libctru.a(fs.o)
                0x0010d2f4                FSUSER_DeleteDirectory
 .text.FSUSER_CreateFile
                0x0010d3b0       0xd4 C:/devkitPro/libctru/lib\libctru.a(fs.o)
                0x0010d3b0                FSUSER_CreateFile
 .text.FSUSER_CreateDirectory
                0x0010d484       0xc4 C:/devkitPro/libctru/lib\libctru.a(fs.o)
                0x0010d484                FSUSER_CreateDirectory
 .text.FSUSER_RenameDirectory
                0x0010d548       0xf8 C:/devkitPro/libctru/lib\libctru.a(fs.o)
                0x0010d548                FSUSER_RenameDirectory
 .text.FSUSER_OpenDirectory
                0x0010d640       0xb4 C:/devkitPro/libctru/lib\libctru.a(fs.o)
                0x0010d640                FSUSER_OpenDirectory
 .text.FSUSER_OpenArchive
                0x0010d6f4       0x94 C:/devkitPro/libctru/lib\libctru.a(fs.o)
                0x0010d6f4                FSUSER_OpenArchive
 .text.FSUSER_CloseArchive
                0x0010d788       0x8c C:/devkitPro/libctru/lib\libctru.a(fs.o)
                0x0010d788                FSUSER_CloseArchive
 .text.FSUSER_GetSdmcArchiveResource
                0x0010d814       0x74 C:/devkitPro/libctru/lib\libctru.a(fs.o)
                0x0010d814                FSUSER_GetSdmcArchiveResource
 .text.FSUSER_IsSdmcWritable
                0x0010d888       0x64 C:/devkitPro/libctru/lib\libctru.a(fs.o)
                0x0010d888                FSUSER_IsSdmcWritable
 .text.FSFILE_Read
                0x0010d8ec       0x58 C:/devkitPro/libctru/lib\libctru.a(fs.o)
                0x0010d8ec                FSFILE_Read
 .text.FSFILE_Write
                0x0010d944       0x60 C:/devkitPro/libctru/lib\libctru.a(fs.o)
                0x0010d944                FSFILE_Write
 .text.FSFILE_GetSize
                0x0010d9a4       0x38 C:/devkitPro/libctru/lib\libctru.a(fs.o)
                0x0010d9a4                FSFILE_GetSize
 .text.FSFILE_SetSize
                0x0010d9dc       0x28 C:/devkitPro/libctru/lib\libctru.a(fs.o)
                0x0010d9dc                FSFILE_SetSize
 .text.FSFILE_Close
                0x0010da04       0x3c C:/devkitPro/libctru/lib\libctru.a(fs.o)
                0x0010da04                FSFILE_Close
 .text.FSFILE_Flush
                0x0010da40       0x24 C:/devkitPro/libctru/lib\libctru.a(fs.o)
                0x0010da40                FSFILE_Flush
 .text.FSDIR_Read
                0x0010da64       0x50 C:/devkitPro/libctru/lib\libctru.a(fs.o)
                0x0010da64                FSDIR_Read
 .text.FSDIR_Close
                0x0010dab4       0x3c C:/devkitPro/libctru/lib\libctru.a(fs.o)
                0x0010dab4                FSDIR_Close
 .text.rbtree_node_next
                0x0010daf0       0x5c C:/devkitPro/libctru/lib\libctru.a(rbtree_iterator.o)
                0x0010daf0                rbtree_node_next
 .text.utf8_to_utf16
                0x0010db4c       0xc0 C:/devkitPro/libctru/lib\libctru.a(utf8_to_utf16.o)
                0x0010db4c                utf8_to_utf16
 .text.decode_utf8
                0x0010dc0c      0x13c C:/devkitPro/libctru/lib\libctru.a(decode_utf8.o)
                0x0010dc0c                decode_utf8
 .text.utf16_to_utf8
                0x0010dd48       0xe8 C:/devkitPro/libctru/lib\libctru.a(utf16_to_utf8.o)
                0x0010dd48                utf16_to_utf8
 .text.__aeabi_read_tp
                0x0010de30        0xc C:/devkitPro/libctru/lib\libctru.a(readtp.o)
                0x0010de30                __aeabi_read_tp
 .text.encode_utf16
                0x0010de3c       0x54 C:/devkitPro/libctru/lib\libctru.a(encode_utf16.o)
                0x0010de3c                encode_utf16
 .text.encode_utf8
                0x0010de90       0xe0 C:/devkitPro/libctru/lib\libctru.a(encode_utf8.o)
                0x0010de90                encode_utf8
 .text.decode_utf16
                0x0010df70       0x64 C:/devkitPro/libctru/lib\libctru.a(decode_utf16.o)
                0x0010df70                decode_utf16
 .text._ZdlPv   0x0010dfd4        0x4 C:/devkitPro/devkitARM/bin/../lib/gcc/arm-none-eabi/13.2.0/../../../../arm-none-eabi/lib/armv6k/fpu\libstdc++.a(del_op.o)
                0x0010dfd4                operator delete(void*)
 .text._Znwj    0x0010dfd8       0x5c C:/devkitPro/devkitARM/bin/../lib/gcc/arm-none-eabi/13.2.0/../../../../arm-none-eabi/lib/armv6k/fpu\libstdc++.a(new_op.o)
                0x0010dfd8                operator new(unsigned int)
 .text._Znaj    0x0010e034        0x4 C:/devkitPro/devkitARM/bin/../lib/gcc/arm-none-eabi/13.2.0/../../../../arm-none-eabi/lib/armv6k/fpu\libstdc++.a(new_opv.o)
                0x0010e034                operator new[](unsigned int)
 .text.unlikely._ZSt17__throw_bad_allocv
                0x0010e038       0x2c C:/devkitPro/devkitARM/bin/../lib/gcc/arm-none-eabi/13.2.0/../../../../arm-none-eabi/lib/armv6k/fpu\libstdc++.a(functexcept.o)
                0x0010e038                std::__throw_bad_alloc()
 .text.unlikely._ZSt28__throw_bad_array_new_lengthv
                0x0010e064       0x2c C:/devkitPro/devkitARM/bin/../lib/gcc/arm-none-eabi/13.2.0/../../../../arm-none-eabi/lib/armv6k/fpu\libstdc++.a(functexcept.o)
                0x0010e064                std::__throw_bad_array_new_length()
 .text.unlikely._ZSt19__throw_logic_errorPKc
                0x0010e090       0x40 C:/devkitPro/devkitARM/bin/../lib/gcc/arm-none-eabi/13.2.0/../../../../arm-none-eabi/lib/armv6k/fpu\libstdc++.a(functexcept.o)
                0x0010e090                std::__throw_logic_error(char const*)
 .text.unlikely._ZSt20__throw_length_errorPKc
                0x0010e0d0       0x40 C:/devkitPro/devkitARM/bin/../lib/gcc/arm-none-eabi/13.2.0/../../../../arm-none-eabi/lib/armv6k/fpu\libstdc++.a(functexcept.o)
                0x0010e0d0                std::__throw_length_error(char const*)
 .text.unlikely._ZSt20__throw_out_of_rangePKc
                0x0010e110       0x40 C:/devkitPro/devkitARM/bin/../lib/gcc/arm-none-eabi/13.2.0/../../../../arm-none-eabi/lib/armv6k/fpu\libstdc++.a(functexcept.o)
                0x0010e110                std::__throw_out_of_range(char const*)
 .text.unlikely._ZSt24__throw_out_of_range_fmtPKcz
                0x0010e150       0x10 C:/devkitPro/devkitARM/bin/../lib/gcc/arm-none-eabi/13.2.0/../../../../arm-none-eabi/lib/armv6k/fpu\libstdc++.a(functexcept.o)
                0x0010e150                std::__throw_out_of_range_fmt(char const*, ...)
 .text._ZNKSt9bad_alloc4whatEv
                0x0010e160        0xc C:/devkitPro/devkitARM/bin/../lib/gcc/arm-none-eabi/13.2.0/../../../../arm-none-eabi/lib/armv6k/fpu\libstdc++.a(bad_alloc.o)
                0x0010e160                std::bad_alloc::what() const
 .text._ZNSt9bad_allocD2Ev
                0x0010e16c       0x20 C:/devkitPro/devkitARM/bin/../lib/gcc/arm-none-eabi/13.2.0/../../../../arm-none-eabi/lib/armv6k/fpu\libstdc++.a(bad_alloc.o)
                0x0010e16c                std::bad_alloc::~bad_alloc()
                0x0010e16c                std::bad_alloc::~bad_alloc()
 .text._ZNSt9bad_allocD0Ev
                0x0010e18c       0x2c C:/devkitPro/devkitARM/bin/../lib/gcc/arm-none-eabi/13.2.0/../../../../arm-none-eabi/lib/armv6k/fpu\libstdc++.a(bad_alloc.o)
                0x0010e18c                std::bad_alloc::~bad_alloc()
 .text._ZNKSt20bad_array_new_length4whatEv
                0x0010e1b8        0xc C:/devkitPro/devkitARM/bin/../lib/gcc/arm-none-eabi/13.2.0/../../../../arm-none-eabi/lib/armv6k/fpu\libstdc++.a(bad_array_new.o)
                0x0010e1b8                std::bad_array_new_length::what() const
 .text._ZNSt20bad_array_new_lengthD2Ev
                0x0010e1c4       0x20 C:/devkitPro/devkitARM/bin/../lib/gcc/arm-none-eabi/13.2.0/../../../../arm-none-eabi/lib/armv6k/fpu\libstdc++.a(bad_array_new.o)
                0x0010e1c4                std::bad_array_new_length::~bad_array_new_length()
                0x0010e1c4                std::bad_array_new_length::~bad_array_new_length()
 .text._ZNSt20bad_array_new_lengthD0Ev
                0x0010e1e4       0x2c C:/devkitPro/devkitARM/bin/../lib/gcc/arm-none-eabi/13.2.0/../../../../arm-none-eabi/lib/armv6k/fpu\libstdc++.a(bad_array_new.o)
                0x0010e1e4                std::bad_array_new_length::~bad_array_new_length()
 .text._ZdlPvj  0x0010e210        0x4 C:/devkitPro/devkitARM/bin/../lib/gcc/arm-none-eabi/13.2.0/../../../../arm-none-eabi/lib/armv6k/fpu\libstdc++.a(del_ops.o)
                0x0010e210                operator delete(void*, unsigned int)
 .text._ZNK9__gnu_cxx24__concurrence_lock_error4whatEv
                0x0010e214        0xc C:/devkitPro/devkitARM/bin/../lib/gcc/arm-none-eabi/13.2.0/../../../../arm-none-eabi/lib/armv6k/fpu\libstdc++.a(eh_alloc.o)
                0x0010e214                __gnu_cxx::__concurrence_lock_error::what() const
 .text._ZNK9__gnu_cxx26__concurrence_unlock_error4whatEv
                0x0010e220        0xc C:/devkitPro/devkitARM/bin/../lib/gcc/arm-none-eabi/13.2.0/../../../../arm-none-eabi/lib/armv6k/fpu\libstdc++.a(eh_alloc.o)
                0x0010e220                __gnu_cxx::__concurrence_unlock_error::what() const
 .text._ZN9__gnu_cxx24__concurrence_lock_errorD2Ev
                0x0010e22c       0x20 C:/devkitPro/devkitARM/bin/../lib/gcc/arm-none-eabi/13.2.0/../../../../arm-none-eabi/lib/armv6k/fpu\libstdc++.a(eh_alloc.o)
                0x0010e22c                __gnu_cxx::__concurrence_lock_error::~__concurrence_lock_error()
                0x0010e22c                __gnu_cxx::__concurrence_lock_error::~__concurrence_lock_error()
 .text._ZN9__gnu_cxx24__concurrence_lock_errorD0Ev
                0x0010e24c       0x2c C:/devkitPro/devkitARM/bin/../lib/gcc/arm-none-eabi/13.2.0/../../../../arm-none-eabi/lib/armv6k/fpu\libstdc++.a(eh_alloc.o)
                0x0010e24c                __gnu_cxx::__concurrence_lock_error::~__concurrence_lock_error()
 .text._ZN9__gnu_cxx26__concurrence_unlock_errorD2Ev
                0x0010e278       0x20 C:/devkitPro/devkitARM/bin/../lib/gcc/arm-none-eabi/13.2.0/../../../../arm-none-eabi/lib/armv6k/fpu\libstdc++.a(eh_alloc.o)
                0x0010e278                __gnu_cxx::__concurrence_unlock_error::~__concurrence_unlock_error()
                0x0010e278                __gnu_cxx::__concurrence_unlock_error::~__concurrence_unlock_error()
 .text._ZN9__gnu_cxx26__concurrence_unlock_errorD0Ev
                0x0010e298       0x2c C:/devkitPro/devkitARM/bin/../lib/gcc/arm-none-eabi/13.2.0/../../../../arm-none-eabi/lib/armv6k/fpu\libstdc++.a(eh_alloc.o)
                0x0010e298                __gnu_cxx::__concurrence_unlock_error::~__concurrence_unlock_error()
 .text.unlikely._ZN9__gnu_cxx30__throw_concurrence_lock_errorEv
                0x0010e2c4       0x2c C:/devkitPro/devkitARM/bin/../lib/gcc/arm-none-eabi/13.2.0/../../../../arm-none-eabi/lib/armv6k/fpu\libstdc++.a(eh_alloc.o)
                0x0010e2c4                __gnu_cxx::__throw_concurrence_lock_error()
 .text.unlikely._ZN9__gnu_cxx32__throw_concurrence_unlock_errorEv
                0x0010e2f0       0x2c C:/devkitPro/devkitARM/bin/../lib/gcc/arm-none-eabi/13.2.0/../../../../arm-none-eabi/lib/armv6k/fpu\libstdc++.a(eh_alloc.o)
                0x0010e2f0                __gnu_cxx::__throw_concurrence_unlock_error()
 .text._ZN12_GLOBAL__N_14pool4freeEPv.constprop.0
                0x0010e31c      0x118 C:/devkitPro/devkitARM/bin/../lib/gcc/arm-none-eabi/13.2.0/../../../../arm-none-eabi/lib/armv6k/fpu\libstdc++.a(eh_alloc.o)
 .text._ZN12_GLOBAL__N_14pool8allocateEj.constprop.0
                0x0010e434       0xd4 C:/devkitPro/devkitARM/bin/../lib/gcc/arm-none-eabi/13.2.0/../../../../arm-none-eabi/lib/armv6k/fpu\libstdc++.a(eh_alloc.o)
 .text.__cxa_allocate_exception
                0x0010e508       0x44 C:/devkitPro/devkitARM/bin/../lib/gcc/arm-none-eabi/13.2.0/../../../../arm-none-eabi/lib/armv6k/fpu\libstdc++.a(eh_alloc.o)
                0x0010e508                __cxa_allocate_exception
 .text.__cxa_free_exception
                0x0010e54c       0x2c C:/devkitPro/devkitARM/bin/../lib/gcc/arm-none-eabi/13.2.0/../../../../arm-none-eabi/lib/armv6k/fpu\libstdc++.a(eh_alloc.o)
                0x0010e54c                __cxa_free_exception
 .text.startup._GLOBAL__sub_I__ZN9__gnu_cxx9__freeresEv
                0x0010e578      0x1b4 C:/devkitPro/devkitARM/bin/../lib/gcc/arm-none-eabi/13.2.0/../../../../arm-none-eabi/lib/armv6k/fpu\libstdc++.a(eh_alloc.o)
 .text.__cxa_end_cleanup
                0x0010e72c       0x10 C:/devkitPro/devkitARM/bin/../lib/gcc/arm-none-eabi/13.2.0/../../../../arm-none-eabi/lib/armv6k/fpu\libstdc++.a(eh_arm.o)
                0x0010e72c                __cxa_end_cleanup
 .text.__cxa_type_match
                0x0010e73c      0x134 C:/devkitPro/devkitARM/bin/../lib/gcc/arm-none-eabi/13.2.0/../../../../arm-none-eabi/lib/armv6k/fpu\libstdc++.a(eh_arm.o)
                0x0010e73c                __cxa_type_match
 .text.__cxa_begin_cleanup
                0x0010e870       0xb4 C:/devkitPro/devkitARM/bin/../lib/gcc/arm-none-eabi/13.2.0/../../../../arm-none-eabi/lib/armv6k/fpu\libstdc++.a(eh_arm.o)
                0x0010e870                __cxa_begin_cleanup
 .text.__gnu_end_cleanup
                0x0010e924       0xb4 C:/devkitPro/devkitARM/bin/../lib/gcc/arm-none-eabi/13.2.0/../../../../arm-none-eabi/lib/armv6k/fpu\libstdc++.a(eh_arm.o)
                0x0010e924                __gnu_end_cleanup
 .text._ZNSt9exceptionD2Ev
                0x0010e9d8        0x4 C:/devkitPro/devkitARM/bin/../lib/gcc/arm-none-eabi/13.2.0/../../../../arm-none-eabi/lib/armv6k/fpu\libstdc++.a(eh_exception.o)
                0x0010e9d8                std::exception::~exception()
                0x0010e9d8                std::exception::~exception()
 .text._ZNSt13bad_exceptionD2Ev
                0x0010e9dc        0x4 C:/devkitPro/devkitARM/bin/../lib/gcc/arm-none-eabi/13.2.0/../../../../arm-none-eabi/lib/armv6k/fpu\libstdc++.a(eh_exception.o)
                0x0010e9dc                std::bad_exception::~bad_exception()
                0x0010e9dc                std::bad_exception::~bad_exception()
 .text._ZNKSt13bad_exception4whatEv
                0x0010e9e0        0xc C:/devkitPro/devkitARM/bin/../lib/gcc/arm-none-eabi/13.2.0/../../../../arm-none-eabi/lib/armv6k/fpu\libstdc++.a(eh_exception.o)
                0x0010e9e0                std::bad_exception::what() const
                0x0010e9e0                transaction clone for std::bad_exception::what() const
 .text._ZNSt13bad_exceptionD0Ev
                0x0010e9ec       0x18 C:/devkitPro/devkitARM/bin/../lib/gcc/arm-none-eabi/13.2.0/../../../../arm-none-eabi/lib/armv6k/fpu\libstdc++.a(eh_exception.o)
                0x0010e9ec                std::bad_exception::~bad_exception()
 .text._ZL15eh_globals_dtorPv
                0x0010ea04       0x3c C:/devkitPro/devkitARM/bin/../lib/gcc/arm-none-eabi/13.2.0/../../../../arm-none-eabi/lib/armv6k/fpu\libstdc++.a(eh_globals.o)
 .text.__cxa_get_globals_fast
                0x0010ea40       0x38 C:/devkitPro/devkitARM/bin/../lib/gcc/arm-none-eabi/13.2.0/../../../../arm-none-eabi/lib/armv6k/fpu\libstdc++.a(eh_globals.o)
                0x0010ea40                __cxa_get_globals_fast
 .text.__cxa_get_globals
                0x0010ea78       0x74 C:/devkitPro/devkitARM/bin/../lib/gcc/arm-none-eabi/13.2.0/../../../../arm-none-eabi/lib/armv6k/fpu\libstdc++.a(eh_globals.o)
                0x0010ea78                __cxa_get_globals
 .text.startup._GLOBAL__sub_I__ZN17__eh_globals_init7_S_initE
                0x0010eaec       0x40 C:/devkitPro/devkitARM/bin/../lib/gcc/arm-none-eabi/13.2.0/../../../../arm-none-eabi/lib/armv6k/fpu\libstdc++.a(eh_globals.o)
 .text.exit._GLOBAL__sub_D__ZN17__eh_globals_init7_S_initE
                0x0010eb2c       0x34 C:/devkitPro/devkitARM/bin/../lib/gcc/arm-none-eabi/13.2.0/../../../../arm-none-eabi/lib/armv6k/fpu\libstdc++.a(eh_globals.o)
 .text._ZL28read_encoded_value_with_basehjPKhPj
                0x0010eb60      0x16c C:/devkitPro/devkitARM/bin/../lib/gcc/arm-none-eabi/13.2.0/../../../../arm-none-eabi/lib/armv6k/fpu\libstdc++.a(eh_personality.o)
 .text._ZL21base_of_encoded_valuehP15_Unwind_Context
                0x0010eccc       0x58 C:/devkitPro/devkitARM/bin/../lib/gcc/arm-none-eabi/13.2.0/../../../../arm-none-eabi/lib/armv6k/fpu\libstdc++.a(eh_personality.o)
 .text._ZL17parse_lsda_headerP15_Unwind_ContextPKhP16lsda_header_info
                0x0010ed24       0xd8 C:/devkitPro/devkitARM/bin/../lib/gcc/arm-none-eabi/13.2.0/../../../../arm-none-eabi/lib/armv6k/fpu\libstdc++.a(eh_personality.o)
 .text.__gxx_personality_v0
                0x0010edfc      0x6a0 C:/devkitPro/devkitARM/bin/../lib/gcc/arm-none-eabi/13.2.0/../../../../arm-none-eabi/lib/armv6k/fpu\libstdc++.a(eh_personality.o)
                0x0010edfc                __gxx_personality_v0
 .text._ZN10__cxxabiv111__terminateEPFvvE
                0x0010f49c       0x14 C:/devkitPro/devkitARM/bin/../lib/gcc/arm-none-eabi/13.2.0/../../../../arm-none-eabi/lib/armv6k/fpu\libstdc++.a(eh_terminate.o)
                0x0010f49c                __cxxabiv1::__terminate(void (*)())
 .text._ZSt9terminatev
                0x0010f4b0       0x18 C:/devkitPro/devkitARM/bin/../lib/gcc/arm-none-eabi/13.2.0/../../../../arm-none-eabi/lib/armv6k/fpu\libstdc++.a(eh_terminate.o)
                0x0010f4b0                std::terminate()
 .text._ZN10__cxxabiv112__unexpectedEPFvvE
                0x0010f4c8        0xc C:/devkitPro/devkitARM/bin/../lib/gcc/arm-none-eabi/13.2.0/../../../../arm-none-eabi/lib/armv6k/fpu\libstdc++.a(eh_terminate.o)
                0x0010f4c8                __cxxabiv1::__unexpected(void (*)())
 .text._ZSt10unexpectedv
                0x0010f4d4       0x18 C:/devkitPro/devkitARM/bin/../lib/gcc/arm-none-eabi/13.2.0/../../../../arm-none-eabi/lib/armv6k/fpu\libstdc++.a(eh_terminate.o)
                0x0010f4d4                std::unexpected()
 .text._ZSt13get_terminatev
                0x0010f4ec       0x14 C:/devkitPro/devkitARM/bin/../lib/gcc/arm-none-eabi/13.2.0/../../../../arm-none-eabi/lib/armv6k/fpu\libstdc++.a(eh_terminate.o)
                0x0010f4ec                std::get_terminate()
 .text._ZSt14get_unexpectedv
                0x0010f500       0x14 C:/devkitPro/devkitARM/bin/../lib/gcc/arm-none-eabi/13.2.0/../../../../arm-none-eabi/lib/armv6k/fpu\libstdc++.a(eh_terminate.o)
                0x0010f500                std::get_unexpected()
 .text._ZL23__gxx_exception_cleanup19_Unwind_Reason_CodeP21_Unwind_Control_Block
                0x0010f514       0x60 C:/devkitPro/devkitARM/bin/../lib/gcc/arm-none-eabi/13.2.0/../../../../arm-none-eabi/lib/armv6k/fpu\libstdc++.a(eh_throw.o)
 .text.__cxa_init_primary_exception
                0x0010f574       0x54 C:/devkitPro/devkitARM/bin/../lib/gcc/arm-none-eabi/13.2.0/../../../../arm-none-eabi/lib/armv6k/fpu\libstdc++.a(eh_throw.o)
                0x0010f574                __cxa_init_primary_exception
 .text.__cxa_throw
                0x0010f5c8       0x54 C:/devkitPro/devkitARM/bin/../lib/gcc/arm-none-eabi/13.2.0/../../../../arm-none-eabi/lib/armv6k/fpu\libstdc++.a(eh_throw.o)
                0x0010f5c8                __cxa_throw
 .text.__cxa_rethrow
                0x0010f61c       0xb0 C:/devkitPro/devkitARM/bin/../lib/gcc/arm-none-eabi/13.2.0/../../../../arm-none-eabi/lib/armv6k/fpu\libstdc++.a(eh_throw.o)
                0x0010f61c                __cxa_rethrow
 .text._ZSt15get_new_handlerv
                0x0010f6cc       0x14 C:/devkitPro/devkitARM/bin/../lib/gcc/arm-none-eabi/13.2.0/../../../../arm-none-eabi/lib/armv6k/fpu\libstdc++.a(new_handler.o)
                0x0010f6cc                std::get_new_handler()
 .text._ZN10__cxxabiv120__si_class_type_infoD2Ev
                0x0010f6e0       0x20 C:/devkitPro/devkitARM/bin/../lib/gcc/arm-none-eabi/13.2.0/../../../../arm-none-eabi/lib/armv6k/fpu\libstdc++.a(si_class_type_info.o)
                0x0010f6e0                __cxxabiv1::__si_class_type_info::~__si_class_type_info()
                0x0010f6e0                __cxxabiv1::__si_class_type_info::~__si_class_type_info()
 .text._ZN10__cxxabiv120__si_class_type_infoD0Ev
                0x0010f700       0x2c C:/devkitPro/devkitARM/bin/../lib/gcc/arm-none-eabi/13.2.0/../../../../arm-none-eabi/lib/armv6k/fpu\libstdc++.a(si_class_type_info.o)
                0x0010f700                __cxxabiv1::__si_class_type_info::~__si_class_type_info()
 .text._ZNK10__cxxabiv120__si_class_type_info12__do_dyncastEiNS_17__class_type_info10__sub_kindEPKS1_PKvS4_S6_RNS1_16__dyncast_resultE
                0x0010f72c      0x138 C:/devkitPro/devkitARM/bin/../lib/gcc/arm-none-eabi/13.2.0/../../../../arm-none-eabi/lib/armv6k/fpu\libstdc++.a(si_class_type_info.o)
                0x0010f72c                __cxxabiv1::__si_class_type_info::__do_dyncast(int, __cxxabiv1::__class_type_info::__sub_kind, __cxxabiv1::__class_type_info const*, void const*, __cxxabiv1::__class_type_info const*, void const*, __cxxabiv1::__class_type_info::__dyncast_result&) const
 .text._ZNK10__cxxabiv120__si_class_type_info20__do_find_public_srcEiPKvPKNS_17__class_type_infoES2_
                0x0010f864       0x88 C:/devkitPro/devkitARM/bin/../lib/gcc/arm-none-eabi/13.2.0/../../../../arm-none-eabi/lib/armv6k/fpu\libstdc++.a(si_class_type_info.o)
                0x0010f864                __cxxabiv1::__si_class_type_info::__do_find_public_src(int, void const*, __cxxabiv1::__class_type_info const*, void const*) const
 .text._ZNK10__cxxabiv120__si_class_type_info11__do_upcastEPKNS_17__class_type_infoEPKvRNS1_15__upcast_resultE
                0x0010f8ec       0x44 C:/devkitPro/devkitARM/bin/../lib/gcc/arm-none-eabi/13.2.0/../../../../arm-none-eabi/lib/armv6k/fpu\libstdc++.a(si_class_type_info.o)
                0x0010f8ec                __cxxabiv1::__si_class_type_info::__do_upcast(__cxxabiv1::__class_type_info const*, void const*, __cxxabiv1::__class_type_info::__upcast_result&) const
 .text._ZNSt9type_infoD2Ev
                0x0010f930        0x4 C:/devkitPro/devkitARM/bin/../lib/gcc/arm-none-eabi/13.2.0/../../../../arm-none-eabi/lib/armv6k/fpu\libstdc++.a(tinfo.o)
                0x0010f930                std::type_info::~type_info()
                0x0010f930                std::type_info::~type_info()
 .text._ZNKSt9type_info14__is_pointer_pEv
                0x0010f934        0x8 C:/devkitPro/devkitARM/bin/../lib/gcc/arm-none-eabi/13.2.0/../../../../arm-none-eabi/lib/armv6k/fpu\libstdc++.a(tinfo.o)
                0x0010f934                std::type_info::__is_pointer_p() const
                0x0010f934                std::type_info::__is_function_p() const
 .text._ZNKSt11logic_error4whatEv
                0x0010f93c        0x8 C:/devkitPro/devkitARM/bin/../lib/gcc/arm-none-eabi/13.2.0/../../../../arm-none-eabi/lib/armv6k/fpu\libstdc++.a(stdexcept.o)
                0x0010f93c                std::logic_error::what() const
                0x0010f93c                std::runtime_error::what() const
 .text._ZNSt11logic_errorD2Ev
                0x0010f944       0x98 C:/devkitPro/devkitARM/bin/../lib/gcc/arm-none-eabi/13.2.0/../../../../arm-none-eabi/lib/armv6k/fpu\libstdc++.a(stdexcept.o)
                0x0010f944                std::logic_error::~logic_error()
                0x0010f944                std::logic_error::~logic_error()
 .text._ZNSt12length_errorD2Ev
                0x0010f9dc       0x98 C:/devkitPro/devkitARM/bin/../lib/gcc/arm-none-eabi/13.2.0/../../../../arm-none-eabi/lib/armv6k/fpu\libstdc++.a(stdexcept.o)
                0x0010f9dc                std::length_error::~length_error()
                0x0010f9dc                std::length_error::~length_error()
 .text._ZNSt12out_of_rangeD2Ev
                0x0010fa74       0x98 C:/devkitPro/devkitARM/bin/../lib/gcc/arm-none-eabi/13.2.0/../../../../arm-none-eabi/lib/armv6k/fpu\libstdc++.a(stdexcept.o)
                0x0010fa74                std::out_of_range::~out_of_range()
                0x0010fa74                std::out_of_range::~out_of_range()
 .text._ZNSt11logic_errorD0Ev
                0x0010fb0c       0xa0 C:/devkitPro/devkitARM/bin/../lib/gcc/arm-none-eabi/13.2.0/../../../../arm-none-eabi/lib/armv6k/fpu\libstdc++.a(stdexcept.o)
                0x0010fb0c                std::logic_error::~logic_error()
 .text._ZNSt12length_errorD0Ev
                0x0010fbac       0xa0 C:/devkitPro/devkitARM/bin/../lib/gcc/arm-none-eabi/13.2.0/../../../../arm-none-eabi/lib/armv6k/fpu\libstdc++.a(stdexcept.o)
                0x0010fbac                std::length_error::~length_error()
 .text._ZNSt12out_of_rangeD0Ev
                0x0010fc4c       0xa0 C:/devkitPro/devkitARM/bin/../lib/gcc/arm-none-eabi/13.2.0/../../../../arm-none-eabi/lib/armv6k/fpu\libstdc++.a(stdexcept.o)
                0x0010fc4c                std::out_of_range::~out_of_range()
 .text._ZNSt11logic_errorC2EPKc
                0x0010fcec       0xd4 C:/devkitPro/devkitARM/bin/../lib/gcc/arm-none-eabi/13.2.0/../../../../arm-none-eabi/lib/armv6k/fpu\libstdc++.a(cow-stdexcept.o)
                0x0010fcec                std::logic_error::logic_error(char const*)
                0x0010fcec                std::logic_error::logic_error(char const*)
 .text._ZNSt12length_errorC2EPKc
                0x0010fdc0       0x20 C:/devkitPro/devkitARM/bin/../lib/gcc/arm-none-eabi/13.2.0/../../../../arm-none-eabi/lib/armv6k/fpu\libstdc++.a(cow-stdexcept.o)
                0x0010fdc0                std::length_error::length_error(char const*)
                0x0010fdc0                std::length_error::length_error(char const*)
 .text._ZNSt12out_of_rangeC2EPKc
                0x0010fde0       0x20 C:/devkitPro/devkitARM/bin/../lib/gcc/arm-none-eabi/13.2.0/../../../../arm-none-eabi/lib/armv6k/fpu\libstdc++.a(cow-stdexcept.o)
                0x0010fde0                std::out_of_range::out_of_range(char const*)
                0x0010fde0                std::out_of_range::out_of_range(char const*)
 .text._ZNSs4_Rep9_S_createEjjRKSaIcE
                0x0010fe00       0x84 C:/devkitPro/devkitARM/bin/../lib/gcc/arm-none-eabi/13.2.0/../../../../arm-none-eabi/lib/armv6k/fpu\libstdc++.a(cow-string-inst.o)
                0x0010fe00                std::string::_Rep::_S_create(unsigned int, unsigned int, std::allocator<char> const&)
 .text._ZNSs4_Rep10_M_destroyERKSaIcE
                0x0010fe84        0x4 C:/devkitPro/devkitARM/bin/../lib/gcc/arm-none-eabi/13.2.0/../../../../arm-none-eabi/lib/armv6k/fpu\libstdc++.a(cow-string-inst.o)
                0x0010fe84                std::string::_Rep::_M_destroy(std::allocator<char> const&)
 .text._ZNK10__cxxabiv117__class_type_info11__do_upcastEPKS0_PPv
                0x0010fe88       0x5c C:/devkitPro/devkitARM/bin/../lib/gcc/arm-none-eabi/13.2.0/../../../../arm-none-eabi/lib/armv6k/fpu\libstdc++.a(class_type_info.o)
                0x0010fe88                __cxxabiv1::__class_type_info::__do_upcast(__cxxabiv1::__class_type_info const*, void**) const
 .text._ZNK10__cxxabiv117__class_type_info20__do_find_public_srcEiPKvPKS0_S2_
                0x0010fee4       0x14 C:/devkitPro/devkitARM/bin/../lib/gcc/arm-none-eabi/13.2.0/../../../../arm-none-eabi/lib/armv6k/fpu\libstdc++.a(class_type_info.o)
                0x0010fee4                __cxxabiv1::__class_type_info::__do_find_public_src(int, void const*, __cxxabiv1::__class_type_info const*, void const*) const
 .text._ZN10__cxxabiv117__class_type_infoD2Ev
                0x0010fef8       0x20 C:/devkitPro/devkitARM/bin/../lib/gcc/arm-none-eabi/13.2.0/../../../../arm-none-eabi/lib/armv6k/fpu\libstdc++.a(class_type_info.o)
                0x0010fef8                __cxxabiv1::__class_type_info::~__class_type_info()
                0x0010fef8                __cxxabiv1::__class_type_info::~__class_type_info()
 .text._ZN10__cxxabiv117__class_type_infoD0Ev
                0x0010ff18       0x2c C:/devkitPro/devkitARM/bin/../lib/gcc/arm-none-eabi/13.2.0/../../../../arm-none-eabi/lib/armv6k/fpu\libstdc++.a(class_type_info.o)
                0x0010ff18                __cxxabiv1::__class_type_info::~__class_type_info()
 .text._ZNK10__cxxabiv117__class_type_info11__do_upcastEPKS0_PKvRNS0_15__upcast_resultE
                0x0010ff44       0x64 C:/devkitPro/devkitARM/bin/../lib/gcc/arm-none-eabi/13.2.0/../../../../arm-none-eabi/lib/armv6k/fpu\libstdc++.a(class_type_info.o)
                0x0010ff44                __cxxabiv1::__class_type_info::__do_upcast(__cxxabiv1::__class_type_info const*, void const*, __cxxabiv1::__class_type_info::__upcast_result&) const
 .text._ZNK10__cxxabiv117__class_type_info10__do_catchEPKSt9type_infoPPvj
                0x0010ffa8       0x7c C:/devkitPro/devkitARM/bin/../lib/gcc/arm-none-eabi/13.2.0/../../../../arm-none-eabi/lib/armv6k/fpu\libstdc++.a(class_type_info.o)
                0x0010ffa8                __cxxabiv1::__class_type_info::__do_catch(std::type_info const*, void**, unsigned int) const
 .text._ZNK10__cxxabiv117__class_type_info12__do_dyncastEiNS0_10__sub_kindEPKS0_PKvS3_S5_RNS0_16__dyncast_resultE
                0x00110024       0xd4 C:/devkitPro/devkitARM/bin/../lib/gcc/arm-none-eabi/13.2.0/../../../../arm-none-eabi/lib/armv6k/fpu\libstdc++.a(class_type_info.o)
                0x00110024                __cxxabiv1::__class_type_info::__do_dyncast(int, __cxxabiv1::__class_type_info::__sub_kind, __cxxabiv1::__class_type_info const*, void const*, __cxxabiv1::__class_type_info const*, void const*, __cxxabiv1::__class_type_info::__dyncast_result&) const
 .text._ZN10__cxxabiv1L24__is_gxx_exception_classEPc
                0x001100f8       0x70 C:/devkitPro/devkitARM/bin/../lib/gcc/arm-none-eabi/13.2.0/../../../../arm-none-eabi/lib/armv6k/fpu\libstdc++.a(eh_call.o)
 .text.__cxa_call_terminate
                0x00110168       0x2c C:/devkitPro/devkitARM/bin/../lib/gcc/arm-none-eabi/13.2.0/../../../../arm-none-eabi/lib/armv6k/fpu\libstdc++.a(eh_call.o)
                0x00110168                __cxa_call_terminate
 .text.unlikely.__cxa_call_unexpected
                0x00110194      0x150 C:/devkitPro/devkitARM/bin/../lib/gcc/arm-none-eabi/13.2.0/../../../../arm-none-eabi/lib/armv6k/fpu\libstdc++.a(eh_call.o)
                0x00110194                __cxa_call_unexpected
 .text.__cxa_begin_catch
                0x001102e4       0xcc C:/devkitPro/devkitARM/bin/../lib/gcc/arm-none-eabi/13.2.0/../../../../arm-none-eabi/lib/armv6k/fpu\libstdc++.a(eh_catch.o)
                0x001102e4                __cxa_begin_catch
 .text.__cxa_end_catch
                0x001103b0       0xe0 C:/devkitPro/devkitARM/bin/../lib/gcc/arm-none-eabi/13.2.0/../../../../arm-none-eabi/lib/armv6k/fpu\libstdc++.a(eh_catch.o)
                0x001103b0                __cxa_end_catch
 .text.__udivmoddi4
                0x00110490      0x120 C:/devkitPro/devkitARM/bin/../lib/gcc/arm-none-eabi/13.2.0/armv6k/fpu\libgcc.a(_udivmoddi4.o)
                0x00110490                __udivmoddi4
 .text.selfrel_offset31
                0x001105b0       0x18 C:/devkitPro/devkitARM/bin/../lib/gcc/arm-none-eabi/13.2.0/armv6k/fpu\libgcc.a(unwind-arm.o)
 .text.search_EIT_table
                0x001105c8       0x90 C:/devkitPro/devkitARM/bin/../lib/gcc/arm-none-eabi/13.2.0/armv6k/fpu\libgcc.a(unwind-arm.o)
 .text.__gnu_unwind_get_pr_addr
                0x00110658       0x40 C:/devkitPro/devkitARM/bin/../lib/gcc/arm-none-eabi/13.2.0/armv6k/fpu\libgcc.a(unwind-arm.o)
 .text.get_eit_entry
                0x00110698      0x10c C:/devkitPro/devkitARM/bin/../lib/gcc/arm-none-eabi/13.2.0/armv6k/fpu\libgcc.a(unwind-arm.o)
 .text.restore_non_core_regs
                0x001107a4       0x88 C:/devkitPro/devkitARM/bin/../lib/gcc/arm-none-eabi/13.2.0/armv6k/fpu\libgcc.a(unwind-arm.o)
 .text._Unwind_decode_typeinfo_ptr.constprop.0
                0x0011082c       0x14 C:/devkitPro/devkitARM/bin/../lib/gcc/arm-none-eabi/13.2.0/armv6k/fpu\libgcc.a(unwind-arm.o)
 .text._Unwind_DebugHook
                0x00110840        0x4 C:/devkitPro/devkitARM/bin/../lib/gcc/arm-none-eabi/13.2.0/armv6k/fpu\libgcc.a(unwind-arm.o)
 .text.unwind_phase2
                0x00110844       0x64 C:/devkitPro/devkitARM/bin/../lib/gcc/arm-none-eabi/13.2.0/armv6k/fpu\libgcc.a(unwind-arm.o)
 .text.unwind_phase2_forced
                0x001108a8      0x140 C:/devkitPro/devkitARM/bin/../lib/gcc/arm-none-eabi/13.2.0/armv6k/fpu\libgcc.a(unwind-arm.o)
 .text.__gnu_Unwind_RaiseException
                0x001109e8       0xa4 C:/devkitPro/devkitARM/bin/../lib/gcc/arm-none-eabi/13.2.0/armv6k/fpu\libgcc.a(unwind-arm.o)
                0x001109e8                __gnu_Unwind_RaiseException
 .text.__gnu_Unwind_ForcedUnwind
                0x00110a8c       0x28 C:/devkitPro/devkitARM/bin/../lib/gcc/arm-none-eabi/13.2.0/armv6k/fpu\libgcc.a(unwind-arm.o)
                0x00110a8c                __gnu_Unwind_ForcedUnwind
 .text.__gnu_Unwind_Resume
                0x00110ab4       0x74 C:/devkitPro/devkitARM/bin/../lib/gcc/arm-none-eabi/13.2.0/armv6k/fpu\libgcc.a(unwind-arm.o)
                0x00110ab4                __gnu_Unwind_Resume
 .text.__gnu_Unwind_Resume_or_Rethrow
                0x00110b28       0x20 C:/devkitPro/devkitARM/bin/../lib/gcc/arm-none-eabi/13.2.0/armv6k/fpu\libgcc.a(unwind-arm.o)
                0x00110b28                __gnu_Unwind_Resume_or_Rethrow
 .text._Unwind_Complete
                0x00110b48        0x4 C:/devkitPro/devkitARM/bin/../lib/gcc/arm-none-eabi/13.2.0/armv6k/fpu\libgcc.a(unwind-arm.o)
                0x00110b48                _Unwind_Complete
 .text._Unwind_DeleteException
                0x00110b4c       0x18 C:/devkitPro/devkitARM/bin/../lib/gcc/arm-none-eabi/13.2.0/armv6k/fpu\libgcc.a(unwind-arm.o)
                0x00110b4c                _Unwind_DeleteException
 .text._Unwind_VRS_Get
                0x00110b64       0x6c C:/devkitPro/devkitARM/bin/../lib/gcc/arm-none-eabi/13.2.0/armv6k/fpu\libgcc.a(unwind-arm.o)
                0x00110b64                _Unwind_VRS_Get
 .text._Unwind_GetGR
                0x00110bd0       0x2c C:/devkitPro/devkitARM/bin/../lib/gcc/arm-none-eabi/13.2.0/armv6k/fpu\libgcc.a(unwind-arm.o)
 .text._Unwind_VRS_Set
                0x00110bfc       0x6c C:/devkitPro/devkitARM/bin/../lib/gcc/arm-none-eabi/13.2.0/armv6k/fpu\libgcc.a(unwind-arm.o)
                0x00110bfc                _Unwind_VRS_Set
 .text._Unwind_SetGR
                0x00110c68       0x2c C:/devkitPro/devkitARM/bin/../lib/gcc/arm-none-eabi/13.2.0/armv6k/fpu\libgcc.a(unwind-arm.o)
 .text.__gnu_Unwind_Backtrace
                0x00110c94       0xc0 C:/devkitPro/devkitARM/bin/../lib/gcc/arm-none-eabi/13.2.0/armv6k/fpu\libgcc.a(unwind-arm.o)
                0x00110c94                __gnu_Unwind_Backtrace
 .text.__gnu_unwind_pr_common
                0x00110d54      0x410 C:/devkitPro/devkitARM/bin/../lib/gcc/arm-none-eabi/13.2.0/armv6k/fpu\libgcc.a(unwind-arm.o)
 .text.__aeabi_unwind_cpp_pr0
                0x00111164        0x8 C:/devkitPro/devkitARM/bin/../lib/gcc/arm-none-eabi/13.2.0/armv6k/fpu\libgcc.a(unwind-arm.o)
                0x00111164                __aeabi_unwind_cpp_pr0
 .text.__aeabi_unwind_cpp_pr1
                0x0011116c        0x8 C:/devkitPro/devkitARM/bin/../lib/gcc/arm-none-eabi/13.2.0/armv6k/fpu\libgcc.a(unwind-arm.o)
                0x0011116c                __aeabi_unwind_cpp_pr1
 .text.__aeabi_unwind_cpp_pr2
                0x00111174        0x8 C:/devkitPro/devkitARM/bin/../lib/gcc/arm-none-eabi/13.2.0/armv6k/fpu\libgcc.a(unwind-arm.o)
                0x00111174                __aeabi_unwind_cpp_pr2
 .text._Unwind_VRS_Pop
                0x0011117c      0x424 C:/devkitPro/devkitARM/bin/../lib/gcc/arm-none-eabi/13.2.0/armv6k/fpu\libgcc.a(unwind-arm.o)
                0x0011117c                _Unwind_VRS_Pop
 .text.next_unwind_byte
                0x001115a0       0x64 C:/devkitPro/devkitARM/bin/../lib/gcc/arm-none-eabi/13.2.0/armv6k/fpu\libgcc.a(pr-support.o)
 .text._Unwind_GetGR.constprop.0
                0x00111604       0x2c C:/devkitPro/devkitARM/bin/../lib/gcc/arm-none-eabi/13.2.0/armv6k/fpu\libgcc.a(pr-support.o)
 .text.unwind_UCB_from_context
                0x00111630        0x4 C:/devkitPro/devkitARM/bin/../lib/gcc/arm-none-eabi/13.2.0/armv6k/fpu\libgcc.a(pr-support.o)
 .text.__gnu_unwind_execute
                0x00111634      0x464 C:/devkitPro/devkitARM/bin/../lib/gcc/arm-none-eabi/13.2.0/armv6k/fpu\libgcc.a(pr-support.o)
                0x00111634                __gnu_unwind_execute
 .text.__gnu_unwind_frame
                0x00111a98       0x48 C:/devkitPro/devkitARM/bin/../lib/gcc/arm-none-eabi/13.2.0/armv6k/fpu\libgcc.a(pr-support.o)
                0x00111a98                __gnu_unwind_frame
 .text._Unwind_GetRegionStart
                0x00111ae0       0x10 C:/devkitPro/devkitARM/bin/../lib/gcc/arm-none-eabi/13.2.0/armv6k/fpu\libgcc.a(pr-support.o)
                0x00111ae0                _Unwind_GetRegionStart
 .text._Unwind_GetLanguageSpecificData
                0x00111af0       0x1c C:/devkitPro/devkitARM/bin/../lib/gcc/arm-none-eabi/13.2.0/armv6k/fpu\libgcc.a(pr-support.o)
                0x00111af0                _Unwind_GetLanguageSpecificData
 .text.unlikely._Unwind_GetDataRelBase
                0x00111b0c        0x8 C:/devkitPro/devkitARM/bin/../lib/gcc/arm-none-eabi/13.2.0/armv6k/fpu\libgcc.a(pr-support.o)
                0x00111b0c                _Unwind_GetDataRelBase
 .text.unlikely._Unwind_GetTextRelBase
                0x00111b14        0x8 C:/devkitPro/devkitARM/bin/../lib/gcc/arm-none-eabi/13.2.0/armv6k/fpu\libgcc.a(pr-support.o)
                0x00111b14                _Unwind_GetTextRelBase
 .text.printf   0x00111b1c       0x34 C:/devkitPro/devkitARM/bin/../lib/gcc/arm-none-eabi/13.2.0/../../../../arm-none-eabi/lib/armv6k/fpu\libg.a(libc_a-printf.o)
                0x00111b1c                printf
 .text.memalign
                0x00111b50       0x20 C:/devkitPro/devkitARM/bin/../lib/gcc/arm-none-eabi/13.2.0/../../../../arm-none-eabi/lib/armv6k/fpu\libg.a(libc_a-malign.o)
                0x00111b50                memalign
 .text._memalign_r
                0x00111b70      0x14c C:/devkitPro/devkitARM/bin/../lib/gcc/arm-none-eabi/13.2.0/../../../../arm-none-eabi/lib/armv6k/fpu\libg.a(libc_a-malignr.o)
                0x00111b70                _memalign_r
 .text.sprintf  0x00111cbc       0x64 C:/devkitPro/devkitARM/bin/../lib/gcc/arm-none-eabi/13.2.0/../../../../arm-none-eabi/lib/armv6k/fpu\libg.a(libc_a-sprintf.o)
                0x00111cbc                sprintf
 .text._puts_r  0x00111d20       0xe0 C:/devkitPro/devkitARM/bin/../lib/gcc/arm-none-eabi/13.2.0/../../../../arm-none-eabi/lib/armv6k/fpu\libg.a(libc_a-puts.o)
                0x00111d20                _puts_r
 .text.puts     0x00111e00       0x18 C:/devkitPro/devkitARM/bin/../lib/gcc/arm-none-eabi/13.2.0/../../../../arm-none-eabi/lib/armv6k/fpu\libg.a(libc_a-puts.o)
                0x00111e00                puts
 .text.bsearch  0x00111e18       0x78 C:/devkitPro/devkitARM/bin/../lib/gcc/arm-none-eabi/13.2.0/../../../../arm-none-eabi/lib/armv6k/fpu\libg.a(libc_a-bsearch.o)
                0x00111e18                bsearch
 .text.atoi     0x00111e90        0xc C:/devkitPro/devkitARM/bin/../lib/gcc/arm-none-eabi/13.2.0/../../../../arm-none-eabi/lib/armv6k/fpu\libg.a(libc_a-atoi.o)
                0x00111e90                atoi
 .text.abort    0x00111e9c       0x14 C:/devkitPro/devkitARM/bin/../lib/gcc/arm-none-eabi/13.2.0/../../../../arm-none-eabi/lib/armv6k/fpu\libg.a(libc_a-abort.o)
                0x00111e9c                abort
 .text.atol     0x00111eb0        0xc C:/devkitPro/devkitARM/bin/../lib/gcc/arm-none-eabi/13.2.0/../../../../arm-none-eabi/lib/armv6k/fpu\libg.a(libc_a-atol.o)
                0x00111eb0                atol
 .text.calloc   0x00111ebc       0x20 C:/devkitPro/devkitARM/bin/../lib/gcc/arm-none-eabi/13.2.0/../../../../arm-none-eabi/lib/armv6k/fpu\libg.a(libc_a-calloc.o)
                0x00111ebc                calloc
 .text._calloc_r
                0x00111edc       0xc0 C:/devkitPro/devkitARM/bin/../lib/gcc/arm-none-eabi/13.2.0/../../../../arm-none-eabi/lib/armv6k/fpu\libg.a(libc_a-callocr.o)
                0x00111edc                _calloc_r
 .text.__assert_func
                0x00111f9c       0x5c C:/devkitPro/devkitARM/bin/../lib/gcc/arm-none-eabi/13.2.0/../../../../arm-none-eabi/lib/armv6k/fpu\libg.a(libc_a-assert.o)
                0x00111f9c                __assert_func
 .text.setvbuf  0x00111ff8      0x25c C:/devkitPro/devkitARM/bin/../lib/gcc/arm-none-eabi/13.2.0/../../../../arm-none-eabi/lib/armv6k/fpu\libg.a(libc_a-setvbuf.o)
                0x00111ff8                setvbuf
 .text.fiprintf
                0x00112254       0x3c C:/devkitPro/devkitARM/bin/../lib/gcc/arm-none-eabi/13.2.0/../../../../arm-none-eabi/lib/armv6k/fpu\libg.a(libc_a-fiprintf.o)
                0x00112254                fiprintf
 .text.__call_exitprocs
                0x00112290        0x4 C:/devkitPro/devkitARM/bin/../lib/gcc/arm-none-eabi/13.2.0/../../../../arm-none-eabi/lib/armv6k/fpu\libg.a(libc_a-exit.o)
                0x00112290                __call_exitprocs
 .text.exit     0x00112294       0x30 C:/devkitPro/devkitARM/bin/../lib/gcc/arm-none-eabi/13.2.0/../../../../arm-none-eabi/lib/armv6k/fpu\libg.a(libc_a-exit.o)
                0x00112294                exit
 .text._malloc_trim_r
                0x001122c4       0xf8 C:/devkitPro/devkitARM/bin/../lib/gcc/arm-none-eabi/13.2.0/../../../../arm-none-eabi/lib/armv6k/fpu\libg.a(libc_a-freer.o)
                0x001122c4                _malloc_trim_r
 .text._free_r  0x001123bc      0x2e8 C:/devkitPro/devkitARM/bin/../lib/gcc/arm-none-eabi/13.2.0/../../../../arm-none-eabi/lib/armv6k/fpu\libg.a(libc_a-freer.o)
                0x001123bc                _free_r
 .text.strchr   0x001126a4      0x130 C:/devkitPro/devkitARM/bin/../lib/gcc/arm-none-eabi/13.2.0/../../../../arm-none-eabi/lib/armv6k/fpu\libg.a(libc_a-strchr.o)
                0x001126a4                strchr
 .text.memcmp   0x001127d4       0xd8 C:/devkitPro/devkitARM/bin/../lib/gcc/arm-none-eabi/13.2.0/../../../../arm-none-eabi/lib/armv6k/fpu\libg.a(libc_a-memcmp.o)
                0x001127d4                memcmp
 .text._fclose_r
                0x001128ac      0x148 C:/devkitPro/devkitARM/bin/../lib/gcc/arm-none-eabi/13.2.0/../../../../arm-none-eabi/lib/armv6k/fpu\libg.a(libc_a-fclose.o)
                0x001128ac                _fclose_r
 .text.fclose   0x001129f4       0x18 C:/devkitPro/devkitARM/bin/../lib/gcc/arm-none-eabi/13.2.0/../../../../arm-none-eabi/lib/armv6k/fpu\libg.a(libc_a-fclose.o)
                0x001129f4                fclose
 .text.get_arg  0x00112a0c      0x64c C:/devkitPro/devkitARM/bin/../lib/gcc/arm-none-eabi/13.2.0/../../../../arm-none-eabi/lib/armv6k/fpu\libg.a(libc_a-svfprintf.o)
 .text._svfprintf_r
                0x00113058     0x3324 C:/devkitPro/devkitARM/bin/../lib/gcc/arm-none-eabi/13.2.0/../../../../arm-none-eabi/lib/armv6k/fpu\libg.a(libc_a-svfprintf.o)
                0x00113058                _svfprintf_r
 .text.malloc   0x0011637c       0x18 C:/devkitPro/devkitARM/bin/../lib/gcc/arm-none-eabi/13.2.0/../../../../arm-none-eabi/lib/armv6k/fpu\libg.a(libc_a-malloc.o)
                0x0011637c                malloc
 .text.free     0x00116394       0x18 C:/devkitPro/devkitARM/bin/../lib/gcc/arm-none-eabi/13.2.0/../../../../arm-none-eabi/lib/armv6k/fpu\libg.a(libc_a-malloc.o)
                0x00116394                free
 .text._malloc_r
                0x001163ac      0x79c C:/devkitPro/devkitARM/bin/../lib/gcc/arm-none-eabi/13.2.0/../../../../arm-none-eabi/lib/armv6k/fpu\libg.a(libc_a-mallocr.o)
                0x001163ac                _malloc_r
 .text.getenv   0x00116b48       0x24 C:/devkitPro/devkitARM/bin/../lib/gcc/arm-none-eabi/13.2.0/../../../../arm-none-eabi/lib/armv6k/fpu\libg.a(libc_a-getenv.o)
                0x00116b48                getenv
 .text.memmove  0x00116b6c      0x150 C:/devkitPro/devkitARM/bin/../lib/gcc/arm-none-eabi/13.2.0/../../../../arm-none-eabi/lib/armv6k/fpu\libg.a(libc_a-memmove.o)
                0x00116b6c                memmove
 .text._findenv_r
                0x00116cbc       0xc8 C:/devkitPro/devkitARM/bin/../lib/gcc/arm-none-eabi/13.2.0/../../../../arm-none-eabi/lib/armv6k/fpu\libg.a(libc_a-getenv_r.o)
                0x00116cbc                _findenv_r
 .text.memset   0x00116d84       0xf4 C:/devkitPro/devkitARM/bin/../lib/gcc/arm-none-eabi/13.2.0/../../../../arm-none-eabi/lib/armv6k/fpu\libg.a(libc_a-memset.o)
                0x00116d84                memset
 .text.__malloc_lock
                0x00116e78        0xc C:/devkitPro/devkitARM/bin/../lib/gcc/arm-none-eabi/13.2.0/../../../../arm-none-eabi/lib/armv6k/fpu\libg.a(libc_a-mlock.o)
                0x00116e78                __malloc_lock
 .text.__malloc_unlock
                0x00116e84        0xc C:/devkitPro/devkitARM/bin/../lib/gcc/arm-none-eabi/13.2.0/../../../../arm-none-eabi/lib/armv6k/fpu\libg.a(libc_a-mlock.o)
                0x00116e84                __malloc_unlock
 .text.get_arg  0x00116e90      0x64c C:/devkitPro/devkitARM/bin/../lib/gcc/arm-none-eabi/13.2.0/../../../../arm-none-eabi/lib/armv6k/fpu\libg.a(libc_a-vfprintf.o)
 *fill*         0x001174dc        0x4 
 .text._vfprintf_r
                0x001174e0     0x3378 C:/devkitPro/devkitARM/bin/../lib/gcc/arm-none-eabi/13.2.0/../../../../arm-none-eabi/lib/armv6k/fpu\libg.a(libc_a-vfprintf.o)
                0x001174e0                _vfprintf_r
 .text.__sbprintf
                0x0011a858       0xb8 C:/devkitPro/devkitARM/bin/../lib/gcc/arm-none-eabi/13.2.0/../../../../arm-none-eabi/lib/armv6k/fpu\libg.a(libc_a-vfprintf.o)
 .text._raise_r
                0x0011a910       0x90 C:/devkitPro/devkitARM/bin/../lib/gcc/arm-none-eabi/13.2.0/../../../../arm-none-eabi/lib/armv6k/fpu\libg.a(libc_a-signal.o)
                0x0011a910                _raise_r
 .text.raise    0x0011a9a0       0x18 C:/devkitPro/devkitARM/bin/../lib/gcc/arm-none-eabi/13.2.0/../../../../arm-none-eabi/lib/armv6k/fpu\libg.a(libc_a-signal.o)
                0x0011a9a0                raise
 .text.strlen   0x0011a9b8       0x90 C:/devkitPro/devkitARM/bin/../lib/gcc/arm-none-eabi/13.2.0/../../../../arm-none-eabi/lib/armv6k/fpu\libg.a(libc_a-strlen.o)
                0x0011a9b8                strlen
 .text._fopen_r
                0x0011aa48      0x12c C:/devkitPro/devkitARM/bin/../lib/gcc/arm-none-eabi/13.2.0/../../../../arm-none-eabi/lib/armv6k/fpu\libg.a(libc_a-fopen.o)
                0x0011aa48                _fopen_r
 .text.fopen    0x0011ab74       0x20 C:/devkitPro/devkitARM/bin/../lib/gcc/arm-none-eabi/13.2.0/../../../../arm-none-eabi/lib/armv6k/fpu\libg.a(libc_a-fopen.o)
                0x0011ab74                fopen
 .text.__sflush_r
                0x0011ab94      0x22c C:/devkitPro/devkitARM/bin/../lib/gcc/arm-none-eabi/13.2.0/../../../../arm-none-eabi/lib/armv6k/fpu\libg.a(libc_a-fflush.o)
                0x0011ab94                __sflush_r
 .text._fflush_r
                0x0011adc0       0x94 C:/devkitPro/devkitARM/bin/../lib/gcc/arm-none-eabi/13.2.0/../../../../arm-none-eabi/lib/armv6k/fpu\libg.a(libc_a-fflush.o)
                0x0011adc0                _fflush_r
 .text.strdup   0x0011ae54       0x18 C:/devkitPro/devkitARM/bin/../lib/gcc/arm-none-eabi/13.2.0/../../../../arm-none-eabi/lib/armv6k/fpu\libg.a(libc_a-strdup.o)
                0x0011ae54                strdup
 .text.fprintf  0x0011ae6c       0x3c C:/devkitPro/devkitARM/bin/../lib/gcc/arm-none-eabi/13.2.0/../../../../arm-none-eabi/lib/armv6k/fpu\libg.a(libc_a-fprintf.o)
                0x0011ae6c                fprintf
 .text.fgetc    0x0011aea8       0xb4 C:/devkitPro/devkitARM/bin/../lib/gcc/arm-none-eabi/13.2.0/../../../../arm-none-eabi/lib/armv6k/fpu\libg.a(libc_a-fgetc.o)
                0x0011aea8                fgetc
 .text._strdup_r
                0x0011af5c       0x44 C:/devkitPro/devkitARM/bin/../lib/gcc/arm-none-eabi/13.2.0/../../../../arm-none-eabi/lib/armv6k/fpu\libg.a(libc_a-strdup_r.o)
                0x0011af5c                _strdup_r
 .text.fputc    0x0011afa0       0x94 C:/devkitPro/devkitARM/bin/../lib/gcc/arm-none-eabi/13.2.0/../../../../arm-none-eabi/lib/armv6k/fpu\libg.a(libc_a-fputc.o)
                0x0011afa0                fputc
 .text.strncat  0x0011b034       0xe4 C:/devkitPro/devkitARM/bin/../lib/gcc/arm-none-eabi/13.2.0/../../../../arm-none-eabi/lib/armv6k/fpu\libg.a(libc_a-strncat.o)
                0x0011b034                strncat
 .text.__sfvwrite_r
                0x0011b118      0x4b4 C:/devkitPro/devkitARM/bin/../lib/gcc/arm-none-eabi/13.2.0/../../../../arm-none-eabi/lib/armv6k/fpu\libg.a(libc_a-fvwrite.o)
                0x0011b118                __sfvwrite_r
 .text.strncmp  0x0011b5cc       0xe4 C:/devkitPro/devkitARM/bin/../lib/gcc/arm-none-eabi/13.2.0/../../../../arm-none-eabi/lib/armv6k/fpu\libg.a(libc_a-strncmp.o)
                0x0011b5cc                strncmp
 .text._fwalk_sglue
                0x0011b6b0       0x70 C:/devkitPro/devkitARM/bin/../lib/gcc/arm-none-eabi/13.2.0/../../../../arm-none-eabi/lib/armv6k/fpu\libg.a(libc_a-fwalk.o)
                0x0011b6b0                _fwalk_sglue
 .text._realloc_r
                0x0011b720      0x4a0 C:/devkitPro/devkitARM/bin/../lib/gcc/arm-none-eabi/13.2.0/../../../../arm-none-eabi/lib/armv6k/fpu\libg.a(libc_a-reallocr.o)
                0x0011b720                _realloc_r
 .text.strncpy  0x0011bbc0       0xc4 C:/devkitPro/devkitARM/bin/../lib/gcc/arm-none-eabi/13.2.0/../../../../arm-none-eabi/lib/armv6k/fpu\libg.a(libc_a-strncpy.o)
                0x0011bbc0                strncpy
 .text.stdio_exit_handler
                0x0011bc84       0x1c C:/devkitPro/devkitARM/bin/../lib/gcc/arm-none-eabi/13.2.0/../../../../arm-none-eabi/lib/armv6k/fpu\libg.a(libc_a-findfp.o)
 .text.cleanup_stdio
                0x0011bca0       0x5c C:/devkitPro/devkitARM/bin/../lib/gcc/arm-none-eabi/13.2.0/../../../../arm-none-eabi/lib/armv6k/fpu\libg.a(libc_a-findfp.o)
 .text.global_stdio_init.part.0
                0x0011bcfc      0x154 C:/devkitPro/devkitARM/bin/../lib/gcc/arm-none-eabi/13.2.0/../../../../arm-none-eabi/lib/armv6k/fpu\libg.a(libc_a-findfp.o)
 .text.__sfp    0x0011be50      0x134 C:/devkitPro/devkitARM/bin/../lib/gcc/arm-none-eabi/13.2.0/../../../../arm-none-eabi/lib/armv6k/fpu\libg.a(libc_a-findfp.o)
                0x0011be50                __sfp